Archive member included to satisfy reference by file (symbol)

C:/CLionToolchains/gcc-arm-none-eabi-10.3-2021.10/bin/../lib/gcc/arm-none-eabi/13.3.1/thumb/v7e-m+fp/hard\libgcc.a(_arm_muldf3.o)
                              CMakeFiles/motor_mit_control.elf.dir/codemf/Src/motor_control.c.obj (__aeabi_dmul)
C:/CLionToolchains/gcc-arm-none-eabi-10.3-2021.10/bin/../lib/gcc/arm-none-eabi/13.3.1/thumb/v7e-m+fp/hard\libgcc.a(_arm_addsubdf3.o)
                              CMakeFiles/motor_mit_control.elf.dir/codemf/Src/motor_control.c.obj (__aeabi_dsub)
C:/CLionToolchains/gcc-arm-none-eabi-10.3-2021.10/bin/../lib/gcc/arm-none-eabi/13.3.1/thumb/v7e-m+fp/hard\libgcc.a(_arm_truncdfsf2.o)
                              CMakeFiles/motor_mit_control.elf.dir/codemf/Src/motor_control.c.obj (__aeabi_d2f)
C:/CLionToolchains/gcc-arm-none-eabi-10.3-2021.10/bin/../lib/gcc/arm-none-eabi/13.3.1/thumb/v7e-m+fp/hard\libgcc.a(_aeabi_uldivmod.o)
                              CMakeFiles/motor_mit_control.elf.dir/Drivers/STM32F4xx_HAL_Driver/Src/stm32f4xx_hal_rcc.c.obj (__aeabi_uldivmod)
C:/CLionToolchains/gcc-arm-none-eabi-10.3-2021.10/bin/../lib/gcc/arm-none-eabi/13.3.1/thumb/v7e-m+fp/hard\libgcc.a(_udivmoddi4.o)
                              C:/CLionToolchains/gcc-arm-none-eabi-10.3-2021.10/bin/../lib/gcc/arm-none-eabi/13.3.1/thumb/v7e-m+fp/hard\libgcc.a(_aeabi_uldivmod.o) (__udivmoddi4)
C:/CLionToolchains/gcc-arm-none-eabi-10.3-2021.10/bin/../lib/gcc/arm-none-eabi/13.3.1/thumb/v7e-m+fp/hard\libgcc.a(_dvmd_tls.o)
                              C:/CLionToolchains/gcc-arm-none-eabi-10.3-2021.10/bin/../lib/gcc/arm-none-eabi/13.3.1/thumb/v7e-m+fp/hard\libgcc.a(_aeabi_uldivmod.o) (__aeabi_ldiv0)
C:/CLionToolchains/gcc-arm-none-eabi-10.3-2021.10/bin/../lib/gcc/arm-none-eabi/13.3.1/thumb/v7e-m+fp/hard\libg.a(libc_a-exit.o)
                              C:/CLionToolchains/gcc-arm-none-eabi-10.3-2021.10/bin/../lib/gcc/arm-none-eabi/13.3.1/thumb/v7e-m+fp/hard/crt0.o (exit)
C:/CLionToolchains/gcc-arm-none-eabi-10.3-2021.10/bin/../lib/gcc/arm-none-eabi/13.3.1/thumb/v7e-m+fp/hard\libg.a(libc_a-findfp.o)
                              CMakeFiles/motor_mit_control.elf.dir/Middlewares/Third_Party/FreeRTOS/Source/tasks.c.obj (__sf)
C:/CLionToolchains/gcc-arm-none-eabi-10.3-2021.10/bin/../lib/gcc/arm-none-eabi/13.3.1/thumb/v7e-m+fp/hard\libg.a(libc_a-fwalk.o)
                              C:/CLionToolchains/gcc-arm-none-eabi-10.3-2021.10/bin/../lib/gcc/arm-none-eabi/13.3.1/thumb/v7e-m+fp/hard\libg.a(libc_a-findfp.o) (_fwalk_sglue)
C:/CLionToolchains/gcc-arm-none-eabi-10.3-2021.10/bin/../lib/gcc/arm-none-eabi/13.3.1/thumb/v7e-m+fp/hard\libg.a(libc_a-stdio.o)
                              C:/CLionToolchains/gcc-arm-none-eabi-10.3-2021.10/bin/../lib/gcc/arm-none-eabi/13.3.1/thumb/v7e-m+fp/hard\libg.a(libc_a-findfp.o) (__sread)
C:/CLionToolchains/gcc-arm-none-eabi-10.3-2021.10/bin/../lib/gcc/arm-none-eabi/13.3.1/thumb/v7e-m+fp/hard\libg.a(libc_a-vsprintf.o)
                              CMakeFiles/motor_mit_control.elf.dir/codemf/Src/uart_printf.c.obj (vsprintf)
C:/CLionToolchains/gcc-arm-none-eabi-10.3-2021.10/bin/../lib/gcc/arm-none-eabi/13.3.1/thumb/v7e-m+fp/hard\libg.a(libc_a-memset.o)
                              C:/CLionToolchains/gcc-arm-none-eabi-10.3-2021.10/bin/../lib/gcc/arm-none-eabi/13.3.1/thumb/v7e-m+fp/hard/crt0.o (memset)
C:/CLionToolchains/gcc-arm-none-eabi-10.3-2021.10/bin/../lib/gcc/arm-none-eabi/13.3.1/thumb/v7e-m+fp/hard\libg.a(libc_a-closer.o)
                              C:/CLionToolchains/gcc-arm-none-eabi-10.3-2021.10/bin/../lib/gcc/arm-none-eabi/13.3.1/thumb/v7e-m+fp/hard\libg.a(libc_a-stdio.o) (_close_r)
C:/CLionToolchains/gcc-arm-none-eabi-10.3-2021.10/bin/../lib/gcc/arm-none-eabi/13.3.1/thumb/v7e-m+fp/hard\libg.a(libc_a-reent.o)
                              CMakeFiles/motor_mit_control.elf.dir/Middlewares/Third_Party/FreeRTOS/Source/tasks.c.obj (_reclaim_reent)
C:/CLionToolchains/gcc-arm-none-eabi-10.3-2021.10/bin/../lib/gcc/arm-none-eabi/13.3.1/thumb/v7e-m+fp/hard\libg.a(libc_a-impure.o)
                              CMakeFiles/motor_mit_control.elf.dir/Middlewares/Third_Party/FreeRTOS/Source/tasks.c.obj (_impure_ptr)
C:/CLionToolchains/gcc-arm-none-eabi-10.3-2021.10/bin/../lib/gcc/arm-none-eabi/13.3.1/thumb/v7e-m+fp/hard\libg.a(libc_a-lseekr.o)
                              C:/CLionToolchains/gcc-arm-none-eabi-10.3-2021.10/bin/../lib/gcc/arm-none-eabi/13.3.1/thumb/v7e-m+fp/hard\libg.a(libc_a-stdio.o) (_lseek_r)
C:/CLionToolchains/gcc-arm-none-eabi-10.3-2021.10/bin/../lib/gcc/arm-none-eabi/13.3.1/thumb/v7e-m+fp/hard\libg.a(libc_a-readr.o)
                              C:/CLionToolchains/gcc-arm-none-eabi-10.3-2021.10/bin/../lib/gcc/arm-none-eabi/13.3.1/thumb/v7e-m+fp/hard\libg.a(libc_a-stdio.o) (_read_r)
C:/CLionToolchains/gcc-arm-none-eabi-10.3-2021.10/bin/../lib/gcc/arm-none-eabi/13.3.1/thumb/v7e-m+fp/hard\libg.a(libc_a-writer.o)
[...]
Memory Configuration

Name             Origin             Length             Attributes
CCMRAM           0x10000000         0x00010000         xrw
RAM              0x20000000         0x00020000         xrw
FLASH            0x08000000         0x00100000         xr
*default*        0x00000000         0xffffffff

Linker script and memory map

LOAD C:/CLionToolchains/gcc-arm-none-eabi-10.3-2021.10/bin/../lib/gcc/arm-none-eabi/13.3.1/thumb/v7e-m+fp/hard/crti.o
LOAD C:/CLionToolchains/gcc-arm-none-eabi-10.3-2021.10/bin/../lib/gcc/arm-none-eabi/13.3.1/thumb/v7e-m+fp/hard/crtbegin.o
LOAD C:/CLionToolchains/gcc-arm-none-eabi-10.3-2021.10/bin/../lib/gcc/arm-none-eabi/13.3.1/thumb/v7e-m+fp/hard/crt0.o
LOAD CMakeFiles/motor_mit_control.elf.dir/Core/Src/can.c.obj
LOAD CMakeFiles/motor_mit_control.elf.dir/Core/Src/dma.c.obj
LOAD CMakeFiles/motor_mit_control.elf.dir/Core/Src/freertos.c.obj
LOAD CMakeFiles/motor_mit_control.elf.dir/Core/Src/gpio.c.obj
LOAD CMakeFiles/motor_mit_control.elf.dir/Core/Src/main.c.obj
LOAD CMakeFiles/motor_mit_control.elf.dir/Core/Src/stm32f4xx_hal_msp.c.obj
LOAD CMakeFiles/motor_mit_control.elf.dir/Core/Src/stm32f4xx_hal_timebase_tim.c.obj
LOAD CMakeFiles/motor_mit_control.elf.dir/Core/Src/stm32f4xx_it.c.obj
LOAD CMakeFiles/motor_mit_control.elf.dir/Core/Src/syscalls.c.obj
LOAD CMakeFiles/motor_mit_control.elf.dir/Core/Src/sysmem.c.obj
LOAD CMakeFiles/motor_mit_control.elf.dir/Core/Src/system_stm32f4xx.c.obj
LOAD CMakeFiles/motor_mit_control.elf.dir/Core/Src/usart.c.obj
LOAD CMakeFiles/motor_mit_control.elf.dir/Core/Startup/startup_stm32f407ighx.s.obj
LOAD CMakeFiles/motor_mit_control.elf.dir/Drivers/STM32F4xx_HAL_Driver/Src/stm32f4xx_hal.c.obj
LOAD CMakeFiles/motor_mit_control.elf.dir/Drivers/STM32F4xx_HAL_Driver/Src/stm32f4xx_hal_can.c.obj
LOAD CMakeFiles/motor_mit_control.elf.dir/Drivers/STM32F4xx_HAL_Driver/Src/stm32f4xx_hal_cortex.c.obj
LOAD CMakeFiles/motor_mit_control.elf.dir/Drivers/STM32F4xx_HAL_Driver/Src/stm32f4xx_hal_dma.c.obj
LOAD CMakeFiles/motor_mit_control.elf.dir/Drivers/STM32F4xx_HAL_Driver/Src/stm32f4xx_hal_dma_ex.c.obj
LOAD CMakeFiles/motor_mit_control.elf.dir/Drivers/STM32F4xx_HAL_Driver/Src/stm32f4xx_hal_exti.c.obj
LOAD CMakeFiles/motor_mit_control.elf.dir/Drivers/STM32F4xx_HAL_Driver/Src/stm32f4xx_hal_flash.c.obj
LOAD CMakeFiles/motor_mit_control.elf.dir/Drivers/STM32F4xx_HAL_Driver/Src/stm32f4xx_hal_flash_ex.c.obj
LOAD CMakeFiles/motor_mit_control.elf.dir/Drivers/STM32F4xx_HAL_Driver/Src/stm32f4xx_hal_flash_ramfunc.c.obj
LOAD CMakeFiles/motor_mit_control.elf.dir/Drivers/STM32F4xx_HAL_Driver/Src/stm32f4xx_hal_gpio.c.obj
LOAD CMakeFiles/motor_mit_control.elf.dir/Drivers/STM32F4xx_HAL_Driver/Src/stm32f4xx_hal_pwr.c.obj
LOAD CMakeFiles/motor_mit_control.elf.dir/Drivers/STM32F4xx_HAL_Driver/Src/stm32f4xx_hal_pwr_ex.c.obj
LOAD CMakeFiles/motor_mit_control.elf.dir/Drivers/STM32F4xx_HAL_Driver/Src/stm32f4xx_hal_rcc.c.obj
LOAD CMakeFiles/motor_mit_control.elf.dir/Drivers/STM32F4xx_HAL_Driver/Src/stm32f4xx_hal_rcc_ex.c.obj
LOAD CMakeFiles/motor_mit_control.elf.dir/Drivers/STM32F4xx_HAL_Driver/Src/stm32f4xx_hal_tim.c.obj
LOAD CMakeFiles/motor_mit_control.elf.dir/Drivers/STM32F4xx_HAL_Driver/Src/stm32f4xx_hal_tim_ex.c.obj
LOAD CMakeFiles/motor_mit_control.elf.dir/Drivers/STM32F4xx_HAL_Driver/Src/stm32f4xx_hal_uart.c.obj
LOAD CMakeFiles/motor_mit_control.elf.dir/Middlewares/Third_Party/FreeRTOS/Source/CMSIS_RTOS/cmsis_os.c.obj
LOAD CMakeFiles/motor_mit_control.elf.dir/Middlewares/Third_Party/FreeRTOS/Source/croutine.c.obj
LOAD CMakeFiles/motor_mit_control.elf.dir/Middlewares/Third_Party/FreeRTOS/Source/event_groups.c.obj
LOAD CMakeFiles/motor_mit_control.elf.dir/Middlewares/Third_Party/FreeRTOS/Source/list.c.obj
LOAD CMakeFiles/motor_mit_control.elf.dir/Middlewares/Third_Party/FreeRTOS/Source/portable/GCC/ARM_CM4F/port.c.obj
LOAD CMakeFiles/motor_mit_control.elf.dir/Middlewares/Third_Party/FreeRTOS/Source/portable/MemMang/heap_4.c.obj
LOAD CMakeFiles/motor_mit_control.elf.dir/Middlewares/Third_Party/FreeRTOS/Source/queue.c.obj
LOAD CMakeFiles/motor_mit_control.elf.dir/Middlewares/Third_Party/FreeRTOS/Source/stream_buffer.c.obj
LOAD CMakeFiles/motor_mit_control.elf.dir/Middlewares/Third_Party/FreeRTOS/Source/tasks.c.obj
LOAD CMakeFiles/motor_mit_control.elf.dir/Middlewares/Third_Party/FreeRTOS/Source/timers.c.obj
LOAD CMakeFiles/motor_mit_control.elf.dir/codemf/Src/CAN_receive.c.obj
LOAD CMakeFiles/motor_mit_control.elf.dir/codemf/Src/DEBUG_PRINT_TASK.c.obj
LOAD CMakeFiles/motor_mit_control.elf.dir/codemf/Src/LED_TASK.c.obj
LOAD CMakeFiles/motor_mit_control.elf.dir/codemf/Src/MOTOR_CONTROL_TASK.c.obj
LOAD CMakeFiles/motor_mit_control.elf.dir/codemf/Src/can_comm.c.obj
LOAD CMakeFiles/motor_mit_control.elf.dir/codemf/Src/motor_control.c.obj
LOAD CMakeFiles/motor_mit_control.elf.dir/codemf/Src/uart_printf.c.obj
START GROUP
LOAD C:/CLionToolchains/gcc-arm-none-eabi-10.3-2021.10/bin/../lib/gcc/arm-none-eabi/13.3.1/thumb/v7e-m+fp/hard\libgcc.a
LOAD C:/CLionToolchains/gcc-arm-none-eabi-10.3-2021.10/bin/../lib/gcc/arm-none-eabi/13.3.1/thumb/v7e-m+fp/hard\libg.a
LOAD C:/CLionToolchains/gcc-arm-none-eabi-10.3-2021.10/bin/../lib/gcc/arm-none-eabi/13.3.1/thumb/v7e-m+fp/hard\libc.a
END GROUP
LOAD C:/CLionToolchains/gcc-arm-none-eabi-10.3-2021.10/bin/../lib/gcc/arm-none-eabi/13.3.1/thumb/v7e-m+fp/hard/crtend.o
LOAD C:/CLionToolchains/gcc-arm-none-eabi-10.3-2021.10/bin/../lib/gcc/arm-none-eabi/13.3.1/thumb/v7e-m+fp/hard/crtn.o
                0x20020000                        _estack = (ORIGIN (RAM) + LENGTH (RAM))
                0x00000200                        _Min_Heap_Size = 0x200
                0x00000400                        _Min_Stack_Size = 0x400

.isr_vector     0x08000000      0x188
                0x08000000                        . = ALIGN (0x4)
 *(.isr_vector)
 .isr_vector    0x08000000      0x188 CMakeFiles/motor_mit_control.elf.dir/Core/Startup/startup_stm32f407ighx.s.obj
                0x08000000                g_pfnVectors
                0x08000188                        . = ALIGN (0x4)

.text           0x080001c0     0xa9a0
                0x080001c0                        . = ALIGN (0x4)
 *(.text)
 .text          0x080001c0      0x378 C:/CLionToolchains/gcc-arm-none-eabi-10.3-2021.10/bin/../lib/gcc/arm-none-eabi/13.3.1/thumb/v7e-m+fp/hard\libgcc.a(_arm_addsubdf3.o)
                0x080001c0                __aeabi_drsub
                0x080001c8                __aeabi_dsub
                0x080001c8                __subdf3
                0x080001cc                __aeabi_dadd
                0x080001cc                __adddf3
                0x08000444                __floatunsidf
                0x08000444                __aeabi_ui2d
                0x08000464                __floatsidf
                0x08000464                __aeabi_i2d
                0x08000488                __aeabi_f2d
                0x08000488                __extendsfdf2
                0x080004cc                __floatundidf
                0x080004cc                __aeabi_ul2d
                0x080004dc                __floatdidf
                0x080004dc                __aeabi_l2d
 .text          0x08000538       0x30 C:/CLionToolchains/gcc-arm-none-eabi-10.3-2021.10/bin/../lib/gcc/arm-none-eabi/13.3.1/thumb/v7e-m+fp/hard\libgcc.a(_aeabi_uldivmod.o)
                0x08000538                __aeabi_uldivmod
 .text          0x08000568        0x4 C:/CLionToolchains/gcc-arm-none-eabi-10.3-2021.10/bin/../lib/gcc/arm-none-eabi/13.3.1/thumb/v7e-m+fp/hard\libgcc.a(_dvmd_tls.o)
                0x08000568                __aeabi_idiv0
                0x08000568                __aeabi_ldiv0
 .text          0x0800056c      0x134 C:/CLionToolchains/gcc-arm-none-eabi-10.3-2021.10/bin/../lib/gcc/arm-none-eabi/13.3.1/thumb/v7e-m+fp/hard\libg.a(libc_a-memcpy.o)
                0x0800056c                memcpy
 .text          0x080006a0       0xa0 C:/CLionToolchains/gcc-arm-none-eabi-10.3-2021.10/bin/../lib/gcc/arm-none-eabi/13.3.1/thumb/v7e-m+fp/hard\libg.a(libc_a-memchr.o)
                0x080006a0                memchr
 .text          0x08000740       0xd8 C:/CLionToolchains/gcc-arm-none-eabi-10.3-2021.10/bin/../lib/gcc/arm-none-eabi/13.3.1/thumb/v7e-m+fp/hard\libg.a(libc_a-strlen.o)
                0x08000740                strlen
 .text          0x08000818      0x424 C:/CLionToolchains/gcc-arm-none-eabi-10.3-2021.10/bin/../lib/gcc/arm-none-eabi/13.3.1/thumb/v7e-m+fp/hard\libgcc.a(_arm_muldivdf3.o)
                0x08000818                __aeabi_dmul
                0x08000818                __muldf3
                0x08000a6c                __divdf3
                0x08000a6c                __aeabi_ddiv
 .text          0x08000c3c      0x110 C:/CLionToolchains/gcc-arm-none-eabi-10.3-2021.10/bin/../lib/gcc/arm-none-eabi/13.3.1/thumb/v7e-m+fp/hard\libgcc.a(_arm_cmpdf2.o)
                0x08000c3c                __gtdf2
                0x08000c3c                __gedf2
                0x08000c44                __ltdf2
                0x08000c44                __ledf2
                0x08000c4c                __nedf2
                0x08000c4c                __eqdf2
                0x08000c4c                __cmpdf2
                0x08000cc8                __aeabi_cdrcmple
                0x08000cd8                __aeabi_cdcmpeq
                0x08000cd8                __aeabi_cdcmple
                0x08000ce8                __aeabi_dcmpeq
                0x08000cfc                __aeabi_dcmplt
                0x08000d10                __aeabi_dcmple
                0x08000d24                __aeabi_dcmpge
                0x08000d38                __aeabi_dcmpgt
 .text          0x08000d4c       0x2c C:/CLionToolchains/gcc-arm-none-eabi-10.3-2021.10/bin/../lib/gcc/arm-none-eabi/13.3.1/thumb/v7e-m+fp/hard\libgcc.a(_arm_unorddf2.o)
                0x08000d4c                __unorddf2
                0x08000d4c                __aeabi_dcmpun
 .text          0x08000d78       0x50 C:/CLionToolchains/gcc-arm-none-eabi-10.3-2021.10/bin/../lib/gcc/arm-none-eabi/13.3.1/thumb/v7e-m+fp/hard\libgcc.a(_arm_fixdfsi.o)
                0x08000d78                __aeabi_d2iz
                0x08000d78                __fixdfsi
 *(.text*)
 .text.deregister_tm_clones
                0x08000dc8       0x1c C:/CLionToolchains/gcc-arm-none-eabi-10.3-2021.10/bin/../lib/gcc/arm-none-eabi/13.3.1/thumb/v7e-m+fp/hard/crtbegin.o
 .text.register_tm_clones
                0x08000de4       0x24 C:/CLionToolchains/gcc-arm-none-eabi-10.3-2021.10/bin/../lib/gcc/arm-none-eabi/13.3.1/thumb/v7e-m+fp/hard/crtbegin.o
 .text.__do_global_dtors_aux
                0x08000e08       0x28 C:/CLionToolchains/gcc-arm-none-eabi-10.3-2021.10/bin/../lib/gcc/arm-none-eabi/13.3.1/thumb/v7e-m+fp/hard/crtbegin.o
 .text.frame_dummy
                0x08000e30       0x24 C:/CLionToolchains/gcc-arm-none-eabi-10.3-2021.10/bin/../lib/gcc/arm-none-eabi/13.3.1/thumb/v7e-m+fp/hard/crtbegin.o
 .text.MX_CAN1_Init
                0x08000e54       0x40 CMakeFiles/motor_mit_control.elf.dir/Core/Src/can.c.obj
                0x08000e54                MX_CAN1_Init
 .text.MX_CAN2_Init
                0x08000e94       0x40 CMakeFiles/motor_mit_control.elf.dir/Core/Src/can.c.obj
                0x08000e94                MX_CAN2_Init
 .text.HAL_CAN_MspInit
                0x08000ed4      0x120 CMakeFiles/motor_mit_control.elf.dir/Core/Src/can.c.obj
                0x08000ed4                HAL_CAN_MspInit
 .text.MX_DMA_Init
                0x08000ff4       0x34 CMakeFiles/motor_mit_control.elf.dir/Core/Src/dma.c.obj
                0x08000ff4                MX_DMA_Init
 .text.StartDefaultTask
                0x08001028        0xa CMakeFiles/motor_mit_control.elf.dir/Core/Src/freertos.c.obj
                0x08001028                StartDefaultTask
 *fill*         0x08001032        0x2 
 .text.vApplicationGetIdleTaskMemory
                0x08001034       0x18 CMakeFiles/motor_mit_control.elf.dir/Core/Src/freertos.c.obj
                0x08001034                vApplicationGetIdleTaskMemory
 .text.MX_FREERTOS_Init
                0x0800104c       0xac CMakeFiles/motor_mit_control.elf.dir/Core/Src/freertos.c.obj
                0x0800104c                MX_FREERTOS_Init
 .text.MX_GPIO_Init
                0x080010f8       0x94 CMakeFiles/motor_mit_control.elf.dir/Core/Src/gpio.c.obj
                0x080010f8                MX_GPIO_Init
 .text.HAL_TIM_PeriodElapsedCallback
                0x0800118c       0x18 CMakeFiles/motor_mit_control.elf.dir/Core/Src/main.c.obj
                0x0800118c                HAL_TIM_PeriodElapsedCallback
 .text.Error_Handler
                0x080011a4        0x4 CMakeFiles/motor_mit_control.elf.dir/Core/Src/main.c.obj
                0x080011a4                Error_Handler
 .text.SystemClock_Config
                0x080011a8       0xa8 CMakeFiles/motor_mit_control.elf.dir/Core/Src/main.c.obj
                0x080011a8                SystemClock_Config
 .text.main     0x08001250       0x2c CMakeFiles/motor_mit_control.elf.dir/Core/Src/main.c.obj
                0x08001250                main
 .text.HAL_MspInit
                0x0800127c       0x44 CMakeFiles/motor_mit_control.elf.dir/Core/Src/stm32f4xx_hal_msp.c.obj
                0x0800127c                HAL_MspInit
 .text.HAL_InitTick
                0x080012c0       0xa4 CMakeFiles/motor_mit_control.elf.dir/Core/Src/stm32f4xx_hal_timebase_tim.c.obj
                0x080012c0                HAL_InitTick
 .text.NMI_Handler
                0x08001364        0x2 CMakeFiles/motor_mit_control.elf.dir/Core/Src/stm32f4xx_it.c.obj
                0x08001364                NMI_Handler
 .text.HardFault_Handler
                0x08001366        0x2 CMakeFiles/motor_mit_control.elf.dir/Core/Src/stm32f4xx_it.c.obj
                0x08001366                HardFault_Handler
 .text.MemManage_Handler
                0x08001368        0x2 CMakeFiles/motor_mit_control.elf.dir/Core/Src/stm32f4xx_it.c.obj
                0x08001368                MemManage_Handler
 .text.BusFault_Handler
                0x0800136a        0x2 CMakeFiles/motor_mit_control.elf.dir/Core/Src/stm32f4xx_it.c.obj
                0x0800136a                BusFault_Handler
 .text.UsageFault_Handler
                0x0800136c        0x2 CMakeFiles/motor_mit_control.elf.dir/Core/Src/stm32f4xx_it.c.obj
                0x0800136c                UsageFault_Handler
 .text.DebugMon_Handler
                0x0800136e        0x2 CMakeFiles/motor_mit_control.elf.dir/Core/Src/stm32f4xx_it.c.obj
                0x0800136e                DebugMon_Handler
 .text.CAN1_RX0_IRQHandler
                0x08001370       0x10 CMakeFiles/motor_mit_control.elf.dir/Core/Src/stm32f4xx_it.c.obj
                0x08001370                CAN1_RX0_IRQHandler
 .text.USART1_IRQHandler
                0x08001380       0x10 CMakeFiles/motor_mit_control.elf.dir/Core/Src/stm32f4xx_it.c.obj
                0x08001380                USART1_IRQHandler
 .text.TIM7_IRQHandler
                0x08001390       0x10 CMakeFiles/motor_mit_control.elf.dir/Core/Src/stm32f4xx_it.c.obj
                0x08001390                TIM7_IRQHandler
 .text.CAN2_RX0_IRQHandler
                0x080013a0       0x10 CMakeFiles/motor_mit_control.elf.dir/Core/Src/stm32f4xx_it.c.obj
                0x080013a0                CAN2_RX0_IRQHandler
 .text.DMA2_Stream7_IRQHandler
                0x080013b0       0x10 CMakeFiles/motor_mit_control.elf.dir/Core/Src/stm32f4xx_it.c.obj
                0x080013b0                DMA2_Stream7_IRQHandler
 .text._getpid  0x080013c0        0x4 CMakeFiles/motor_mit_control.elf.dir/Core/Src/syscalls.c.obj
                0x080013c0                _getpid
 .text._kill    0x080013c4       0x10 CMakeFiles/motor_mit_control.elf.dir/Core/Src/syscalls.c.obj
                0x080013c4                _kill
 .text._exit    0x080013d4        0xc CMakeFiles/motor_mit_control.elf.dir/Core/Src/syscalls.c.obj
                0x080013d4                _exit
 .text._read    0x080013e0       0x20 CMakeFiles/motor_mit_control.elf.dir/Core/Src/syscalls.c.obj
                0x080013e0                _read
 .text._write   0x08001400       0x1c CMakeFiles/motor_mit_control.elf.dir/Core/Src/syscalls.c.obj
                0x08001400                _write
 .text._close   0x0800141c        0x6 CMakeFiles/motor_mit_control.elf.dir/Core/Src/syscalls.c.obj
                0x0800141c                _close
 .text._fstat   0x08001422        0xa CMakeFiles/motor_mit_control.elf.dir/Core/Src/syscalls.c.obj
                0x08001422                _fstat
 .text._isatty  0x0800142c        0x4 CMakeFiles/motor_mit_control.elf.dir/Core/Src/syscalls.c.obj
                0x0800142c                _isatty
 .text._lseek   0x08001430        0x4 CMakeFiles/motor_mit_control.elf.dir/Core/Src/syscalls.c.obj
                0x08001430                _lseek
 .text._sbrk    0x08001434       0x48 CMakeFiles/motor_mit_control.elf.dir/Core/Src/sysmem.c.obj
                0x08001434                _sbrk
 .text.SystemInit
                0x0800147c       0x14 CMakeFiles/motor_mit_control.elf.dir/Core/Src/system_stm32f4xx.c.obj
                0x0800147c                SystemInit
 .text.MX_USART1_UART_Init
                0x08001490       0x34 CMakeFiles/motor_mit_control.elf.dir/Core/Src/usart.c.obj
                0x08001490                MX_USART1_UART_Init
 .text.HAL_UART_MspInit
                0x080014c4       0xf8 CMakeFiles/motor_mit_control.elf.dir/Core/Src/usart.c.obj
                0x080014c4                HAL_UART_MspInit
 .text.Reset_Handler
                0x080015bc       0x50 CMakeFiles/motor_mit_control.elf.dir/Core/Startup/startup_stm32f407ighx.s.obj
                0x080015bc                Reset_Handler
 .text.Default_Handler
                0x0800160c        0x2 CMakeFiles/motor_mit_control.elf.dir/Core/Startup/startup_stm32f407ighx.s.obj
                0x0800160c                RTC_Alarm_IRQHandler
                0x0800160c                HASH_RNG_IRQHandler
                0x0800160c                EXTI2_IRQHandler
                0x0800160c                TIM8_CC_IRQHandler
                0x0800160c                TIM1_CC_IRQHandler
                0x0800160c                DMA2_Stream5_IRQHandler
                0x0800160c                DMA1_Stream5_IRQHandler
                0x0800160c                PVD_IRQHandler
                0x0800160c                SDIO_IRQHandler
                0x0800160c                TAMP_STAMP_IRQHandler
                0x0800160c                CAN2_RX1_IRQHandler
                0x0800160c                EXTI3_IRQHandler
                0x0800160c                TIM8_TRG_COM_TIM14_IRQHandler
                0x0800160c                TIM1_UP_TIM10_IRQHandler
                0x0800160c                TIM8_UP_TIM13_IRQHandler
                0x0800160c                I2C3_ER_IRQHandler
                0x0800160c                EXTI0_IRQHandler
                0x0800160c                I2C2_EV_IRQHandler
                0x0800160c                DMA1_Stream2_IRQHandler
                0x0800160c                FPU_IRQHandler
                0x0800160c                OTG_HS_WKUP_IRQHandler
                0x0800160c                CAN2_SCE_IRQHandler
                0x0800160c                DMA2_Stream2_IRQHandler
                0x0800160c                SPI1_IRQHandler
                0x0800160c                TIM6_DAC_IRQHandler
                0x0800160c                TIM1_BRK_TIM9_IRQHandler
                0x0800160c                DCMI_IRQHandler
                0x0800160c                DMA2_Stream3_IRQHandler
                0x0800160c                USART6_IRQHandler
                0x0800160c                USART3_IRQHandler
                0x0800160c                CAN1_RX1_IRQHandler
                0x0800160c                UART5_IRQHandler
                0x0800160c                DMA2_Stream0_IRQHandler
                0x0800160c                TIM4_IRQHandler
                0x0800160c                I2C1_EV_IRQHandler
                0x0800160c                DMA1_Stream6_IRQHandler
                0x0800160c                DMA1_Stream1_IRQHandler
                0x0800160c                UART4_IRQHandler
                0x0800160c                TIM3_IRQHandler
                0x0800160c                RCC_IRQHandler
                0x0800160c                TIM8_BRK_TIM12_IRQHandler
                0x0800160c                Default_Handler
                0x0800160c                EXTI15_10_IRQHandler
                0x0800160c                ADC_IRQHandler
                0x0800160c                DMA1_Stream7_IRQHandler
                0x0800160c                CAN2_TX_IRQHandler
                0x0800160c                TIM5_IRQHandler
                0x0800160c                I2C3_EV_IRQHandler
                0x0800160c                EXTI9_5_IRQHandler
                0x0800160c                RTC_WKUP_IRQHandler
                0x0800160c                ETH_WKUP_IRQHandler
                0x0800160c                SPI2_IRQHandler
                0x0800160c                OTG_HS_EP1_IN_IRQHandler
                0x0800160c                DMA1_Stream0_IRQHandler
                0x0800160c                CAN1_TX_IRQHandler
                0x0800160c                EXTI4_IRQHandler
                0x0800160c                FSMC_IRQHandler
                0x0800160c                ETH_IRQHandler
                0x0800160c                OTG_HS_EP1_OUT_IRQHandler
                0x0800160c                WWDG_IRQHandler
                0x0800160c                TIM2_IRQHandler
                0x0800160c                OTG_FS_WKUP_IRQHandler
                0x0800160c                TIM1_TRG_COM_TIM11_IRQHandler
                0x0800160c                OTG_HS_IRQHandler
                0x0800160c                EXTI1_IRQHandler
                0x0800160c                USART2_IRQHandler
                0x0800160c                I2C2_ER_IRQHandler
                0x0800160c                DMA2_Stream1_IRQHandler
                0x0800160c                CAN1_SCE_IRQHandler
                0x0800160c                FLASH_IRQHandler
                0x0800160c                DMA2_Stream4_IRQHandler
                0x0800160c                OTG_FS_IRQHandler
                0x0800160c                SPI3_IRQHandler
                0x0800160c                DMA1_Stream4_IRQHandler
                0x0800160c                I2C1_ER_IRQHandler
                0x0800160c                DMA2_Stream6_IRQHandler
                0x0800160c                DMA1_Stream3_IRQHandler
 *fill*         0x0800160e        0x2 
 .text.HAL_Init
                0x08001610       0x34 CMakeFiles/motor_mit_control.elf.dir/Drivers/STM32F4xx_HAL_Driver/Src/stm32f4xx_hal.c.obj
                0x08001610                HAL_Init
 .text.HAL_IncTick
                0x08001644       0x18 CMakeFiles/motor_mit_control.elf.dir/Drivers/STM32F4xx_HAL_Driver/Src/stm32f4xx_hal.c.obj
                0x08001644                HAL_IncTick
 .text.HAL_GetTick
                0x0800165c        0xc CMakeFiles/motor_mit_control.elf.dir/Drivers/STM32F4xx_HAL_Driver/Src/stm32f4xx_hal.c.obj
                0x0800165c                HAL_GetTick
 .text.HAL_CAN_Init
                0x08001668      0x14c CMakeFiles/motor_mit_control.elf.dir/Drivers/STM32F4xx_HAL_Driver/Src/stm32f4xx_hal_can.c.obj
                0x08001668                HAL_CAN_Init
 .text.HAL_CAN_ConfigFilter
                0x080017b4      0x138 CMakeFiles/motor_mit_control.elf.dir/Drivers/STM32F4xx_HAL_Driver/Src/stm32f4xx_hal_can.c.obj
                0x080017b4                HAL_CAN_ConfigFilter
 .text.HAL_CAN_Start
                0x080018ec       0x5c CMakeFiles/motor_mit_control.elf.dir/Drivers/STM32F4xx_HAL_Driver/Src/stm32f4xx_hal_can.c.obj
                0x080018ec                HAL_CAN_Start
 .text.HAL_CAN_AddTxMessage
                0x08001948       0xea CMakeFiles/motor_mit_control.elf.dir/Drivers/STM32F4xx_HAL_Driver/Src/stm32f4xx_hal_can.c.obj
                0x08001948                HAL_CAN_AddTxMessage
 .text.HAL_CAN_GetRxMessage
                0x08001a32      0x16a CMakeFiles/motor_mit_control.elf.dir/Drivers/STM32F4xx_HAL_Driver/Src/stm32f4xx_hal_can.c.obj
                0x08001a32                HAL_CAN_GetRxMessage
 .text.HAL_CAN_ActivateNotification
                0x08001b9c       0x24 CMakeFiles/motor_mit_control.elf.dir/Drivers/STM32F4xx_HAL_Driver/Src/stm32f4xx_hal_can.c.obj
                0x08001b9c                HAL_CAN_ActivateNotification
 .text.HAL_CAN_TxMailbox0CompleteCallback
                0x08001bc0        0x2 CMakeFiles/motor_mit_control.elf.dir/Drivers/STM32F4xx_HAL_Driver/Src/stm32f4xx_hal_can.c.obj
                0x08001bc0                HAL_CAN_TxMailbox0CompleteCallback
 .text.HAL_CAN_TxMailbox1CompleteCallback
                0x08001bc2        0x2 CMakeFiles/motor_mit_control.elf.dir/Drivers/STM32F4xx_HAL_Driver/Src/stm32f4xx_hal_can.c.obj
                0x08001bc2                HAL_CAN_TxMailbox1CompleteCallback
 .text.HAL_CAN_TxMailbox2CompleteCallback
                0x08001bc4        0x2 CMakeFiles/motor_mit_control.elf.dir/Drivers/STM32F4xx_HAL_Driver/Src/stm32f4xx_hal_can.c.obj
                0x08001bc4                HAL_CAN_TxMailbox2CompleteCallback
 .text.HAL_CAN_TxMailbox0AbortCallback
                0x08001bc6        0x2 CMakeFiles/motor_mit_control.elf.dir/Drivers/STM32F4xx_HAL_Driver/Src/stm32f4xx_hal_can.c.obj
                0x08001bc6                HAL_CAN_TxMailbox0AbortCallback
 .text.HAL_CAN_TxMailbox1AbortCallback
                0x08001bc8        0x2 CMakeFiles/motor_mit_control.elf.dir/Drivers/STM32F4xx_HAL_Driver/Src/stm32f4xx_hal_can.c.obj
                0x08001bc8                HAL_CAN_TxMailbox1AbortCallback
 .text.HAL_CAN_TxMailbox2AbortCallback
                0x08001bca        0x2 CMakeFiles/motor_mit_control.elf.dir/Drivers/STM32F4xx_HAL_Driver/Src/stm32f4xx_hal_can.c.obj
                0x08001bca                HAL_CAN_TxMailbox2AbortCallback
 .text.HAL_CAN_RxFifo0FullCallback
                0x08001bcc        0x2 CMakeFiles/motor_mit_control.elf.dir/Drivers/STM32F4xx_HAL_Driver/Src/stm32f4xx_hal_can.c.obj
                0x08001bcc                HAL_CAN_RxFifo0FullCallback
 .text.HAL_CAN_RxFifo1MsgPendingCallback
                0x08001bce        0x2 CMakeFiles/motor_mit_control.elf.dir/Drivers/STM32F4xx_HAL_Driver/Src/stm32f4xx_hal_can.c.obj
                0x08001bce                HAL_CAN_RxFifo1MsgPendingCallback
 .text.HAL_CAN_RxFifo1FullCallback
                0x08001bd0        0x2 CMakeFiles/motor_mit_control.elf.dir/Drivers/STM32F4xx_HAL_Driver/Src/stm32f4xx_hal_can.c.obj
                0x08001bd0                HAL_CAN_RxFifo1FullCallback
 .text.HAL_CAN_SleepCallback
                0x08001bd2        0x2 CMakeFiles/motor_mit_control.elf.dir/Drivers/STM32F4xx_HAL_Driver/Src/stm32f4xx_hal_can.c.obj
                0x08001bd2                HAL_CAN_SleepCallback
 .text.HAL_CAN_WakeUpFromRxMsgCallback
                0x08001bd4        0x2 CMakeFiles/motor_mit_control.elf.dir/Drivers/STM32F4xx_HAL_Driver/Src/stm32f4xx_hal_can.c.obj
                0x08001bd4                HAL_CAN_WakeUpFromRxMsgCallback
 .text.HAL_CAN_ErrorCallback
                0x08001bd6        0x2 CMakeFiles/motor_mit_control.elf.dir/Drivers/STM32F4xx_HAL_Driver/Src/stm32f4xx_hal_can.c.obj
                0x08001bd6                HAL_CAN_ErrorCallback
 .text.HAL_CAN_IRQHandler
                0x08001bd8      0x250 CMakeFiles/motor_mit_control.elf.dir/Drivers/STM32F4xx_HAL_Driver/Src/stm32f4xx_hal_can.c.obj
                0x08001bd8                HAL_CAN_IRQHandler
 .text.__NVIC_EnableIRQ
                0x08001e28       0x1c CMakeFiles/motor_mit_control.elf.dir/Drivers/STM32F4xx_HAL_Driver/Src/stm32f4xx_hal_cortex.c.obj
 .text.__NVIC_SetPriority
                0x08001e44       0x28 CMakeFiles/motor_mit_control.elf.dir/Drivers/STM32F4xx_HAL_Driver/Src/stm32f4xx_hal_cortex.c.obj
 .text.NVIC_EncodePriority
                0x08001e6c       0x3e CMakeFiles/motor_mit_control.elf.dir/Drivers/STM32F4xx_HAL_Driver/Src/stm32f4xx_hal_cortex.c.obj
 *fill*         0x08001eaa        0x2 
 .text.HAL_NVIC_SetPriorityGrouping
                0x08001eac       0x24 CMakeFiles/motor_mit_control.elf.dir/Drivers/STM32F4xx_HAL_Driver/Src/stm32f4xx_hal_cortex.c.obj
                0x08001eac                HAL_NVIC_SetPriorityGrouping
 .text.HAL_NVIC_SetPriority
                0x08001ed0       0x20 CMakeFiles/motor_mit_control.elf.dir/Drivers/STM32F4xx_HAL_Driver/Src/stm32f4xx_hal_cortex.c.obj
                0x08001ed0                HAL_NVIC_SetPriority
 .text.HAL_NVIC_EnableIRQ
                0x08001ef0        0x8 CMakeFiles/motor_mit_control.elf.dir/Drivers/STM32F4xx_HAL_Driver/Src/stm32f4xx_hal_cortex.c.obj
                0x08001ef0                HAL_NVIC_EnableIRQ
 .text.DMA_CalcBaseAndBitshift
                0x08001ef8       0x3c CMakeFiles/motor_mit_control.elf.dir/Drivers/STM32F4xx_HAL_Driver/Src/stm32f4xx_hal_dma.c.obj
 .text.DMA_CheckFifoParam
                0x08001f34       0x8e CMakeFiles/motor_mit_control.elf.dir/Drivers/STM32F4xx_HAL_Driver/Src/stm32f4xx_hal_dma.c.obj
 *fill*         0x08001fc2        0x2 
 .text.HAL_DMA_Init
                0x08001fc4       0xcc CMakeFiles/motor_mit_control.elf.dir/Drivers/STM32F4xx_HAL_Driver/Src/stm32f4xx_hal_dma.c.obj
                0x08001fc4                HAL_DMA_Init
 .text.HAL_DMA_Abort
                0x08002090       0x94 CMakeFiles/motor_mit_control.elf.dir/Drivers/STM32F4xx_HAL_Driver/Src/stm32f4xx_hal_dma.c.obj
                0x08002090                HAL_DMA_Abort
 .text.HAL_DMA_Abort_IT
                0x08002124       0x26 CMakeFiles/motor_mit_control.elf.dir/Drivers/STM32F4xx_HAL_Driver/Src/stm32f4xx_hal_dma.c.obj
                0x08002124                HAL_DMA_Abort_IT
 *fill*         0x0800214a        0x2 
 .text.HAL_DMA_IRQHandler
                0x0800214c      0x1dc CMakeFiles/motor_mit_control.elf.dir/Drivers/STM32F4xx_HAL_Driver/Src/stm32f4xx_hal_dma.c.obj
                0x0800214c                HAL_DMA_IRQHandler
 .text.HAL_GPIO_Init
                0x08002328      0x1ec CMakeFiles/motor_mit_control.elf.dir/Drivers/STM32F4xx_HAL_Driver/Src/stm32f4xx_hal_gpio.c.obj
                0x08002328                HAL_GPIO_Init
 .text.HAL_GPIO_WritePin
                0x08002514        0xc CMakeFiles/motor_mit_control.elf.dir/Drivers/STM32F4xx_HAL_Driver/Src/stm32f4xx_hal_gpio.c.obj
                0x08002514                HAL_GPIO_WritePin
 .text.HAL_GPIO_TogglePin
                0x08002520       0x12 CMakeFiles/motor_mit_control.elf.dir/Drivers/STM32F4xx_HAL_Driver/Src/stm32f4xx_hal_gpio.c.obj
                0x08002520                HAL_GPIO_TogglePin
 *fill*         0x08002532        0x2 
 .text.HAL_RCC_OscConfig
                0x08002534      0x3f8 CMakeFiles/motor_mit_control.elf.dir/Drivers/STM32F4xx_HAL_Driver/Src/stm32f4xx_hal_rcc.c.obj
                0x08002534                HAL_RCC_OscConfig
 .text.HAL_RCC_GetSysClockFreq
                0x0800292c       0xa8 CMakeFiles/motor_mit_control.elf.dir/Drivers/STM32F4xx_HAL_Driver/Src/stm32f4xx_hal_rcc.c.obj
                0x0800292c                HAL_RCC_GetSysClockFreq
 .text.HAL_RCC_ClockConfig
                0x080029d4      0x160 CMakeFiles/motor_mit_control.elf.dir/Drivers/STM32F4xx_HAL_Driver/Src/stm32f4xx_hal_rcc.c.obj
                0x080029d4                HAL_RCC_ClockConfig
 .text.HAL_RCC_GetHCLKFreq
                0x08002b34        0xc CMakeFiles/motor_mit_control.elf.dir/Drivers/STM32F4xx_HAL_Driver/Src/stm32f4xx_hal_rcc.c.obj
                0x08002b34                HAL_RCC_GetHCLKFreq
 .text.HAL_RCC_GetPCLK1Freq
                0x08002b40       0x20 CMakeFiles/motor_mit_control.elf.dir/Drivers/STM32F4xx_HAL_Driver/Src/stm32f4xx_hal_rcc.c.obj
                0x08002b40                HAL_RCC_GetPCLK1Freq
 .text.HAL_RCC_GetPCLK2Freq
                0x08002b60       0x20 CMakeFiles/motor_mit_control.elf.dir/Drivers/STM32F4xx_HAL_Driver/Src/stm32f4xx_hal_rcc.c.obj
                0x08002b60                HAL_RCC_GetPCLK2Freq
 .text.HAL_RCC_GetClockConfig
                0x08002b80       0x3c CMakeFiles/motor_mit_control.elf.dir/Drivers/STM32F4xx_HAL_Driver/Src/stm32f4xx_hal_rcc.c.obj
                0x08002b80                HAL_RCC_GetClockConfig
 .text.HAL_TIM_Base_MspInit
                0x08002bbc        0x2 CMakeFiles/motor_mit_control.elf.dir/Drivers/STM32F4xx_HAL_Driver/Src/stm32f4xx_hal_tim.c.obj
                0x08002bbc                HAL_TIM_Base_MspInit
 *fill*         0x08002bbe        0x2 
 .text.HAL_TIM_Base_Start_IT
                0x08002bc0       0x88 CMakeFiles/motor_mit_control.elf.dir/Drivers/STM32F4xx_HAL_Driver/Src/stm32f4xx_hal_tim.c.obj
                0x08002bc0                HAL_TIM_Base_Start_IT
 .text.HAL_TIM_OC_DelayElapsedCallback
                0x08002c48        0x2 CMakeFiles/motor_mit_control.elf.dir/Drivers/STM32F4xx_HAL_Driver/Src/stm32f4xx_hal_tim.c.obj
                0x08002c48                HAL_TIM_OC_DelayElapsedCallback
 .text.HAL_TIM_IC_CaptureCallback
                0x08002c4a        0x2 CMakeFiles/motor_mit_control.elf.dir/Drivers/STM32F4xx_HAL_Driver/Src/stm32f4xx_hal_tim.c.obj
                0x08002c4a                HAL_TIM_IC_CaptureCallback
 .text.HAL_TIM_PWM_PulseFinishedCallback
                0x08002c4c        0x2 CMakeFiles/motor_mit_control.elf.dir/Drivers/STM32F4xx_HAL_Driver/Src/stm32f4xx_hal_tim.c.obj
                0x08002c4c                HAL_TIM_PWM_PulseFinishedCallback
 .text.HAL_TIM_TriggerCallback
                0x08002c4e        0x2 CMakeFiles/motor_mit_control.elf.dir/Drivers/STM32F4xx_HAL_Driver/Src/stm32f4xx_hal_tim.c.obj
                0x08002c4e                HAL_TIM_TriggerCallback
 .text.HAL_TIM_IRQHandler
                0x08002c50      0x15e CMakeFiles/motor_mit_control.elf.dir/Drivers/STM32F4xx_HAL_Driver/Src/stm32f4xx_hal_tim.c.obj
                0x08002c50                HAL_TIM_IRQHandler
 *fill*         0x08002dae        0x2 
 .text.TIM_Base_SetConfig
                0x08002db0       0xd8 CMakeFiles/motor_mit_control.elf.dir/Drivers/STM32F4xx_HAL_Driver/Src/stm32f4xx_hal_tim.c.obj
                0x08002db0                TIM_Base_SetConfig
 .text.HAL_TIM_Base_Init
                0x08002e88       0x58 CMakeFiles/motor_mit_control.elf.dir/Drivers/STM32F4xx_HAL_Driver/Src/stm32f4xx_hal_tim.c.obj
                0x08002e88                HAL_TIM_Base_Init
 .text.HAL_TIMEx_CommutCallback
                0x08002ee0        0x2 CMakeFiles/motor_mit_control.elf.dir/Drivers/STM32F4xx_HAL_Driver/Src/stm32f4xx_hal_tim_ex.c.obj
                0x08002ee0                HAL_TIMEx_CommutCallback
 .text.HAL_TIMEx_BreakCallback
                0x08002ee2        0x2 CMakeFiles/motor_mit_control.elf.dir/Drivers/STM32F4xx_HAL_Driver/Src/stm32f4xx_hal_tim_ex.c.obj
                0x08002ee2                HAL_TIMEx_BreakCallback
 .text.UART_EndRxTransfer
                0x08002ee4       0x5c CMakeFiles/motor_mit_control.elf.dir/Drivers/STM32F4xx_HAL_Driver/Src/stm32f4xx_hal_uart.c.obj
 .text.UART_Transmit_IT
                0x08002f40       0x60 CMakeFiles/motor_mit_control.elf.dir/Drivers/STM32F4xx_HAL_Driver/Src/stm32f4xx_hal_uart.c.obj
 .text.UART_SetConfig
                0x08002fa0      0x110 CMakeFiles/motor_mit_control.elf.dir/Drivers/STM32F4xx_HAL_Driver/Src/stm32f4xx_hal_uart.c.obj
 .text.UART_WaitOnFlagUntilTimeout
                0x080030b0       0x86 CMakeFiles/motor_mit_control.elf.dir/Drivers/STM32F4xx_HAL_Driver/Src/stm32f4xx_hal_uart.c.obj
 .text.HAL_UART_Init
                0x08003136       0x60 CMakeFiles/motor_mit_control.elf.dir/Drivers/STM32F4xx_HAL_Driver/Src/stm32f4xx_hal_uart.c.obj
                0x08003136                HAL_UART_Init
 .text.HAL_UART_Transmit
                0x08003196       0xcc CMakeFiles/motor_mit_control.elf.dir/Drivers/STM32F4xx_HAL_Driver/Src/stm32f4xx_hal_uart.c.obj
                0x08003196                HAL_UART_Transmit
 .text.HAL_UART_TxCpltCallback
                0x08003262        0x2 CMakeFiles/motor_mit_control.elf.dir/Drivers/STM32F4xx_HAL_Driver/Src/stm32f4xx_hal_uart.c.obj
                0x08003262                HAL_UART_TxCpltCallback
 .text.UART_EndTransmit_IT
                0x08003264       0x1a CMakeFiles/motor_mit_control.elf.dir/Drivers/STM32F4xx_HAL_Driver/Src/stm32f4xx_hal_uart.c.obj
 .text.HAL_UART_RxCpltCallback
                0x0800327e        0x2 CMakeFiles/motor_mit_control.elf.dir/Drivers/STM32F4xx_HAL_Driver/Src/stm32f4xx_hal_uart.c.obj
                0x0800327e                HAL_UART_RxCpltCallback
 .text.HAL_UART_ErrorCallback
                0x08003280        0x2 CMakeFiles/motor_mit_control.elf.dir/Drivers/STM32F4xx_HAL_Driver/Src/stm32f4xx_hal_uart.c.obj
                0x08003280                HAL_UART_ErrorCallback
 .text.UART_DMAAbortOnError
                0x08003282       0x10 CMakeFiles/motor_mit_control.elf.dir/Drivers/STM32F4xx_HAL_Driver/Src/stm32f4xx_hal_uart.c.obj
 .text.HAL_UARTEx_RxEventCallback
                0x08003292        0x2 CMakeFiles/motor_mit_control.elf.dir/Drivers/STM32F4xx_HAL_Driver/Src/stm32f4xx_hal_uart.c.obj
                0x08003292                HAL_UARTEx_RxEventCallback
 .text.UART_Receive_IT
                0x08003294       0xe6 CMakeFiles/motor_mit_control.elf.dir/Drivers/STM32F4xx_HAL_Driver/Src/stm32f4xx_hal_uart.c.obj
 *fill*         0x0800337a        0x2 
 .text.HAL_UART_IRQHandler
                0x0800337c      0x284 CMakeFiles/motor_mit_control.elf.dir/Drivers/STM32F4xx_HAL_Driver/Src/stm32f4xx_hal_uart.c.obj
                0x0800337c                HAL_UART_IRQHandler
 .text.makeFreeRtosPriority
                0x08003600        0xc CMakeFiles/motor_mit_control.elf.dir/Middlewares/Third_Party/FreeRTOS/Source/CMSIS_RTOS/cmsis_os.c.obj
 .text.osKernelStart
                0x0800360c        0xa CMakeFiles/motor_mit_control.elf.dir/Middlewares/Third_Party/FreeRTOS/Source/CMSIS_RTOS/cmsis_os.c.obj
                0x0800360c                osKernelStart
 .text.osThreadCreate
                0x08003616       0x66 CMakeFiles/motor_mit_control.elf.dir/Middlewares/Third_Party/FreeRTOS/Source/CMSIS_RTOS/cmsis_os.c.obj
                0x08003616                osThreadCreate
 .text.osDelay  0x0800367c        0xe CMakeFiles/motor_mit_control.elf.dir/Middlewares/Third_Party/FreeRTOS/Source/CMSIS_RTOS/cmsis_os.c.obj
                0x0800367c                osDelay
 .text.vListInitialise
                0x0800368a       0x16 CMakeFiles/motor_mit_control.elf.dir/Middlewares/Third_Party/FreeRTOS/Source/list.c.obj
                0x0800368a                vListInitialise
 .text.vListInitialiseItem
                0x080036a0        0x6 CMakeFiles/motor_mit_control.elf.dir/Middlewares/Third_Party/FreeRTOS/Source/list.c.obj
                0x080036a0                vListInitialiseItem
 .text.vListInsertEnd
                0x080036a6       0x16 CMakeFiles/motor_mit_control.elf.dir/Middlewares/Third_Party/FreeRTOS/Source/list.c.obj
                0x080036a6                vListInsertEnd
 .text.vListInsert
                0x080036bc       0x32 CMakeFiles/motor_mit_control.elf.dir/Middlewares/Third_Party/FreeRTOS/Source/list.c.obj
                0x080036bc                vListInsert
 .text.uxListRemove
                0x080036ee       0x26 CMakeFiles/motor_mit_control.elf.dir/Middlewares/Third_Party/FreeRTOS/Source/list.c.obj
                0x080036ee                uxListRemove
 .text.prvTaskExitError
                0x08003714       0x40 CMakeFiles/motor_mit_control.elf.dir/Middlewares/Third_Party/FreeRTOS/Source/portable/GCC/ARM_CM4F/port.c.obj
 .text.prvPortStartFirstTask
                0x08003754       0x28 CMakeFiles/motor_mit_control.elf.dir/Middlewares/Third_Party/FreeRTOS/Source/portable/GCC/ARM_CM4F/port.c.obj
 .text.vPortEnableVFP
                0x0800377c       0x14 CMakeFiles/motor_mit_control.elf.dir/Middlewares/Third_Party/FreeRTOS/Source/portable/GCC/ARM_CM4F/port.c.obj
 .text.pxPortInitialiseStack
                0x08003790       0x2c CMakeFiles/motor_mit_control.elf.dir/Middlewares/Third_Party/FreeRTOS/Source/portable/GCC/ARM_CM4F/port.c.obj
                0x08003790                pxPortInitialiseStack
 *fill*         0x080037bc        0x4 
 .text.SVC_Handler
                0x080037c0       0x24 CMakeFiles/motor_mit_control.elf.dir/Middlewares/Third_Party/FreeRTOS/Source/portable/GCC/ARM_CM4F/port.c.obj
                0x080037c0                SVC_Handler
 .text.vPortEnterCritical
                0x080037e4       0x44 CMakeFiles/motor_mit_control.elf.dir/Middlewares/Third_Party/FreeRTOS/Source/portable/GCC/ARM_CM4F/port.c.obj
                0x080037e4                vPortEnterCritical
 .text.vPortExitCritical
                0x08003828       0x2c CMakeFiles/motor_mit_control.elf.dir/Middlewares/Third_Party/FreeRTOS/Source/portable/GCC/ARM_CM4F/port.c.obj
                0x08003828                vPortExitCritical
 *fill*         0x08003854        0xc 
 .text.PendSV_Handler
                0x08003860       0x64 CMakeFiles/motor_mit_control.elf.dir/Middlewares/Third_Party/FreeRTOS/Source/portable/GCC/ARM_CM4F/port.c.obj
                0x08003860                PendSV_Handler
 .text.SysTick_Handler
                0x080038c4       0x2c CMakeFiles/motor_mit_control.elf.dir/Middlewares/Third_Party/FreeRTOS/Source/portable/GCC/ARM_CM4F/port.c.obj
                0x080038c4                SysTick_Handler
 .text.vPortSetupTimerInterrupt
                0x080038f0       0x28 CMakeFiles/motor_mit_control.elf.dir/Middlewares/Third_Party/FreeRTOS/Source/portable/GCC/ARM_CM4F/port.c.obj
                0x080038f0                vPortSetupTimerInterrupt
 .text.xPortStartScheduler
                0x08003918      0x118 CMakeFiles/motor_mit_control.elf.dir/Middlewares/Third_Party/FreeRTOS/Source/portable/GCC/ARM_CM4F/port.c.obj
                0x08003918                xPortStartScheduler
 .text.prvHeapInit
                0x08003a30       0x64 CMakeFiles/motor_mit_control.elf.dir/Middlewares/Third_Party/FreeRTOS/Source/portable/MemMang/heap_4.c.obj
 .text.prvInsertBlockIntoFreeList
                0x08003a94       0x64 CMakeFiles/motor_mit_control.elf.dir/Middlewares/Third_Party/FreeRTOS/Source/portable/MemMang/heap_4.c.obj
 .text.pvPortMalloc
                0x08003af8      0x104 CMakeFiles/motor_mit_control.elf.dir/Middlewares/Third_Party/FreeRTOS/Source/portable/MemMang/heap_4.c.obj
                0x08003af8                pvPortMalloc
 .text.vPortFree
                0x08003bfc       0x7c CMakeFiles/motor_mit_control.elf.dir/Middlewares/Third_Party/FreeRTOS/Source/portable/MemMang/heap_4.c.obj
                0x08003bfc                vPortFree
 .text.prvResetNextTaskUnblockTime
                0x08003c78       0x2c CMakeFiles/motor_mit_control.elf.dir/Middlewares/Third_Party/FreeRTOS/Source/tasks.c.obj
 .text.prvInitialiseNewTask
                0x08003ca4       0xfc CMakeFiles/motor_mit_control.elf.dir/Middlewares/Third_Party/FreeRTOS/Source/tasks.c.obj
 .text.prvInitialiseTaskLists
                0x08003da0       0x68 CMakeFiles/motor_mit_control.elf.dir/Middlewares/Third_Party/FreeRTOS/Source/tasks.c.obj
 .text.prvAddNewTaskToReadyList
                0x08003e08       0xa8 CMakeFiles/motor_mit_control.elf.dir/Middlewares/Third_Party/FreeRTOS/Source/tasks.c.obj
 .text.prvDeleteTCB
                0x08003eb0       0x40 CMakeFiles/motor_mit_control.elf.dir/Middlewares/Third_Party/FreeRTOS/Source/tasks.c.obj
 .text.prvCheckTasksWaitingTermination
                0x08003ef0       0x4c CMakeFiles/motor_mit_control.elf.dir/Middlewares/Third_Party/FreeRTOS/Source/tasks.c.obj
 .text.prvIdleTask
                0x08003f3c       0x28 CMakeFiles/motor_mit_control.elf.dir/Middlewares/Third_Party/FreeRTOS/Source/tasks.c.obj
 .text.prvAddCurrentTaskToDelayedList
                0x08003f64       0x98 CMakeFiles/motor_mit_control.elf.dir/Middlewares/Third_Party/FreeRTOS/Source/tasks.c.obj
 .text.xTaskCreateStatic
                0x08003ffc       0x7a CMakeFiles/motor_mit_control.elf.dir/Middlewares/Third_Party/FreeRTOS/Source/tasks.c.obj
                0x08003ffc                xTaskCreateStatic
 .text.xTaskCreate
                0x08004076       0x66 CMakeFiles/motor_mit_control.elf.dir/Middlewares/Third_Party/FreeRTOS/Source/tasks.c.obj
                0x08004076                xTaskCreate
 .text.vTaskStartScheduler
                0x080040dc       0x84 CMakeFiles/motor_mit_control.elf.dir/Middlewares/Third_Party/FreeRTOS/Source/tasks.c.obj
                0x080040dc                vTaskStartScheduler
 .text.vTaskSuspendAll
                0x08004160       0x10 CMakeFiles/motor_mit_control.elf.dir/Middlewares/Third_Party/FreeRTOS/Source/tasks.c.obj
                0x08004160                vTaskSuspendAll
 .text.xTaskIncrementTick
                0x08004170      0x118 CMakeFiles/motor_mit_control.elf.dir/Middlewares/Third_Party/FreeRTOS/Source/tasks.c.obj
                0x08004170                xTaskIncrementTick
 .text.xTaskResumeAll
                0x08004288       0xf8 CMakeFiles/motor_mit_control.elf.dir/Middlewares/Third_Party/FreeRTOS/Source/tasks.c.obj
                0x08004288                xTaskResumeAll
 .text.vTaskDelay
                0x08004380       0x4c CMakeFiles/motor_mit_control.elf.dir/Middlewares/Third_Party/FreeRTOS/Source/tasks.c.obj
                0x08004380                vTaskDelay
 .text.vTaskSwitchContext
                0x080043cc       0xa4 CMakeFiles/motor_mit_control.elf.dir/Middlewares/Third_Party/FreeRTOS/Source/tasks.c.obj
                0x080043cc                vTaskSwitchContext
 .text.DEBUG_PRINT_TASK
                0x08004470       0x1c CMakeFiles/motor_mit_control.elf.dir/codemf/Src/DEBUG_PRINT_TASK.c.obj
                0x08004470                DEBUG_PRINT_TASK
 .text.LED_TASK
                0x0800448c       0x40 CMakeFiles/motor_mit_control.elf.dir/codemf/Src/LED_TASK.c.obj
                0x0800448c                LED_TASK
 .text.MOTOR_CONTROL_TASK
                0x080044cc       0x70 CMakeFiles/motor_mit_control.elf.dir/codemf/Src/MOTOR_CONTROL_TASK.c.obj
                0x080044cc                MOTOR_CONTROL_TASK
 .text.float_to_uint
                0x0800453c       0x2a CMakeFiles/motor_mit_control.elf.dir/codemf/Src/can_comm.c.obj
 .text.uint_to_float
                0x08004566       0x28 CMakeFiles/motor_mit_control.elf.dir/codemf/Src/can_comm.c.obj
 *fill*         0x0800458e        0x2 
 .text.CanTransmit
                0x08004590       0x2c CMakeFiles/motor_mit_control.elf.dir/codemf/Src/can_comm.c.obj
 .text.CanComm_Init
                0x080045bc       0x3c CMakeFiles/motor_mit_control.elf.dir/codemf/Src/can_comm.c.obj
                0x080045bc                CanComm_Init
 .text.CanComm_SendControlPara
                0x080045f8      0x18c CMakeFiles/motor_mit_control.elf.dir/codemf/Src/can_comm.c.obj
                0x080045f8                CanComm_SendControlPara
 .text.CanComm_ControlCmd
                0x08004784       0x48 CMakeFiles/motor_mit_control.elf.dir/codemf/Src/can_comm.c.obj
                0x08004784                CanComm_ControlCmd
 .text.HAL_CAN_RxFifo0MsgPendingCallback
                0x080047cc       0x4c CMakeFiles/motor_mit_control.elf.dir/codemf/Src/can_comm.c.obj
                0x080047cc                HAL_CAN_RxFifo0MsgPendingCallback
 .text.usart1_printf
                0x08004818       0x40 CMakeFiles/motor_mit_control.elf.dir/codemf/Src/uart_printf.c.obj
                0x08004818                usart1_printf
 .text.__udivmoddi4
                0x08004858      0x2bc C:/CLionToolchains/gcc-arm-none-eabi-10.3-2021.10/bin/../lib/gcc/arm-none-eabi/13.3.1/thumb/v7e-m+fp/hard\libgcc.a(_udivmoddi4.o)
                0x08004858                __udivmoddi4
 .text.stdio_exit_handler
                0x08004b14       0x18 C:/CLionToolchains/gcc-arm-none-eabi-10.3-2021.10/bin/../lib/gcc/arm-none-eabi/13.3.1/thumb/v7e-m+fp/hard\libg.a(libc_a-findfp.o)
 .text.cleanup_stdio
                0x08004b2c       0x40 C:/CLionToolchains/gcc-arm-none-eabi-10.3-2021.10/bin/../lib/gcc/arm-none-eabi/13.3.1/thumb/v7e-m+fp/hard\libg.a(libc_a-findfp.o)
 .text.global_stdio_init.part.0
                0x08004b6c       0xf0 C:/CLionToolchains/gcc-arm-none-eabi-10.3-2021.10/bin/../lib/gcc/arm-none-eabi/13.3.1/thumb/v7e-m+fp/hard\libg.a(libc_a-findfp.o)
 .text.__sinit  0x08004c5c       0x3c C:/CLionToolchains/gcc-arm-none-eabi-10.3-2021.10/bin/../lib/gcc/arm-none-eabi/13.3.1/thumb/v7e-m+fp/hard\libg.a(libc_a-findfp.o)
                0x08004c5c                __sinit
 .text.__sfp_lock_acquire
                0x08004c98        0xc C:/CLionToolchains/gcc-arm-none-eabi-10.3-2021.10/bin/../lib/gcc/arm-none-eabi/13.3.1/thumb/v7e-m+fp/hard\libg.a(libc_a-findfp.o)
                0x08004c98                __sfp_lock_acquire
 .text.__sfp_lock_release
                0x08004ca4        0xc C:/CLionToolchains/gcc-arm-none-eabi-10.3-2021.10/bin/../lib/gcc/arm-none-eabi/13.3.1/thumb/v7e-m+fp/hard\libg.a(libc_a-findfp.o)
                0x08004ca4                __sfp_lock_release
 .text._fwalk_sglue
                0x08004cb0       0x44 C:/CLionToolchains/gcc-arm-none-eabi-10.3-2021.10/bin/../lib/gcc/arm-none-eabi/13.3.1/thumb/v7e-m+fp/hard\libg.a(libc_a-fwalk.o)
                0x08004cb0                _fwalk_sglue
 .text.__sread  0x08004cf4       0x24 C:/CLionToolchains/gcc-arm-none-eabi-10.3-2021.10/bin/../lib/gcc/arm-none-eabi/13.3.1/thumb/v7e-m+fp/hard\libg.a(libc_a-stdio.o)
                0x08004cf4                __sread
 .text.__swrite
                0x08004d18       0x40 C:/CLionToolchains/gcc-arm-none-eabi-10.3-2021.10/bin/../lib/gcc/arm-none-eabi/13.3.1/thumb/v7e-m+fp/hard\libg.a(libc_a-stdio.o)
                0x08004d18                __swrite
 .text.__sseek  0x08004d58       0x24 C:/CLionToolchains/gcc-arm-none-eabi-10.3-2021.10/bin/../lib/gcc/arm-none-eabi/13.3.1/thumb/v7e-m+fp/hard\libg.a(libc_a-stdio.o)
                0x08004d58                __sseek
 .text.__sclose
                0x08004d7c        0x8 C:/CLionToolchains/gcc-arm-none-eabi-10.3-2021.10/bin/../lib/gcc/arm-none-eabi/13.3.1/thumb/v7e-m+fp/hard\libg.a(libc_a-stdio.o)
                0x08004d7c                __sclose
 .text.vsprintf
                0x08004d84       0x38 C:/CLionToolchains/gcc-arm-none-eabi-10.3-2021.10/bin/../lib/gcc/arm-none-eabi/13.3.1/thumb/v7e-m+fp/hard\libg.a(libc_a-vsprintf.o)
                0x08004d84                vsprintf
 .text.memset   0x08004dbc       0xa4 C:/CLionToolchains/gcc-arm-none-eabi-10.3-2021.10/bin/../lib/gcc/arm-none-eabi/13.3.1/thumb/v7e-m+fp/hard\libg.a(libc_a-memset.o)
                0x08004dbc                memset
 .text._close_r
                0x08004e60       0x24 C:/CLionToolchains/gcc-arm-none-eabi-10.3-2021.10/bin/../lib/gcc/arm-none-eabi/13.3.1/thumb/v7e-m+fp/hard\libg.a(libc_a-closer.o)
                0x08004e60                _close_r
 .text._reclaim_reent
                0x08004e84       0x6c C:/CLionToolchains/gcc-arm-none-eabi-10.3-2021.10/bin/../lib/gcc/arm-none-eabi/13.3.1/thumb/v7e-m+fp/hard\libg.a(libc_a-reent.o)
                0x08004e84                _reclaim_reent
 .text._lseek_r
                0x08004ef0       0x2c C:/CLionToolchains/gcc-arm-none-eabi-10.3-2021.10/bin/../lib/gcc/arm-none-eabi/13.3.1/thumb/v7e-m+fp/hard\libg.a(libc_a-lseekr.o)
                0x08004ef0                _lseek_r
 .text._read_r  0x08004f1c       0x2c C:/CLionToolchains/gcc-arm-none-eabi-10.3-2021.10/bin/../lib/gcc/arm-none-eabi/13.3.1/thumb/v7e-m+fp/hard\libg.a(libc_a-readr.o)
                0x08004f1c                _read_r
 .text._write_r
                0x08004f48       0x2c C:/CLionToolchains/gcc-arm-none-eabi-10.3-2021.10/bin/../lib/gcc/arm-none-eabi/13.3.1/thumb/v7e-m+fp/hard\libg.a(libc_a-writer.o)
                0x08004f48                _write_r
 .text.__errno  0x08004f74        0xc C:/CLionToolchains/gcc-arm-none-eabi-10.3-2021.10/bin/../lib/gcc/arm-none-eabi/13.3.1/thumb/v7e-m+fp/hard\libg.a(libc_a-errno.o)
                0x08004f74                __errno
 .text.__libc_init_array
                0x08004f80       0x50 C:/CLionToolchains/gcc-arm-none-eabi-10.3-2021.10/bin/../lib/gcc/arm-none-eabi/13.3.1/thumb/v7e-m+fp/hard\libg.a(libc_a-init.o)
                0x08004f80                __libc_init_array
 .text.__retarget_lock_init_recursive
                0x08004fd0        0x4 C:/CLionToolchains/gcc-arm-none-eabi-10.3-2021.10/bin/../lib/gcc/arm-none-eabi/13.3.1/thumb/v7e-m+fp/hard\libg.a(libc_a-lock.o)
                0x08004fd0                __retarget_lock_init_recursive
 .text.__retarget_lock_close_recursive
                0x08004fd4        0x4 C:/CLionToolchains/gcc-arm-none-eabi-10.3-2021.10/bin/../lib/gcc/arm-none-eabi/13.3.1/thumb/v7e-m+fp/hard\libg.a(libc_a-lock.o)
                0x08004fd4                __retarget_lock_close_recursive
 .text.__retarget_lock_acquire_recursive
                0x08004fd8        0x4 C:/CLionToolchains/gcc-arm-none-eabi-10.3-2021.10/bin/../lib/gcc/arm-none-eabi/13.3.1/thumb/v7e-m+fp/hard\libg.a(libc_a-lock.o)
                0x08004fd8                __retarget_lock_acquire_recursive
 .text.__retarget_lock_release_recursive
                0x08004fdc        0x4 C:/CLionToolchains/gcc-arm-none-eabi-10.3-2021.10/bin/../lib/gcc/arm-none-eabi/13.3.1/thumb/v7e-m+fp/hard\libg.a(libc_a-lock.o)
                0x08004fdc                __retarget_lock_release_recursive
 .text.startup.register_fini
                0x08004fe0       0x14 C:/CLionToolchains/gcc-arm-none-eabi-10.3-2021.10/bin/../lib/gcc/arm-none-eabi/13.3.1/thumb/v7e-m+fp/hard\libg.a(libc_a-__call_atexit.o)
 .text.atexit   0x08004ff4        0xc C:/CLionToolchains/gcc-arm-none-eabi-10.3-2021.10/bin/../lib/gcc/arm-none-eabi/13.3.1/thumb/v7e-m+fp/hard\libg.a(libc_a-atexit.o)
                0x08004ff4                atexit
 .text._malloc_trim_r
                0x08005000       0xb8 C:/CLionToolchains/gcc-arm-none-eabi-10.3-2021.10/bin/../lib/gcc/arm-none-eabi/13.3.1/thumb/v7e-m+fp/hard\libg.a(libc_a-freer.o)
                0x08005000                _malloc_trim_r
 .text._free_r  0x080050b8      0x1f8 C:/CLionToolchains/gcc-arm-none-eabi-10.3-2021.10/bin/../lib/gcc/arm-none-eabi/13.3.1/thumb/v7e-m+fp/hard\libg.a(libc_a-freer.o)
                0x080050b8                _free_r
 .text._malloc_r
                0x080052b0      0x564 C:/CLionToolchains/gcc-arm-none-eabi-10.3-2021.10/bin/../lib/gcc/arm-none-eabi/13.3.1/thumb/v7e-m+fp/hard\libg.a(libc_a-mallocr.o)
                0x080052b0                _malloc_r
 .text.__malloc_lock
                0x08005814        0xc C:/CLionToolchains/gcc-arm-none-eabi-10.3-2021.10/bin/../lib/gcc/arm-none-eabi/13.3.1/thumb/v7e-m+fp/hard\libg.a(libc_a-mlock.o)
                0x08005814                __malloc_lock
 .text.__malloc_unlock
                0x08005820        0xc C:/CLionToolchains/gcc-arm-none-eabi-10.3-2021.10/bin/../lib/gcc/arm-none-eabi/13.3.1/thumb/v7e-m+fp/hard\libg.a(libc_a-mlock.o)
                0x08005820                __malloc_unlock
 *fill*         0x0800582c        0x4 
 .text._svfprintf_r
                0x08005830     0x1b3c C:/CLionToolchains/gcc-arm-none-eabi-10.3-2021.10/bin/../lib/gcc/arm-none-eabi/13.3.1/thumb/v7e-m+fp/hard\libg.a(libc_a-svfprintf.o)
                0x08005830                _svfprintf_r
 .text.__ssprint_r
                0x0800736c       0x58 C:/CLionToolchains/gcc-arm-none-eabi-10.3-2021.10/bin/../lib/gcc/arm-none-eabi/13.3.1/thumb/v7e-m+fp/hard\libg.a(libc_a-ssprint_r.o)
                0x0800736c                __ssprint_r
 .text._fclose_r
                0x080073c4       0xc0 C:/CLionToolchains/gcc-arm-none-eabi-10.3-2021.10/bin/../lib/gcc/arm-none-eabi/13.3.1/thumb/v7e-m+fp/hard\libg.a(libc_a-fclose.o)
                0x080073c4                _fclose_r
 .text.__sflush_r
                0x08007484      0x138 C:/CLionToolchains/gcc-arm-none-eabi-10.3-2021.10/bin/../lib/gcc/arm-none-eabi/13.3.1/thumb/v7e-m+fp/hard\libg.a(libc_a-fflush.o)
                0x08007484                __sflush_r
 .text._fflush_r
                0x080075bc       0x54 C:/CLionToolchains/gcc-arm-none-eabi-10.3-2021.10/bin/../lib/gcc/arm-none-eabi/13.3.1/thumb/v7e-m+fp/hard\libg.a(libc_a-fflush.o)
                0x080075bc                _fflush_r
 .text.strncpy  0x08007610       0x68 C:/CLionToolchains/gcc-arm-none-eabi-10.3-2021.10/bin/../lib/gcc/arm-none-eabi/13.3.1/thumb/v7e-m+fp/hard\libg.a(libc_a-strncpy.o)
                0x08007610                strncpy
 .text.__locale_mb_cur_max
                0x08007678        0xc C:/CLionToolchains/gcc-arm-none-eabi-10.3-2021.10/bin/../lib/gcc/arm-none-eabi/13.3.1/thumb/v7e-m+fp/hard\libg.a(libc_a-locale.o)
                0x08007678                __locale_mb_cur_max
 .text._localeconv_r
                0x08007684        0x8 C:/CLionToolchains/gcc-arm-none-eabi-10.3-2021.10/bin/../lib/gcc/arm-none-eabi/13.3.1/thumb/v7e-m+fp/hard\libg.a(libc_a-localeconv.o)
                0x08007684                _localeconv_r
 .text._sbrk_r  0x0800768c       0x24 C:/CLionToolchains/gcc-arm-none-eabi-10.3-2021.10/bin/../lib/gcc/arm-none-eabi/13.3.1/thumb/v7e-m+fp/hard\libg.a(libc_a-sbrkr.o)
                0x0800768c                _sbrk_r
 .text.__libc_fini_array
                0x080076b0       0x28 C:/CLionToolchains/gcc-arm-none-eabi-10.3-2021.10/bin/../lib/gcc/arm-none-eabi/13.3.1/thumb/v7e-m+fp/hard\libg.a(libc_a-fini.o)
                0x080076b0                __libc_fini_array
 .text.sysconf  0x080076d8       0x1c C:/CLionToolchains/gcc-arm-none-eabi-10.3-2021.10/bin/../lib/gcc/arm-none-eabi/13.3.1/thumb/v7e-m+fp/hard\libg.a(libc_a-sysconf.o)
                0x080076d8                sysconf
 .text.frexp    0x080076f4       0x64 C:/CLionToolchains/gcc-arm-none-eabi-10.3-2021.10/bin/../lib/gcc/arm-none-eabi/13.3.1/thumb/v7e-m+fp/hard\libg.a(libm_a-s_frexp.o)
                0x080076f4                frexp
 .text.__register_exitproc
                0x08007758       0x80 C:/CLionToolchains/gcc-arm-none-eabi-10.3-2021.10/bin/../lib/gcc/arm-none-eabi/13.3.1/thumb/v7e-m+fp/hard\libg.a(libc_a-__atexit.o)
                0x08007758                __register_exitproc
 .text.quorem   0x080077d8      0x12c C:/CLionToolchains/gcc-arm-none-eabi-10.3-2021.10/bin/../lib/gcc/arm-none-eabi/13.3.1/thumb/v7e-m+fp/hard\libg.a(libc_a-dtoa.o)
 *fill*         0x08007904        0x4 
 .text._dtoa_r  0x08007908      0xe80 C:/CLionToolchains/gcc-arm-none-eabi-10.3-2021.10/bin/../lib/gcc/arm-none-eabi/13.3.1/thumb/v7e-m+fp/hard\libg.a(libc_a-dtoa.o)
                0x08007908                _dtoa_r
 .text.__ascii_mbtowc
                0x08008788       0x2c C:/CLionToolchains/gcc-arm-none-eabi-10.3-2021.10/bin/../lib/gcc/arm-none-eabi/13.3.1/thumb/v7e-m+fp/hard\libg.a(libc_a-mbtowc_r.o)
                0x08008788                __ascii_mbtowc
 .text._Balloc  0x080087b4       0x4c C:/CLionToolchains/gcc-arm-none-eabi-10.3-2021.10/bin/../lib/gcc/arm-none-eabi/13.3.1/thumb/v7e-m+fp/hard\libg.a(libc_a-mprec.o)
                0x080087b4                _Balloc
 .text._Bfree   0x08008800       0x14 C:/CLionToolchains/gcc-arm-none-eabi-10.3-2021.10/bin/../lib/gcc/arm-none-eabi/13.3.1/thumb/v7e-m+fp/hard\libg.a(libc_a-mprec.o)
                0x08008800                _Bfree
 .text.__multadd
                0x08008814       0xa0 C:/CLionToolchains/gcc-arm-none-eabi-10.3-2021.10/bin/../lib/gcc/arm-none-eabi/13.3.1/thumb/v7e-m+fp/hard\libg.a(libc_a-mprec.o)
                0x08008814                __multadd
 .text.__hi0bits
                0x080088b4       0x44 C:/CLionToolchains/gcc-arm-none-eabi-10.3-2021.10/bin/../lib/gcc/arm-none-eabi/13.3.1/thumb/v7e-m+fp/hard\libg.a(libc_a-mprec.o)
                0x080088b4                __hi0bits
 .text.__lo0bits
                0x080088f8       0x60 C:/CLionToolchains/gcc-arm-none-eabi-10.3-2021.10/bin/../lib/gcc/arm-none-eabi/13.3.1/thumb/v7e-m+fp/hard\libg.a(libc_a-mprec.o)
                0x080088f8                __lo0bits
 .text.__i2b    0x08008958       0x5c C:/CLionToolchains/gcc-arm-none-eabi-10.3-2021.10/bin/../lib/gcc/arm-none-eabi/13.3.1/thumb/v7e-m+fp/hard\libg.a(libc_a-mprec.o)
                0x08008958                __i2b
 .text.__multiply
                0x080089b4      0x16c C:/CLionToolchains/gcc-arm-none-eabi-10.3-2021.10/bin/../lib/gcc/arm-none-eabi/13.3.1/thumb/v7e-m+fp/hard\libg.a(libc_a-mprec.o)
                0x080089b4                __multiply
 .text.__pow5mult
                0x08008b20       0xb4 C:/CLionToolchains/gcc-arm-none-eabi-10.3-2021.10/bin/../lib/gcc/arm-none-eabi/13.3.1/thumb/v7e-m+fp/hard\libg.a(libc_a-mprec.o)
                0x08008b20                __pow5mult
 .text.__lshift
                0x08008bd4       0xf0 C:/CLionToolchains/gcc-arm-none-eabi-10.3-2021.10/bin/../lib/gcc/arm-none-eabi/13.3.1/thumb/v7e-m+fp/hard\libg.a(libc_a-mprec.o)
                0x08008bd4                __lshift
 .text.__mcmp   0x08008cc4       0x44 C:/CLionToolchains/gcc-arm-none-eabi-10.3-2021.10/bin/../lib/gcc/arm-none-eabi/13.3.1/thumb/v7e-m+fp/hard\libg.a(libc_a-mprec.o)
                0x08008cc4                __mcmp
 .text.__mdiff  0x08008d08      0x178 C:/CLionToolchains/gcc-arm-none-eabi-10.3-2021.10/bin/../lib/gcc/arm-none-eabi/13.3.1/thumb/v7e-m+fp/hard\libg.a(libc_a-mprec.o)
                0x08008d08                __mdiff
 .text.__d2b    0x08008e80       0xc0 C:/CLionToolchains/gcc-arm-none-eabi-10.3-2021.10/bin/../lib/gcc/arm-none-eabi/13.3.1/thumb/v7e-m+fp/hard\libg.a(libc_a-mprec.o)
                0x08008e80                __d2b
 .text.__ascii_wctomb
                0x08008f40       0x1c C:/CLionToolchains/gcc-arm-none-eabi-10.3-2021.10/bin/../lib/gcc/arm-none-eabi/13.3.1/thumb/v7e-m+fp/hard\libg.a(libc_a-wctomb_r.o)
                0x08008f40                __ascii_wctomb
 .text._wcrtomb_r
                0x08008f5c       0x4c C:/CLionToolchains/gcc-arm-none-eabi-10.3-2021.10/bin/../lib/gcc/arm-none-eabi/13.3.1/thumb/v7e-m+fp/hard\libg.a(libc_a-wcrtomb.o)
                0x08008f5c                _wcrtomb_r
 .text._wcsrtombs_r
                0x08008fa8       0x18 C:/CLionToolchains/gcc-arm-none-eabi-10.3-2021.10/bin/../lib/gcc/arm-none-eabi/13.3.1/thumb/v7e-m+fp/hard\libg.a(libc_a-wcsrtombs.o)
                0x08008fa8                _wcsrtombs_r
 .text.__ssputs_r
                0x08008fc0       0xc0 C:/CLionToolchains/gcc-arm-none-eabi-10.3-2021.10/bin/../lib/gcc/arm-none-eabi/13.3.1/thumb/v7e-m+fp/hard\libg.a(libc_a-ssputs_r.o)
                0x08008fc0                __ssputs_r
 .text.memmove  0x08009080      0x100 C:/CLionToolchains/gcc-arm-none-eabi-10.3-2021.10/bin/../lib/gcc/arm-none-eabi/13.3.1/thumb/v7e-m+fp/hard\libg.a(libc_a-memmove.o)
                0x08009080                memmove
 .text.__assert_func
                0x08009180       0x40 C:/CLionToolchains/gcc-arm-none-eabi-10.3-2021.10/bin/../lib/gcc/arm-none-eabi/13.3.1/thumb/v7e-m+fp/hard\libg.a(libc_a-assert.o)
                0x08009180                __assert_func
 .text._calloc_r
                0x080091c0       0x6c C:/CLionToolchains/gcc-arm-none-eabi-10.3-2021.10/bin/../lib/gcc/arm-none-eabi/13.3.1/thumb/v7e-m+fp/hard\libg.a(libc_a-callocr.o)
                0x080091c0                _calloc_r
 .text._realloc_r
                0x0800922c      0x344 C:/CLionToolchains/gcc-arm-none-eabi-10.3-2021.10/bin/../lib/gcc/arm-none-eabi/13.3.1/thumb/v7e-m+fp/hard\libg.a(libc_a-reallocr.o)
                0x0800922c                _realloc_r
 .text._wcsnrtombs_l
                0x08009570       0xfc C:/CLionToolchains/gcc-arm-none-eabi-10.3-2021.10/bin/../lib/gcc/arm-none-eabi/13.3.1/thumb/v7e-m+fp/hard\libg.a(libc_a-wcsnrtombs.o)
                0x08009570                _wcsnrtombs_l
 .text._wcsnrtombs_r
                0x0800966c       0x24 C:/CLionToolchains/gcc-arm-none-eabi-10.3-2021.10/bin/../lib/gcc/arm-none-eabi/13.3.1/thumb/v7e-m+fp/hard\libg.a(libc_a-wcsnrtombs.o)
                0x0800966c                _wcsnrtombs_r
 .text.fiprintf
                0x08009690       0x28 C:/CLionToolchains/gcc-arm-none-eabi-10.3-2021.10/bin/../lib/gcc/arm-none-eabi/13.3.1/thumb/v7e-m+fp/hard\libg.a(libc_a-fiprintf.o)
                0x08009690                fiprintf
 .text._vfiprintf_r
                0x080096b8      0xe68 C:/CLionToolchains/gcc-arm-none-eabi-10.3-2021.10/bin/../lib/gcc/arm-none-eabi/13.3.1/thumb/v7e-m+fp/hard\libg.a(libc_a-vfiprintf.o)
                0x080096b8                _vfiprintf_r
 .text.__sbprintf
                0x0800a520       0x80 C:/CLionToolchains/gcc-arm-none-eabi-10.3-2021.10/bin/../lib/gcc/arm-none-eabi/13.3.1/thumb/v7e-m+fp/hard\libg.a(libc_a-vfiprintf.o)
 .text.__sprint_r
                0x0800a5a0       0x20 C:/CLionToolchains/gcc-arm-none-eabi-10.3-2021.10/bin/../lib/gcc/arm-none-eabi/13.3.1/thumb/v7e-m+fp/hard\libg.a(libc_a-sprint_r.o)
                0x0800a5a0                __sprint_r
 .text.__sfvwrite_r
                0x0800a5c0      0x300 C:/CLionToolchains/gcc-arm-none-eabi-10.3-2021.10/bin/../lib/gcc/arm-none-eabi/13.3.1/thumb/v7e-m+fp/hard\libg.a(libc_a-fvwrite.o)
                0x0800a5c0                __sfvwrite_r
 .text.__swsetup_r
                0x0800a8c0       0xc4 C:/CLionToolchains/gcc-arm-none-eabi-10.3-2021.10/bin/../lib/gcc/arm-none-eabi/13.3.1/thumb/v7e-m+fp/hard\libg.a(libc_a-wsetup.o)
                0x0800a8c0                __swsetup_r
 .text.abort    0x0800a984       0x10 C:/CLionToolchains/gcc-arm-none-eabi-10.3-2021.10/bin/../lib/gcc/arm-none-eabi/13.3.1/thumb/v7e-m+fp/hard\libg.a(libc_a-abort.o)
                0x0800a984                abort
 .text.__smakebuf_r
                0x0800a994       0xdc C:/CLionToolchains/gcc-arm-none-eabi-10.3-2021.10/bin/../lib/gcc/arm-none-eabi/13.3.1/thumb/v7e-m+fp/hard\libg.a(libc_a-makebuf.o)
                0x0800a994                __smakebuf_r
 .text.raise    0x0800aa70       0x58 C:/CLionToolchains/gcc-arm-none-eabi-10.3-2021.10/bin/../lib/gcc/arm-none-eabi/13.3.1/thumb/v7e-m+fp/hard\libg.a(libc_a-signal.o)
                0x0800aa70                raise
 .text._fstat_r
                0x0800aac8       0x2c C:/CLionToolchains/gcc-arm-none-eabi-10.3-2021.10/bin/../lib/gcc/arm-none-eabi/13.3.1/thumb/v7e-m+fp/hard\libg.a(libc_a-fstatr.o)
                0x0800aac8                _fstat_r
 .text._isatty_r
                0x0800aaf4       0x24 C:/CLionToolchains/gcc-arm-none-eabi-10.3-2021.10/bin/../lib/gcc/arm-none-eabi/13.3.1/thumb/v7e-m+fp/hard\libg.a(libc_a-isattyr.o)
                0x0800aaf4                _isatty_r
 .text._kill_r  0x0800ab18       0x2c C:/CLionToolchains/gcc-arm-none-eabi-10.3-2021.10/bin/../lib/gcc/arm-none-eabi/13.3.1/thumb/v7e-m+fp/hard\libg.a(libc_a-signalr.o)
                0x0800ab18                _kill_r
 .text._getpid_r
                0x0800ab44        0x4 C:/CLionToolchains/gcc-arm-none-eabi-10.3-2021.10/bin/../lib/gcc/arm-none-eabi/13.3.1/thumb/v7e-m+fp/hard\libg.a(libc_a-signalr.o)
                0x0800ab44                _getpid_r
 *(.glue_7)
 .glue_7        0x0800ab48        0x0 linker stubs
 *(.glue_7t)
 .glue_7t       0x0800ab48        0x0 linker stubs
 *(.eh_frame)
 .eh_frame      0x0800ab48        0x0 C:/CLionToolchains/gcc-arm-none-eabi-10.3-2021.10/bin/../lib/gcc/arm-none-eabi/13.3.1/thumb/v7e-m+fp/hard/crtbegin.o
 *(.init)
 .init          0x0800ab48        0x4 C:/CLionToolchains/gcc-arm-none-eabi-10.3-2021.10/bin/../lib/gcc/arm-none-eabi/13.3.1/thumb/v7e-m+fp/hard/crti.o
                0x0800ab48                _init
 .init          0x0800ab4c        0x8 C:/CLionToolchains/gcc-arm-none-eabi-10.3-2021.10/bin/../lib/gcc/arm-none-eabi/13.3.1/thumb/v7e-m+fp/hard/crtn.o
 *(.fini)
 .fini          0x0800ab54        0x4 C:/CLionToolchains/gcc-arm-none-eabi-10.3-2021.10/bin/../lib/gcc/arm-none-eabi/13.3.1/thumb/v7e-m+fp/hard/crti.o
                0x0800ab54                _fini
 .fini          0x0800ab58        0x8 C:/CLionToolchains/gcc-arm-none-eabi-10.3-2021.10/bin/../lib/gcc/arm-none-eabi/13.3.1/thumb/v7e-m+fp/hard/crtn.o
                0x0800ab60                        . = ALIGN (0x4)
                0x0800ab60                        _etext = .

.vfp11_veneer   0x0800ab60        0x0
 .vfp11_veneer  0x0800ab60        0x0 linker stubs

.v4_bx          0x0800ab60        0x0
 .v4_bx         0x0800ab60        0x0 linker stubs

.iplt           0x0800ab60        0x0
 .iplt          0x0800ab60        0x0 C:/CLionToolchains/gcc-arm-none-eabi-10.3-2021.10/bin/../lib/gcc/arm-none-eabi/13.3.1/thumb/v7e-m+fp/hard/crtbegin.o

.rodata         0x0800ab60      0x4bc
                0x0800ab60                        . = ALIGN (0x4)
 *(.rodata)
 .rodata        0x0800ab60       0x70 CMakeFiles/motor_mit_control.elf.dir/Core/Src/freertos.c.obj
 *(.rodata*)
 .rodata.str1.4
                0x0800abd0      0x1eb CMakeFiles/motor_mit_control.elf.dir/Core/Src/freertos.c.obj
                                 0x24 (size before relaxing)
 *fill*         0x0800adbb        0x1 
 .rodata.APBPrescTable
                0x0800adbc        0x8 CMakeFiles/motor_mit_control.elf.dir/Core/Src/system_stm32f4xx.c.obj
                0x0800adbc                APBPrescTable
 .rodata.AHBPrescTable
                0x0800adc4       0x10 CMakeFiles/motor_mit_control.elf.dir/Core/Src/system_stm32f4xx.c.obj
                0x0800adc4                AHBPrescTable
 .rodata.flagBitshiftOffset.0
                0x0800add4        0x8 CMakeFiles/motor_mit_control.elf.dir/Drivers/STM32F4xx_HAL_Driver/Src/stm32f4xx_hal_dma.c.obj
 .rodata.vTaskStartScheduler.str1.4
                0x0800addc        0x5 CMakeFiles/motor_mit_control.elf.dir/Middlewares/Third_Party/FreeRTOS/Source/tasks.c.obj
 .rodata.DEBUG_PRINT_TASK.str1.4
                0x0800addc        0xe CMakeFiles/motor_mit_control.elf.dir/codemf/Src/DEBUG_PRINT_TASK.c.obj
 .rodata.CanComm_ControlCmd.str1.4
                0x0800addc        0x8 CMakeFiles/motor_mit_control.elf.dir/codemf/Src/can_comm.c.obj
 .rodata._svfprintf_r.str1.4
                0x0800addc       0x42 C:/CLionToolchains/gcc-arm-none-eabi-10.3-2021.10/bin/../lib/gcc/arm-none-eabi/13.3.1/thumb/v7e-m+fp/hard\libg.a(libc_a-svfprintf.o)
 .rodata.zeroes.0
                0x0800addc       0x10 C:/CLionToolchains/gcc-arm-none-eabi-10.3-2021.10/bin/../lib/gcc/arm-none-eabi/13.3.1/thumb/v7e-m+fp/hard\libg.a(libc_a-svfprintf.o)
 .rodata.blanks.1
                0x0800adec       0x10 C:/CLionToolchains/gcc-arm-none-eabi-10.3-2021.10/bin/../lib/gcc/arm-none-eabi/13.3.1/thumb/v7e-m+fp/hard\libg.a(libc_a-svfprintf.o)
 .rodata.str1.4
                0x0800adfc       0x4c C:/CLionToolchains/gcc-arm-none-eabi-10.3-2021.10/bin/../lib/gcc/arm-none-eabi/13.3.1/thumb/v7e-m+fp/hard\libg.a(libc_a-locale.o)
 .rodata._dtoa_r.str1.4
                0x0800adfc       0x81 C:/CLionToolchains/gcc-arm-none-eabi-10.3-2021.10/bin/../lib/gcc/arm-none-eabi/13.3.1/thumb/v7e-m+fp/hard\libg.a(libc_a-dtoa.o)
 .rodata.__multadd.str1.4
                0x0800adfc       0x6e C:/CLionToolchains/gcc-arm-none-eabi-10.3-2021.10/bin/../lib/gcc/arm-none-eabi/13.3.1/thumb/v7e-m+fp/hard\libg.a(libc_a-mprec.o)
 .rodata.p05.0  0x0800adfc        0xc C:/CLionToolchains/gcc-arm-none-eabi-10.3-2021.10/bin/../lib/gcc/arm-none-eabi/13.3.1/thumb/v7e-m+fp/hard\libg.a(libc_a-mprec.o)
 .rodata.__mprec_bigtens
                0x0800ae08       0x28 C:/CLionToolchains/gcc-arm-none-eabi-10.3-2021.10/bin/../lib/gcc/arm-none-eabi/13.3.1/thumb/v7e-m+fp/hard\libg.a(libc_a-mprec.o)
                0x0800ae08                __mprec_bigtens
 .rodata.__mprec_tens
                0x0800ae30       0xc8 C:/CLionToolchains/gcc-arm-none-eabi-10.3-2021.10/bin/../lib/gcc/arm-none-eabi/13.3.1/thumb/v7e-m+fp/hard\libg.a(libc_a-mprec.o)
                0x0800ae30                __mprec_tens
 .rodata._ctype_
                0x0800aef8      0x101 C:/CLionToolchains/gcc-arm-none-eabi-10.3-2021.10/bin/../lib/gcc/arm-none-eabi/13.3.1/thumb/v7e-m+fp/hard\libg.a(libc_a-ctype_.o)
                0x0800aef8                _ctype_
 .rodata.__assert_func.str1.4
                0x0800aff9       0x43 C:/CLionToolchains/gcc-arm-none-eabi-10.3-2021.10/bin/../lib/gcc/arm-none-eabi/13.3.1/thumb/v7e-m+fp/hard\libg.a(libc_a-assert.o)
 .rodata._vfiprintf_r.str1.4
                0x0800aff9       0x2f C:/CLionToolchains/gcc-arm-none-eabi-10.3-2021.10/bin/../lib/gcc/arm-none-eabi/13.3.1/thumb/v7e-m+fp/hard\libg.a(libc_a-vfiprintf.o)
 *fill*         0x0800aff9        0x3 
 .rodata.zeroes.0
                0x0800affc       0x10 C:/CLionToolchains/gcc-arm-none-eabi-10.3-2021.10/bin/../lib/gcc/arm-none-eabi/13.3.1/thumb/v7e-m+fp/hard\libg.a(libc_a-vfiprintf.o)
 .rodata.blanks.1
                0x0800b00c       0x10 C:/CLionToolchains/gcc-arm-none-eabi-10.3-2021.10/bin/../lib/gcc/arm-none-eabi/13.3.1/thumb/v7e-m+fp/hard\libg.a(libc_a-vfiprintf.o)
                0x0800b01c                        . = ALIGN (0x4)

.ARM.extab      0x0800b01c        0x0
                0x0800b01c                        . = ALIGN (0x4)
 *(.ARM.extab* .gnu.linkonce.armextab.*)
                0x0800b01c                        . = ALIGN (0x4)

.ARM            0x0800b01c        0x8
                0x0800b01c                        . = ALIGN (0x4)
                0x0800b01c                        __exidx_start = .
 *(.ARM.exidx*)
 .ARM.exidx     0x0800b01c        0x8 C:/CLionToolchains/gcc-arm-none-eabi-10.3-2021.10/bin/../lib/gcc/arm-none-eabi/13.3.1/thumb/v7e-m+fp/hard\libg.a(libc_a-memcpy.o)
 .ARM.exidx     0x0800b024        0x0 C:/CLionToolchains/gcc-arm-none-eabi-10.3-2021.10/bin/../lib/gcc/arm-none-eabi/13.3.1/thumb/v7e-m+fp/hard\libg.a(libc_a-memchr.o)
                                  0x8 (size before relaxing)
 .ARM.exidx     0x0800b024        0x0 C:/CLionToolchains/gcc-arm-none-eabi-10.3-2021.10/bin/../lib/gcc/arm-none-eabi/13.3.1/thumb/v7e-m+fp/hard\libg.a(libc_a-strlen.o)
                                  0x8 (size before relaxing)
 .ARM.exidx.text.__udivmoddi4
                0x0800b024        0x0 C:/CLionToolchains/gcc-arm-none-eabi-10.3-2021.10/bin/../lib/gcc/arm-none-eabi/13.3.1/thumb/v7e-m+fp/hard\libgcc.a(_udivmoddi4.o)
                                  0x8 (size before relaxing)
                0x0800b024                        __exidx_end = .
                0x0800b024                        . = ALIGN (0x4)

.preinit_array  0x0800b024        0x0
                0x0800b024                        . = ALIGN (0x4)
                0x0800b024                        PROVIDE (__preinit_array_start = .)
 *(.preinit_array*)
                0x0800b024                        PROVIDE (__preinit_array_end = .)
                0x0800b024                        . = ALIGN (0x4)

.init_array     0x0800b024        0x8
                0x0800b024                        . = ALIGN (0x4)
                0x0800b024                        PROVIDE (__init_array_start = .)
 *(SORT_BY_NAME(.init_array.*))
 .init_array.00000
                0x0800b024        0x4 C:/CLionToolchains/gcc-arm-none-eabi-10.3-2021.10/bin/../lib/gcc/arm-none-eabi/13.3.1/thumb/v7e-m+fp/hard\libg.a(libc_a-__call_atexit.o)
 *(.init_array*)
 .init_array    0x0800b028        0x4 C:/CLionToolchains/gcc-arm-none-eabi-10.3-2021.10/bin/../lib/gcc/arm-none-eabi/13.3.1/thumb/v7e-m+fp/hard/crtbegin.o
                0x0800b02c                        PROVIDE (__init_array_end = .)
                0x0800b02c                        . = ALIGN (0x4)

.fini_array     0x0800b02c        0x4
                0x0800b02c                        . = ALIGN (0x4)
                0x0800b02c                        PROVIDE (__fini_array_start = .)
 *(SORT_BY_NAME(.fini_array.*))
 *(.fini_array*)
 .fini_array    0x0800b02c        0x4 C:/CLionToolchains/gcc-arm-none-eabi-10.3-2021.10/bin/../lib/gcc/arm-none-eabi/13.3.1/thumb/v7e-m+fp/hard/crtbegin.o
                0x0800b030                        PROVIDE (__fini_array_end = .)
                0x0800b030                        . = ALIGN (0x4)
                0x0800b030                        _sidata = LOADADDR (.data)

.rel.dyn        0x0800b030        0x0
 .rel.iplt      0x0800b030        0x0 C:/CLionToolchains/gcc-arm-none-eabi-10.3-2021.10/bin/../lib/gcc/arm-none-eabi/13.3.1/thumb/v7e-m+fp/hard/crtbegin.o

.data           0x20000000      0x6e4 load address 0x0800b030
                0x20000000                        . = ALIGN (0x4)
                0x20000000                        _sdata = .
 *(.data)
 *(.data*)
 .data.SystemCoreClock
                0x20000000        0x4 CMakeFiles/motor_mit_control.elf.dir/Core/Src/system_stm32f4xx.c.obj
                0x20000000                SystemCoreClock
 .data.uwTickFreq
                0x20000004        0x1 CMakeFiles/motor_mit_control.elf.dir/Drivers/STM32F4xx_HAL_Driver/Src/stm32f4xx_hal.c.obj
                0x20000004                uwTickFreq
 *fill*         0x20000005        0x3 
 .data.uwTickPrio
                0x20000008        0x4 CMakeFiles/motor_mit_control.elf.dir/Drivers/STM32F4xx_HAL_Driver/Src/stm32f4xx_hal.c.obj
                0x20000008                uwTickPrio
 .data.uxCriticalNesting
                0x2000000c        0x4 CMakeFiles/motor_mit_control.elf.dir/Middlewares/Third_Party/FreeRTOS/Source/portable/GCC/ARM_CM4F/port.c.obj
 .data.__sglue  0x20000010        0xc C:/CLionToolchains/gcc-arm-none-eabi-10.3-2021.10/bin/../lib/gcc/arm-none-eabi/13.3.1/thumb/v7e-m+fp/hard\libg.a(libc_a-findfp.o)
                0x20000010                __sglue
 .data._impure_ptr
                0x2000001c        0x4 C:/CLionToolchains/gcc-arm-none-eabi-10.3-2021.10/bin/../lib/gcc/arm-none-eabi/13.3.1/thumb/v7e-m+fp/hard\libg.a(libc_a-impure.o)
                0x2000001c                _impure_ptr
 .data._impure_data
                0x20000020      0x140 C:/CLionToolchains/gcc-arm-none-eabi-10.3-2021.10/bin/../lib/gcc/arm-none-eabi/13.3.1/thumb/v7e-m+fp/hard\libg.a(libc_a-impure.o)
                0x20000020                _impure_data
 .data.__atexit_recursive_mutex
                0x20000160        0x4 C:/CLionToolchains/gcc-arm-none-eabi-10.3-2021.10/bin/../lib/gcc/arm-none-eabi/13.3.1/thumb/v7e-m+fp/hard\libg.a(libc_a-__call_atexit.o)
                0x20000160                __atexit_recursive_mutex
 .data.__malloc_sbrk_base
                0x20000164        0x4 C:/CLionToolchains/gcc-arm-none-eabi-10.3-2021.10/bin/../lib/gcc/arm-none-eabi/13.3.1/thumb/v7e-m+fp/hard\libg.a(libc_a-mallocr.o)
                0x20000164                __malloc_sbrk_base
 .data.__malloc_trim_threshold
                0x20000168        0x4 C:/CLionToolchains/gcc-arm-none-eabi-10.3-2021.10/bin/../lib/gcc/arm-none-eabi/13.3.1/thumb/v7e-m+fp/hard\libg.a(libc_a-mallocr.o)
                0x20000168                __malloc_trim_threshold
 *fill*         0x2000016c        0x4 
 .data.__malloc_av_
                0x20000170      0x408 C:/CLionToolchains/gcc-arm-none-eabi-10.3-2021.10/bin/../lib/gcc/arm-none-eabi/13.3.1/thumb/v7e-m+fp/hard\libg.a(libc_a-mallocr.o)
                0x20000170                __malloc_av_
 .data.__global_locale
                0x20000578      0x16c C:/CLionToolchains/gcc-arm-none-eabi-10.3-2021.10/bin/../lib/gcc/arm-none-eabi/13.3.1/thumb/v7e-m+fp/hard\libg.a(libc_a-locale.o)
                0x20000578                __global_locale
 *(.RamFunc)
 *(.RamFunc*)
                0x200006e4                        . = ALIGN (0x4)
                0x200006e4                        _edata = .
                0x0800b714                        _siccmram = LOADADDR (.ccmram)

.tm_clone_table
                0x200006e4        0x0 load address 0x0800b714
 .tm_clone_table
                0x200006e4        0x0 C:/CLionToolchains/gcc-arm-none-eabi-10.3-2021.10/bin/../lib/gcc/arm-none-eabi/13.3.1/thumb/v7e-m+fp/hard/crtbegin.o
 .tm_clone_table
                0x200006e4        0x0 C:/CLionToolchains/gcc-arm-none-eabi-10.3-2021.10/bin/../lib/gcc/arm-none-eabi/13.3.1/thumb/v7e-m+fp/hard/crtend.o

.igot.plt       0x200006e4        0x0 load address 0x0800b714
 .igot.plt      0x200006e4        0x0 C:/CLionToolchains/gcc-arm-none-eabi-10.3-2021.10/bin/../lib/gcc/arm-none-eabi/13.3.1/thumb/v7e-m+fp/hard/crtbegin.o

.ccmram         0x10000000        0x0 load address 0x0800b714
                0x10000000                        . = ALIGN (0x4)
                0x10000000                        _sccmram = .
 *(.ccmram)
 *(.ccmram*)
                0x10000000                        . = ALIGN (0x4)
                0x10000000                        _eccmram = .
                0x10000000                        . = ALIGN (0x4)

.bss            0x200006e8     0x4684
                0x200006e8                        _sbss = .
                0x200006e8                        __bss_start__ = _sbss
 *(.bss)
 *(.bss*)
 .bss.completed.1
                0x200006e8        0x1 C:/CLionToolchains/gcc-arm-none-eabi-10.3-2021.10/bin/../lib/gcc/arm-none-eabi/13.3.1/thumb/v7e-m+fp/hard/crtbegin.o
 *fill*         0x200006e9        0x3 
 .bss.object.0  0x200006ec       0x18 C:/CLionToolchains/gcc-arm-none-eabi-10.3-2021.10/bin/../lib/gcc/arm-none-eabi/13.3.1/thumb/v7e-m+fp/hard/crtbegin.o
 .bss.HAL_RCC_CAN1_CLK_ENABLED
                0x20000704        0x4 CMakeFiles/motor_mit_control.elf.dir/Core/Src/can.c.obj
 .bss.hcan2     0x20000708       0x28 CMakeFiles/motor_mit_control.elf.dir/Core/Src/can.c.obj
                0x20000708                hcan2
 .bss.hcan1     0x20000730       0x28 CMakeFiles/motor_mit_control.elf.dir/Core/Src/can.c.obj
                0x20000730                hcan1
 .bss.xIdleStack
                0x20000758      0x200 CMakeFiles/motor_mit_control.elf.dir/Core/Src/freertos.c.obj
 .bss.xIdleTaskTCBBuffer
                0x20000958      0x198 CMakeFiles/motor_mit_control.elf.dir/Core/Src/freertos.c.obj
 .bss.motorHandle
                0x20000af0        0x4 CMakeFiles/motor_mit_control.elf.dir/Core/Src/freertos.c.obj
                0x20000af0                motorHandle
 .bss.debug_printHandle
                0x20000af4        0x4 CMakeFiles/motor_mit_control.elf.dir/Core/Src/freertos.c.obj
                0x20000af4                debug_printHandle
 .bss.ledHandle
                0x20000af8        0x4 CMakeFiles/motor_mit_control.elf.dir/Core/Src/freertos.c.obj
                0x20000af8                ledHandle
 .bss.defaultTaskHandle
                0x20000afc        0x4 CMakeFiles/motor_mit_control.elf.dir/Core/Src/freertos.c.obj
                0x20000afc                defaultTaskHandle
 .bss.htim7     0x20000b00       0x48 CMakeFiles/motor_mit_control.elf.dir/Core/Src/stm32f4xx_hal_timebase_tim.c.obj
                0x20000b00                htim7
 .bss.__sbrk_heap_end
                0x20000b48        0x4 CMakeFiles/motor_mit_control.elf.dir/Core/Src/sysmem.c.obj
 .bss.hdma_usart1_tx
                0x20000b4c       0x60 CMakeFiles/motor_mit_control.elf.dir/Core/Src/usart.c.obj
                0x20000b4c                hdma_usart1_tx
 .bss.huart1    0x20000bac       0x48 CMakeFiles/motor_mit_control.elf.dir/Core/Src/usart.c.obj
                0x20000bac                huart1
 .bss.uwTick    0x20000bf4        0x4 CMakeFiles/motor_mit_control.elf.dir/Drivers/STM32F4xx_HAL_Driver/Src/stm32f4xx_hal.c.obj
                0x20000bf4                uwTick
 .bss.ulMaxPRIGROUPValue
                0x20000bf8        0x4 CMakeFiles/motor_mit_control.elf.dir/Middlewares/Third_Party/FreeRTOS/Source/portable/GCC/ARM_CM4F/port.c.obj
 .bss.ucMaxSysCallPriority
                0x20000bfc        0x1 CMakeFiles/motor_mit_control.elf.dir/Middlewares/Third_Party/FreeRTOS/Source/portable/GCC/ARM_CM4F/port.c.obj
 *fill*         0x20000bfd        0x3 
 .bss.xBlockAllocatedBit
                0x20000c00        0x4 CMakeFiles/motor_mit_control.elf.dir/Middlewares/Third_Party/FreeRTOS/Source/portable/MemMang/heap_4.c.obj
 .bss.xNumberOfSuccessfulFrees
                0x20000c04        0x4 CMakeFiles/motor_mit_control.elf.dir/Middlewares/Third_Party/FreeRTOS/Source/portable/MemMang/heap_4.c.obj
 .bss.xNumberOfSuccessfulAllocations
                0x20000c08        0x4 CMakeFiles/motor_mit_control.elf.dir/Middlewares/Third_Party/FreeRTOS/Source/portable/MemMang/heap_4.c.obj
 .bss.xMinimumEverFreeBytesRemaining
                0x20000c0c        0x4 CMakeFiles/motor_mit_control.elf.dir/Middlewares/Third_Party/FreeRTOS/Source/portable/MemMang/heap_4.c.obj
 .bss.xFreeBytesRemaining
                0x20000c10        0x4 CMakeFiles/motor_mit_control.elf.dir/Middlewares/Third_Party/FreeRTOS/Source/portable/MemMang/heap_4.c.obj
 .bss.pxEnd     0x20000c14        0x4 CMakeFiles/motor_mit_control.elf.dir/Middlewares/Third_Party/FreeRTOS/Source/portable/MemMang/heap_4.c.obj
 .bss.xStart    0x20000c18        0x8 CMakeFiles/motor_mit_control.elf.dir/Middlewares/Third_Party/FreeRTOS/Source/portable/MemMang/heap_4.c.obj
 .bss.ucHeap    0x20000c20     0x3c00 CMakeFiles/motor_mit_control.elf.dir/Middlewares/Third_Party/FreeRTOS/Source/portable/MemMang/heap_4.c.obj
 .bss.uxSchedulerSuspended
                0x20004820        0x4 CMakeFiles/motor_mit_control.elf.dir/Middlewares/Third_Party/FreeRTOS/Source/tasks.c.obj
 .bss.xIdleTaskHandle
                0x20004824        0x4 CMakeFiles/motor_mit_control.elf.dir/Middlewares/Third_Party/FreeRTOS/Source/tasks.c.obj
 .bss.xNextTaskUnblockTime
                0x20004828        0x4 CMakeFiles/motor_mit_control.elf.dir/Middlewares/Third_Party/FreeRTOS/Source/tasks.c.obj
 .bss.uxTaskNumber
                0x2000482c        0x4 CMakeFiles/motor_mit_control.elf.dir/Middlewares/Third_Party/FreeRTOS/Source/tasks.c.obj
 .bss.xNumOfOverflows
                0x20004830        0x4 CMakeFiles/motor_mit_control.elf.dir/Middlewares/Third_Party/FreeRTOS/Source/tasks.c.obj
 .bss.xYieldPending
                0x20004834        0x4 CMakeFiles/motor_mit_control.elf.dir/Middlewares/Third_Party/FreeRTOS/Source/tasks.c.obj
 .bss.xPendedTicks
                0x20004838        0x4 CMakeFiles/motor_mit_control.elf.dir/Middlewares/Third_Party/FreeRTOS/Source/tasks.c.obj
 .bss.xSchedulerRunning
                0x2000483c        0x4 CMakeFiles/motor_mit_control.elf.dir/Middlewares/Third_Party/FreeRTOS/Source/tasks.c.obj
 .bss.uxTopReadyPriority
                0x20004840        0x4 CMakeFiles/motor_mit_control.elf.dir/Middlewares/Third_Party/FreeRTOS/Source/tasks.c.obj
 .bss.xTickCount
                0x20004844        0x4 CMakeFiles/motor_mit_control.elf.dir/Middlewares/Third_Party/FreeRTOS/Source/tasks.c.obj
 .bss.uxCurrentNumberOfTasks
                0x20004848        0x4 CMakeFiles/motor_mit_control.elf.dir/Middlewares/Third_Party/FreeRTOS/Source/tasks.c.obj
 .bss.xSuspendedTaskList
                0x2000484c       0x14 CMakeFiles/motor_mit_control.elf.dir/Middlewares/Third_Party/FreeRTOS/Source/tasks.c.obj
 .bss.uxDeletedTasksWaitingCleanUp
                0x20004860        0x4 CMakeFiles/motor_mit_control.elf.dir/Middlewares/Third_Party/FreeRTOS/Source/tasks.c.obj
 .bss.xTasksWaitingTermination
                0x20004864       0x14 CMakeFiles/motor_mit_control.elf.dir/Middlewares/Third_Party/FreeRTOS/Source/tasks.c.obj
 .bss.xPendingReadyList
                0x20004878       0x14 CMakeFiles/motor_mit_control.elf.dir/Middlewares/Third_Party/FreeRTOS/Source/tasks.c.obj
 .bss.pxOverflowDelayedTaskList
                0x2000488c        0x4 CMakeFiles/motor_mit_control.elf.dir/Middlewares/Third_Party/FreeRTOS/Source/tasks.c.obj
 .bss.pxDelayedTaskList
                0x20004890        0x4 CMakeFiles/motor_mit_control.elf.dir/Middlewares/Third_Party/FreeRTOS/Source/tasks.c.obj
 .bss.xDelayedTaskList2
                0x20004894       0x14 CMakeFiles/motor_mit_control.elf.dir/Middlewares/Third_Party/FreeRTOS/Source/tasks.c.obj
 .bss.xDelayedTaskList1
                0x200048a8       0x14 CMakeFiles/motor_mit_control.elf.dir/Middlewares/Third_Party/FreeRTOS/Source/tasks.c.obj
 .bss.pxReadyTasksLists
                0x200048bc       0x8c CMakeFiles/motor_mit_control.elf.dir/Middlewares/Third_Party/FreeRTOS/Source/tasks.c.obj
 .bss.pxCurrentTCB
                0x20004948        0x4 CMakeFiles/motor_mit_control.elf.dir/Middlewares/Third_Party/FreeRTOS/Source/tasks.c.obj
                0x20004948                pxCurrentTCB
 .bss.CurVelocity
                0x2000494c        0x4 CMakeFiles/motor_mit_control.elf.dir/codemf/Src/can_comm.c.obj
                0x2000494c                CurVelocity
 .bss.len.0     0x20004950        0x2 CMakeFiles/motor_mit_control.elf.dir/codemf/Src/uart_printf.c.obj
 *fill*         0x20004952        0x2 
 .bss.tx_buf.1  0x20004954      0x100 CMakeFiles/motor_mit_control.elf.dir/codemf/Src/uart_printf.c.obj
 .bss.ap.2      0x20004a54        0x4 CMakeFiles/motor_mit_control.elf.dir/codemf/Src/uart_printf.c.obj
 .bss.__sf      0x20004a58      0x138 C:/CLionToolchains/gcc-arm-none-eabi-10.3-2021.10/bin/../lib/gcc/arm-none-eabi/13.3.1/thumb/v7e-m+fp/hard\libg.a(libc_a-findfp.o)
                0x20004a58                __sf
 .bss.__stdio_exit_handler
                0x20004b90        0x4 C:/CLionToolchains/gcc-arm-none-eabi-10.3-2021.10/bin/../lib/gcc/arm-none-eabi/13.3.1/thumb/v7e-m+fp/hard\libg.a(libc_a-findfp.o)
                0x20004b90                __stdio_exit_handler
 .bss.errno     0x20004b94        0x4 C:/CLionToolchains/gcc-arm-none-eabi-10.3-2021.10/bin/../lib/gcc/arm-none-eabi/13.3.1/thumb/v7e-m+fp/hard\libg.a(libc_a-reent.o)
                0x20004b94                errno
 .bss.__lock___malloc_recursive_mutex
                0x20004b98        0x1 C:/CLionToolchains/gcc-arm-none-eabi-10.3-2021.10/bin/../lib/gcc/arm-none-eabi/13.3.1/thumb/v7e-m+fp/hard\libg.a(libc_a-lock.o)
                0x20004b98                __lock___malloc_recursive_mutex
 *fill*         0x20004b99        0x3 
 .bss.__lock___atexit_recursive_mutex
                0x20004b9c        0x1 C:/CLionToolchains/gcc-arm-none-eabi-10.3-2021.10/bin/../lib/gcc/arm-none-eabi/13.3.1/thumb/v7e-m+fp/hard\libg.a(libc_a-lock.o)
                0x20004b9c                __lock___atexit_recursive_mutex
 *fill*         0x20004b9d        0x3 
 .bss.__lock___sfp_recursive_mutex
                0x20004ba0        0x1 C:/CLionToolchains/gcc-arm-none-eabi-10.3-2021.10/bin/../lib/gcc/arm-none-eabi/13.3.1/thumb/v7e-m+fp/hard\libg.a(libc_a-lock.o)
                0x20004ba0                __lock___sfp_recursive_mutex
 *fill*         0x20004ba1        0x3 
 .bss.__atexit  0x20004ba4        0x4 C:/CLionToolchains/gcc-arm-none-eabi-10.3-2021.10/bin/../lib/gcc/arm-none-eabi/13.3.1/thumb/v7e-m+fp/hard\libg.a(libc_a-__call_atexit.o)
                0x20004ba4                __atexit
 .bss.__malloc_current_mallinfo
                0x20004ba8       0x28 C:/CLionToolchains/gcc-arm-none-eabi-10.3-2021.10/bin/../lib/gcc/arm-none-eabi/13.3.1/thumb/v7e-m+fp/hard\libg.a(libc_a-mallocr.o)
                0x20004ba8                __malloc_current_mallinfo
 .bss.__malloc_max_total_mem
                0x20004bd0        0x4 C:/CLionToolchains/gcc-arm-none-eabi-10.3-2021.10/bin/../lib/gcc/arm-none-eabi/13.3.1/thumb/v7e-m+fp/hard\libg.a(libc_a-mallocr.o)
                0x20004bd0                __malloc_max_total_mem
 .bss.__malloc_max_sbrked_mem
                0x20004bd4        0x4 C:/CLionToolchains/gcc-arm-none-eabi-10.3-2021.10/bin/../lib/gcc/arm-none-eabi/13.3.1/thumb/v7e-m+fp/hard\libg.a(libc_a-mallocr.o)
                0x20004bd4                __malloc_max_sbrked_mem
 .bss.__malloc_top_pad
                0x20004bd8        0x4 C:/CLionToolchains/gcc-arm-none-eabi-10.3-2021.10/bin/../lib/gcc/arm-none-eabi/13.3.1/thumb/v7e-m+fp/hard\libg.a(libc_a-mallocr.o)
                0x20004bd8                __malloc_top_pad
 .bss.__atexit0
                0x20004bdc      0x190 C:/CLionToolchains/gcc-arm-none-eabi-10.3-2021.10/bin/../lib/gcc/arm-none-eabi/13.3.1/thumb/v7e-m+fp/hard\libg.a(libc_a-__atexit.o)
                0x20004bdc                __atexit0
 *(COMMON)
                0x20004d6c                        . = ALIGN (0x4)
                0x20004d6c                        _ebss = .
                0x20004d6c                        __bss_end__ = _ebss

._user_heap_stack
                0x20004d6c      0x604
                0x20004d70                        . = ALIGN (0x8)
 *fill*         0x20004d6c        0x4 
                [!provide]                        PROVIDE (end = .)
                0x20004d70                        PROVIDE (_end = .)
                0x20004f70                        . = (. + _Min_Heap_Size)
 *fill*         0x20004d70      0x200 
                0x20005370                        . = (. + _Min_Stack_Size)
 *fill*         0x20004f70      0x400 
                0x20005370                        . = ALIGN (0x8)

/DISCARD/
 libc.a(*)
 libm.a(*)
 libgcc.a(*)

.ARM.attributes
                0x00000000       0x30
 *(.ARM.attributes)
 .ARM.attributes
                0x00000000       0x22 C:/CLionToolchains/gcc-arm-none-eabi-10.3-2021.10/bin/../lib/gcc/arm-none-eabi/13.3.1/thumb/v7e-m+fp/hard/crti.o
 .ARM.attributes
                0x00000022       0x34 C:/CLionToolchains/gcc-arm-none-eabi-10.3-2021.10/bin/../lib/gcc/arm-none-eabi/13.3.1/thumb/v7e-m+fp/hard/crtbegin.o
 .ARM.attributes
                0x00000056       0x34 CMakeFiles/motor_mit_control.elf.dir/Core/Src/can.c.obj
 .ARM.attributes
                0x0000008a       0x34 CMakeFiles/motor_mit_control.elf.dir/Core/Src/dma.c.obj
 .ARM.attributes
                0x000000be       0x34 CMakeFiles/motor_mit_control.elf.dir/Core/Src/freertos.c.obj
 .ARM.attributes
                0x000000f2       0x34 CMakeFiles/motor_mit_control.elf.dir/Core/Src/gpio.c.obj
 .ARM.attributes
                0x00000126       0x34 CMakeFiles/motor_mit_control.elf.dir/Core/Src/main.c.obj
 .ARM.attributes
                0x0000015a       0x34 CMakeFiles/motor_mit_control.elf.dir/Core/Src/stm32f4xx_hal_msp.c.obj
 .ARM.attributes
                0x0000018e       0x34 CMakeFiles/motor_mit_control.elf.dir/Core/Src/stm32f4xx_hal_timebase_tim.c.obj
 .ARM.attributes
                0x000001c2       0x34 CMakeFiles/motor_mit_control.elf.dir/Core/Src/stm32f4xx_it.c.obj
 .ARM.attributes
                0x000001f6       0x34 CMakeFiles/motor_mit_control.elf.dir/Core/Src/syscalls.c.obj
 .ARM.attributes
                0x0000022a       0x34 CMakeFiles/motor_mit_control.elf.dir/Core/Src/sysmem.c.obj
 .ARM.attributes
                0x0000025e       0x34 CMakeFiles/motor_mit_control.elf.dir/Core/Src/system_stm32f4xx.c.obj
 .ARM.attributes
                0x00000292       0x34 CMakeFiles/motor_mit_control.elf.dir/Core/Src/usart.c.obj
 .ARM.attributes
                0x000002c6       0x21 CMakeFiles/motor_mit_control.elf.dir/Core/Startup/startup_stm32f407ighx.s.obj
 .ARM.attributes
                0x000002e7       0x34 CMakeFiles/motor_mit_control.elf.dir/Drivers/STM32F4xx_HAL_Driver/Src/stm32f4xx_hal.c.obj
 .ARM.attributes