Archive member included to satisfy reference by file (symbol)

C:/CLionToolchains/gcc-arm-none-eabi-10.3-2021.10/bin/../lib/gcc/arm-none-eabi/13.3.1/thumb/v7e-m+fp/hard\libgcc.a(_arm_addsubdf3.o)
                              CMakeFiles/motor_mit_control.elf.dir/codemf/Src/DEBUG_PRINT_TASK.c.obj (__aeabi_f2d)
C:/CLionToolchains/gcc-arm-none-eabi-10.3-2021.10/bin/../lib/gcc/arm-none-eabi/13.3.1/thumb/v7e-m+fp/hard\libgcc.a(_aeabi_uldivmod.o)
                              CMakeFiles/motor_mit_control.elf.dir/Drivers/STM32F4xx_HAL_Driver/Src/stm32f4xx_hal_rcc.c.obj (__aeabi_uldivmod)
C:/CLionToolchains/gcc-arm-none-eabi-10.3-2021.10/bin/../lib/gcc/arm-none-eabi/13.3.1/thumb/v7e-m+fp/hard\libgcc.a(_udivmoddi4.o)
                              C:/CLionToolchains/gcc-arm-none-eabi-10.3-2021.10/bin/../lib/gcc/arm-none-eabi/13.3.1/thumb/v7e-m+fp/hard\libgcc.a(_aeabi_uldivmod.o) (__udivmoddi4)
C:/CLionToolchains/gcc-arm-none-eabi-10.3-2021.10/bin/../lib/gcc/arm-none-eabi/13.3.1/thumb/v7e-m+fp/hard\libgcc.a(_dvmd_tls.o)
                              C:/CLionToolchains/gcc-arm-none-eabi-10.3-2021.10/bin/../lib/gcc/arm-none-eabi/13.3.1/thumb/v7e-m+fp/hard\libgcc.a(_aeabi_uldivmod.o) (__aeabi_ldiv0)
C:/CLionToolchains/gcc-arm-none-eabi-10.3-2021.10/bin/../lib/gcc/arm-none-eabi/13.3.1/thumb/v7e-m+fp/hard\libg.a(libc_a-exit.o)
                              C:/CLionToolchains/gcc-arm-none-eabi-10.3-2021.10/bin/../lib/gcc/arm-none-eabi/13.3.1/thumb/v7e-m+fp/hard/crt0.o (exit)
C:/CLionToolchains/gcc-arm-none-eabi-10.3-2021.10/bin/../lib/gcc/arm-none-eabi/13.3.1/thumb/v7e-m+fp/hard\libg.a(libc_a-findfp.o)
                              CMakeFiles/motor_mit_control.elf.dir/Middlewares/Third_Party/FreeRTOS/Source/tasks.c.obj (__sf)
C:/CLionToolchains/gcc-arm-none-eabi-10.3-2021.10/bin/../lib/gcc/arm-none-eabi/13.3.1/thumb/v7e-m+fp/hard\libg.a(libc_a-fwalk.o)
                              C:/CLionToolchains/gcc-arm-none-eabi-10.3-2021.10/bin/../lib/gcc/arm-none-eabi/13.3.1/thumb/v7e-m+fp/hard\libg.a(libc_a-findfp.o) (_fwalk_sglue)
C:/CLionToolchains/gcc-arm-none-eabi-10.3-2021.10/bin/../lib/gcc/arm-none-eabi/13.3.1/thumb/v7e-m+fp/hard\libg.a(libc_a-stdio.o)
                              C:/CLionToolchains/gcc-arm-none-eabi-10.3-2021.10/bin/../lib/gcc/arm-none-eabi/13.3.1/thumb/v7e-m+fp/hard\libg.a(libc_a-findfp.o) (__sread)
C:/CLionToolchains/gcc-arm-none-eabi-10.3-2021.10/bin/../lib/gcc/arm-none-eabi/13.3.1/thumb/v7e-m+fp/hard\libg.a(libc_a-vsprintf.o)
                              CMakeFiles/motor_mit_control.elf.dir/codemf/Src/uart_printf.c.obj (vsprintf)
C:/CLionToolchains/gcc-arm-none-eabi-10.3-2021.10/bin/../lib/gcc/arm-none-eabi/13.3.1/thumb/v7e-m+fp/hard\libg.a(libc_a-memset.o)
                              C:/CLionToolchains/gcc-arm-none-eabi-10.3-2021.10/bin/../lib/gcc/arm-none-eabi/13.3.1/thumb/v7e-m+fp/hard/crt0.o (memset)
C:/CLionToolchains/gcc-arm-none-eabi-10.3-2021.10/bin/../lib/gcc/arm-none-eabi/13.3.1/thumb/v7e-m+fp/hard\libg.a(libc_a-closer.o)
                              C:/CLionToolchains/gcc-arm-none-eabi-10.3-2021.10/bin/../lib/gcc/arm-none-eabi/13.3.1/thumb/v7e-m+fp/hard\libg.a(libc_a-stdio.o) (_close_r)
C:/CLionToolchains/gcc-arm-none-eabi-10.3-2021.10/bin/../lib/gcc/arm-none-eabi/13.3.1/thumb/v7e-m+fp/hard\libg.a(libc_a-reent.o)
                              CMakeFiles/motor_mit_control.elf.dir/Middlewares/Third_Party/FreeRTOS/Source/tasks.c.obj (_reclaim_reent)
C:/CLionToolchains/gcc-arm-none-eabi-10.3-2021.10/bin/../lib/gcc/arm-none-eabi/13.3.1/thumb/v7e-m+fp/hard\libg.a(libc_a-impure.o)
                              CMakeFiles/motor_mit_control.elf.dir/Middlewares/Third_Party/FreeRTOS/Source/tasks.c.obj (_impure_ptr)
C:/CLionToolchains/gcc-arm-none-eabi-10.3-2021.10/bin/../lib/gcc/arm-none-eabi/13.3.1/thumb/v7e-m+fp/hard\libg.a(libc_a-lseekr.o)
                              C:/CLionToolchains/gcc-arm-none-eabi-10.3-2021.10/bin/../lib/gcc/arm-none-eabi/13.3.1/thumb/v7e-m+fp/hard\libg.a(libc_a-stdio.o) (_lseek_r)
C:/CLionToolchains/gcc-arm-none-eabi-10.3-2021.10/bin/../lib/gcc/arm-none-eabi/13.3.1/thumb/v7e-m+fp/hard\libg.a(libc_a-readr.o)
                              C:/CLionToolchains/gcc-arm-none-eabi-10.3-2021.10/bin/../lib/gcc/arm-none-eabi/13.3.1/thumb/v7e-m+fp/hard\libg.a(libc_a-stdio.o) (_read_r)
C:/CLionToolchains/gcc-arm-none-eabi-10.3-2021.10/bin/../lib/gcc/arm-none-eabi/13.3.1/thumb/v7e-m+fp/hard\libg.a(libc_a-writer.o)
                              C:/CLionToolchains/gcc-arm-none-eabi-10.3-2021.10/bin/../lib/gcc/arm-none-eabi/13.3.1/thumb/v7e-m+fp/hard\libg.a(libc_a-stdio.o) (_write_r)
C:/CLionToolchains/gcc-arm-none-eabi-10.3-2021.10/bin/../lib/gcc/arm-none-eabi/13.3.1/thumb/v7e-m+fp/hard\libg.a(libc_a-errno.o)
                              CMakeFiles/motor_mit_control.elf.dir/Core/Src/syscalls.c.obj (__errno)
C:/CLionToolchains/gcc-arm-none-eabi-10.3-2021.10/bin/../lib/gcc/arm-none-eabi/13.3.1/thumb/v7e-m+fp/hard\libg.a(libc_a-init.o)
[...]
Memory Configuration

Name             Origin             Length             Attributes
CCMRAM           0x10000000         0x00010000         xrw
RAM              0x20000000         0x00020000         xrw
FLASH            0x08000000         0x00100000         xr
*default*        0x00000000         0xffffffff

Linker script and memory map

LOAD C:/CLionToolchains/gcc-arm-none-eabi-10.3-2021.10/bin/../lib/gcc/arm-none-eabi/13.3.1/thumb/v7e-m+fp/hard/crti.o
LOAD C:/CLionToolchains/gcc-arm-none-eabi-10.3-2021.10/bin/../lib/gcc/arm-none-eabi/13.3.1/thumb/v7e-m+fp/hard/crtbegin.o
LOAD C:/CLionToolchains/gcc-arm-none-eabi-10.3-2021.10/bin/../lib/gcc/arm-none-eabi/13.3.1/thumb/v7e-m+fp/hard/crt0.o
LOAD CMakeFiles/motor_mit_control.elf.dir/Core/Src/can.c.obj
LOAD CMakeFiles/motor_mit_control.elf.dir/Core/Src/dma.c.obj
LOAD CMakeFiles/motor_mit_control.elf.dir/Core/Src/freertos.c.obj
LOAD CMakeFiles/motor_mit_control.elf.dir/Core/Src/gpio.c.obj
LOAD CMakeFiles/motor_mit_control.elf.dir/Core/Src/main.c.obj
LOAD CMakeFiles/motor_mit_control.elf.dir/Core/Src/stm32f4xx_hal_msp.c.obj
LOAD CMakeFiles/motor_mit_control.elf.dir/Core/Src/stm32f4xx_hal_timebase_tim.c.obj
LOAD CMakeFiles/motor_mit_control.elf.dir/Core/Src/stm32f4xx_it.c.obj
LOAD CMakeFiles/motor_mit_control.elf.dir/Core/Src/syscalls.c.obj
LOAD CMakeFiles/motor_mit_control.elf.dir/Core/Src/sysmem.c.obj
LOAD CMakeFiles/motor_mit_control.elf.dir/Core/Src/system_stm32f4xx.c.obj
LOAD CMakeFiles/motor_mit_control.elf.dir/Core/Src/usart.c.obj
LOAD CMakeFiles/motor_mit_control.elf.dir/Core/Startup/startup_stm32f407ighx.s.obj
LOAD CMakeFiles/motor_mit_control.elf.dir/Drivers/STM32F4xx_HAL_Driver/Src/stm32f4xx_hal.c.obj
LOAD CMakeFiles/motor_mit_control.elf.dir/Drivers/STM32F4xx_HAL_Driver/Src/stm32f4xx_hal_can.c.obj
LOAD CMakeFiles/motor_mit_control.elf.dir/Drivers/STM32F4xx_HAL_Driver/Src/stm32f4xx_hal_cortex.c.obj
LOAD CMakeFiles/motor_mit_control.elf.dir/Drivers/STM32F4xx_HAL_Driver/Src/stm32f4xx_hal_dma.c.obj
LOAD CMakeFiles/motor_mit_control.elf.dir/Drivers/STM32F4xx_HAL_Driver/Src/stm32f4xx_hal_dma_ex.c.obj
LOAD CMakeFiles/motor_mit_control.elf.dir/Drivers/STM32F4xx_HAL_Driver/Src/stm32f4xx_hal_exti.c.obj
LOAD CMakeFiles/motor_mit_control.elf.dir/Drivers/STM32F4xx_HAL_Driver/Src/stm32f4xx_hal_flash.c.obj
LOAD CMakeFiles/motor_mit_control.elf.dir/Drivers/STM32F4xx_HAL_Driver/Src/stm32f4xx_hal_flash_ex.c.obj
LOAD CMakeFiles/motor_mit_control.elf.dir/Drivers/STM32F4xx_HAL_Driver/Src/stm32f4xx_hal_flash_ramfunc.c.obj
LOAD CMakeFiles/motor_mit_control.elf.dir/Drivers/STM32F4xx_HAL_Driver/Src/stm32f4xx_hal_gpio.c.obj
LOAD CMakeFiles/motor_mit_control.elf.dir/Drivers/STM32F4xx_HAL_Driver/Src/stm32f4xx_hal_pwr.c.obj
LOAD CMakeFiles/motor_mit_control.elf.dir/Drivers/STM32F4xx_HAL_Driver/Src/stm32f4xx_hal_pwr_ex.c.obj
LOAD CMakeFiles/motor_mit_control.elf.dir/Drivers/STM32F4xx_HAL_Driver/Src/stm32f4xx_hal_rcc.c.obj
LOAD CMakeFiles/motor_mit_control.elf.dir/Drivers/STM32F4xx_HAL_Driver/Src/stm32f4xx_hal_rcc_ex.c.obj
LOAD CMakeFiles/motor_mit_control.elf.dir/Drivers/STM32F4xx_HAL_Driver/Src/stm32f4xx_hal_tim.c.obj
LOAD CMakeFiles/motor_mit_control.elf.dir/Drivers/STM32F4xx_HAL_Driver/Src/stm32f4xx_hal_tim_ex.c.obj
LOAD CMakeFiles/motor_mit_control.elf.dir/Drivers/STM32F4xx_HAL_Driver/Src/stm32f4xx_hal_uart.c.obj
LOAD CMakeFiles/motor_mit_control.elf.dir/Middlewares/Third_Party/FreeRTOS/Source/CMSIS_RTOS/cmsis_os.c.obj
LOAD CMakeFiles/motor_mit_control.elf.dir/Middlewares/Third_Party/FreeRTOS/Source/croutine.c.obj
LOAD CMakeFiles/motor_mit_control.elf.dir/Middlewares/Third_Party/FreeRTOS/Source/event_groups.c.obj
LOAD CMakeFiles/motor_mit_control.elf.dir/Middlewares/Third_Party/FreeRTOS/Source/list.c.obj
LOAD CMakeFiles/motor_mit_control.elf.dir/Middlewares/Third_Party/FreeRTOS/Source/portable/GCC/ARM_CM4F/port.c.obj
LOAD CMakeFiles/motor_mit_control.elf.dir/Middlewares/Third_Party/FreeRTOS/Source/portable/MemMang/heap_4.c.obj
LOAD CMakeFiles/motor_mit_control.elf.dir/Middlewares/Third_Party/FreeRTOS/Source/queue.c.obj
LOAD CMakeFiles/motor_mit_control.elf.dir/Middlewares/Third_Party/FreeRTOS/Source/stream_buffer.c.obj
LOAD CMakeFiles/motor_mit_control.elf.dir/Middlewares/Third_Party/FreeRTOS/Source/tasks.c.obj
LOAD CMakeFiles/motor_mit_control.elf.dir/Middlewares/Third_Party/FreeRTOS/Source/timers.c.obj
LOAD CMakeFiles/motor_mit_control.elf.dir/codemf/Src/CAN_receive.c.obj
LOAD CMakeFiles/motor_mit_control.elf.dir/codemf/Src/DEBUG_PRINT_TASK.c.obj
LOAD CMakeFiles/motor_mit_control.elf.dir/codemf/Src/LED_TASK.c.obj
LOAD CMakeFiles/motor_mit_control.elf.dir/codemf/Src/MOTOR_CONTROL_TASK.c.obj
LOAD CMakeFiles/motor_mit_control.elf.dir/codemf/Src/can_comm.c.obj
LOAD CMakeFiles/motor_mit_control.elf.dir/codemf/Src/uart_printf.c.obj
START GROUP
LOAD C:/CLionToolchains/gcc-arm-none-eabi-10.3-2021.10/bin/../lib/gcc/arm-none-eabi/13.3.1/thumb/v7e-m+fp/hard\libgcc.a
LOAD C:/CLionToolchains/gcc-arm-none-eabi-10.3-2021.10/bin/../lib/gcc/arm-none-eabi/13.3.1/thumb/v7e-m+fp/hard\libg.a
LOAD C:/CLionToolchains/gcc-arm-none-eabi-10.3-2021.10/bin/../lib/gcc/arm-none-eabi/13.3.1/thumb/v7e-m+fp/hard\libc.a
END GROUP
LOAD C:/CLionToolchains/gcc-arm-none-eabi-10.3-2021.10/bin/../lib/gcc/arm-none-eabi/13.3.1/thumb/v7e-m+fp/hard/crtend.o
LOAD C:/CLionToolchains/gcc-arm-none-eabi-10.3-2021.10/bin/../lib/gcc/arm-none-eabi/13.3.1/thumb/v7e-m+fp/hard/crtn.o
                0x20020000                        _estack = (ORIGIN (RAM) + LENGTH (RAM))
                0x00000200                        _Min_Heap_Size = 0x200
                0x00000400                        _Min_Stack_Size = 0x400

.isr_vector     0x08000000      0x188
                0x08000000                        . = ALIGN (0x4)
 *(.isr_vector)
 .isr_vector    0x08000000      0x188 CMakeFiles/motor_mit_control.elf.dir/Core/Startup/startup_stm32f407ighx.s.obj
                0x08000000                g_pfnVectors
                0x08000188                        . = ALIGN (0x4)

.text           0x080001c0     0xab78
                0x080001c0                        . = ALIGN (0x4)
 *(.text)
 .text          0x080001c0      0x378 C:/CLionToolchains/gcc-arm-none-eabi-10.3-2021.10/bin/../lib/gcc/arm-none-eabi/13.3.1/thumb/v7e-m+fp/hard\libgcc.a(_arm_addsubdf3.o)
                0x080001c0                __aeabi_drsub
                0x080001c8                __aeabi_dsub
                0x080001c8                __subdf3
                0x080001cc                __aeabi_dadd
                0x080001cc                __adddf3
                0x08000444                __floatunsidf
                0x08000444                __aeabi_ui2d
                0x08000464                __floatsidf
                0x08000464                __aeabi_i2d
                0x08000488                __aeabi_f2d
                0x08000488                __extendsfdf2
                0x080004cc                __floatundidf
                0x080004cc                __aeabi_ul2d
                0x080004dc                __floatdidf
                0x080004dc                __aeabi_l2d
 .text          0x08000538       0x30 C:/CLionToolchains/gcc-arm-none-eabi-10.3-2021.10/bin/../lib/gcc/arm-none-eabi/13.3.1/thumb/v7e-m+fp/hard\libgcc.a(_aeabi_uldivmod.o)
                0x08000538                __aeabi_uldivmod
 .text          0x08000568        0x4 C:/CLionToolchains/gcc-arm-none-eabi-10.3-2021.10/bin/../lib/gcc/arm-none-eabi/13.3.1/thumb/v7e-m+fp/hard\libgcc.a(_dvmd_tls.o)
                0x08000568                __aeabi_idiv0
                0x08000568                __aeabi_ldiv0
 .text          0x0800056c      0x134 C:/CLionToolchains/gcc-arm-none-eabi-10.3-2021.10/bin/../lib/gcc/arm-none-eabi/13.3.1/thumb/v7e-m+fp/hard\libg.a(libc_a-memcpy.o)
                0x0800056c                memcpy
 .text          0x080006a0       0xa0 C:/CLionToolchains/gcc-arm-none-eabi-10.3-2021.10/bin/../lib/gcc/arm-none-eabi/13.3.1/thumb/v7e-m+fp/hard\libg.a(libc_a-memchr.o)
                0x080006a0                memchr
 .text          0x08000740       0xd8 C:/CLionToolchains/gcc-arm-none-eabi-10.3-2021.10/bin/../lib/gcc/arm-none-eabi/13.3.1/thumb/v7e-m+fp/hard\libg.a(libc_a-strlen.o)
                0x08000740                strlen
 .text          0x08000818      0x424 C:/CLionToolchains/gcc-arm-none-eabi-10.3-2021.10/bin/../lib/gcc/arm-none-eabi/13.3.1/thumb/v7e-m+fp/hard\libgcc.a(_arm_muldivdf3.o)
                0x08000818                __aeabi_dmul
                0x08000818                __muldf3
                0x08000a6c                __divdf3
                0x08000a6c                __aeabi_ddiv
 .text          0x08000c3c      0x110 C:/CLionToolchains/gcc-arm-none-eabi-10.3-2021.10/bin/../lib/gcc/arm-none-eabi/13.3.1/thumb/v7e-m+fp/hard\libgcc.a(_arm_cmpdf2.o)
                0x08000c3c                __gtdf2
                0x08000c3c                __gedf2
                0x08000c44                __ltdf2
                0x08000c44                __ledf2
                0x08000c4c                __nedf2
                0x08000c4c                __eqdf2
                0x08000c4c                __cmpdf2
                0x08000cc8                __aeabi_cdrcmple
                0x08000cd8                __aeabi_cdcmpeq
                0x08000cd8                __aeabi_cdcmple
                0x08000ce8                __aeabi_dcmpeq
                0x08000cfc                __aeabi_dcmplt
                0x08000d10                __aeabi_dcmple
                0x08000d24                __aeabi_dcmpge
                0x08000d38                __aeabi_dcmpgt
 .text          0x08000d4c       0x2c C:/CLionToolchains/gcc-arm-none-eabi-10.3-2021.10/bin/../lib/gcc/arm-none-eabi/13.3.1/thumb/v7e-m+fp/hard\libgcc.a(_arm_unorddf2.o)
                0x08000d4c                __unorddf2
                0x08000d4c                __aeabi_dcmpun
 .text          0x08000d78       0x50 C:/CLionToolchains/gcc-arm-none-eabi-10.3-2021.10/bin/../lib/gcc/arm-none-eabi/13.3.1/thumb/v7e-m+fp/hard\libgcc.a(_arm_fixdfsi.o)
                0x08000d78                __aeabi_d2iz
                0x08000d78                __fixdfsi
 *(.text*)
 .text.deregister_tm_clones
                0x08000dc8       0x1c C:/CLionToolchains/gcc-arm-none-eabi-10.3-2021.10/bin/../lib/gcc/arm-none-eabi/13.3.1/thumb/v7e-m+fp/hard/crtbegin.o
 .text.register_tm_clones
                0x08000de4       0x24 C:/CLionToolchains/gcc-arm-none-eabi-10.3-2021.10/bin/../lib/gcc/arm-none-eabi/13.3.1/thumb/v7e-m+fp/hard/crtbegin.o
 .text.__do_global_dtors_aux
                0x08000e08       0x28 C:/CLionToolchains/gcc-arm-none-eabi-10.3-2021.10/bin/../lib/gcc/arm-none-eabi/13.3.1/thumb/v7e-m+fp/hard/crtbegin.o
 .text.frame_dummy
                0x08000e30       0x24 C:/CLionToolchains/gcc-arm-none-eabi-10.3-2021.10/bin/../lib/gcc/arm-none-eabi/13.3.1/thumb/v7e-m+fp/hard/crtbegin.o
 .text.MX_CAN1_Init
                0x08000e54       0x40 CMakeFiles/motor_mit_control.elf.dir/Core/Src/can.c.obj
                0x08000e54                MX_CAN1_Init
 .text.MX_CAN2_Init
                0x08000e94       0x40 CMakeFiles/motor_mit_control.elf.dir/Core/Src/can.c.obj
                0x08000e94                MX_CAN2_Init
 .text.HAL_CAN_MspInit
                0x08000ed4      0x120 CMakeFiles/motor_mit_control.elf.dir/Core/Src/can.c.obj
                0x08000ed4                HAL_CAN_MspInit
 .text.MX_DMA_Init
                0x08000ff4       0x54 CMakeFiles/motor_mit_control.elf.dir/Core/Src/dma.c.obj
                0x08000ff4                MX_DMA_Init
 .text.StartDefaultTask
                0x08001048        0xa CMakeFiles/motor_mit_control.elf.dir/Core/Src/freertos.c.obj
                0x08001048                StartDefaultTask
 *fill*         0x08001052        0x2 
 .text.vApplicationGetIdleTaskMemory
                0x08001054       0x18 CMakeFiles/motor_mit_control.elf.dir/Core/Src/freertos.c.obj
                0x08001054                vApplicationGetIdleTaskMemory
 .text.MX_FREERTOS_Init
                0x0800106c       0xac CMakeFiles/motor_mit_control.elf.dir/Core/Src/freertos.c.obj
                0x0800106c                MX_FREERTOS_Init
 .text.MX_GPIO_Init
                0x08001118       0xa8 CMakeFiles/motor_mit_control.elf.dir/Core/Src/gpio.c.obj
                0x08001118                MX_GPIO_Init
 .text.HAL_TIM_PeriodElapsedCallback
                0x080011c0       0x18 CMakeFiles/motor_mit_control.elf.dir/Core/Src/main.c.obj
                0x080011c0                HAL_TIM_PeriodElapsedCallback
 .text.Error_Handler
                0x080011d8        0x4 CMakeFiles/motor_mit_control.elf.dir/Core/Src/main.c.obj
                0x080011d8                Error_Handler
 .text.SystemClock_Config
                0x080011dc       0xa8 CMakeFiles/motor_mit_control.elf.dir/Core/Src/main.c.obj
                0x080011dc                SystemClock_Config
 .text.main     0x08001284       0x30 CMakeFiles/motor_mit_control.elf.dir/Core/Src/main.c.obj
                0x08001284                main
 .text.HAL_MspInit
                0x080012b4       0x44 CMakeFiles/motor_mit_control.elf.dir/Core/Src/stm32f4xx_hal_msp.c.obj
                0x080012b4                HAL_MspInit
 .text.HAL_InitTick
                0x080012f8       0xa4 CMakeFiles/motor_mit_control.elf.dir/Core/Src/stm32f4xx_hal_timebase_tim.c.obj
                0x080012f8                HAL_InitTick
 .text.NMI_Handler
                0x0800139c        0x2 CMakeFiles/motor_mit_control.elf.dir/Core/Src/stm32f4xx_it.c.obj
                0x0800139c                NMI_Handler
 .text.HardFault_Handler
                0x0800139e        0x2 CMakeFiles/motor_mit_control.elf.dir/Core/Src/stm32f4xx_it.c.obj
                0x0800139e                HardFault_Handler
 .text.MemManage_Handler
                0x080013a0        0x2 CMakeFiles/motor_mit_control.elf.dir/Core/Src/stm32f4xx_it.c.obj
                0x080013a0                MemManage_Handler
 .text.BusFault_Handler
                0x080013a2        0x2 CMakeFiles/motor_mit_control.elf.dir/Core/Src/stm32f4xx_it.c.obj
                0x080013a2                BusFault_Handler
 .text.UsageFault_Handler
                0x080013a4        0x2 CMakeFiles/motor_mit_control.elf.dir/Core/Src/stm32f4xx_it.c.obj
                0x080013a4                UsageFault_Handler
 .text.DebugMon_Handler
                0x080013a6        0x2 CMakeFiles/motor_mit_control.elf.dir/Core/Src/stm32f4xx_it.c.obj
                0x080013a6                DebugMon_Handler
 .text.CAN1_RX0_IRQHandler
                0x080013a8       0x10 CMakeFiles/motor_mit_control.elf.dir/Core/Src/stm32f4xx_it.c.obj
                0x080013a8                CAN1_RX0_IRQHandler
 .text.USART1_IRQHandler
                0x080013b8       0x10 CMakeFiles/motor_mit_control.elf.dir/Core/Src/stm32f4xx_it.c.obj
                0x080013b8                USART1_IRQHandler
 .text.TIM7_IRQHandler
                0x080013c8       0x10 CMakeFiles/motor_mit_control.elf.dir/Core/Src/stm32f4xx_it.c.obj
                0x080013c8                TIM7_IRQHandler
 .text.DMA2_Stream1_IRQHandler
                0x080013d8       0x10 CMakeFiles/motor_mit_control.elf.dir/Core/Src/stm32f4xx_it.c.obj
                0x080013d8                DMA2_Stream1_IRQHandler
 .text.CAN2_RX0_IRQHandler
                0x080013e8       0x10 CMakeFiles/motor_mit_control.elf.dir/Core/Src/stm32f4xx_it.c.obj
                0x080013e8                CAN2_RX0_IRQHandler
 .text.DMA2_Stream6_IRQHandler
                0x080013f8       0x10 CMakeFiles/motor_mit_control.elf.dir/Core/Src/stm32f4xx_it.c.obj
                0x080013f8                DMA2_Stream6_IRQHandler
 .text.DMA2_Stream7_IRQHandler
                0x08001408       0x10 CMakeFiles/motor_mit_control.elf.dir/Core/Src/stm32f4xx_it.c.obj
                0x08001408                DMA2_Stream7_IRQHandler
 .text.USART6_IRQHandler
                0x08001418       0x10 CMakeFiles/motor_mit_control.elf.dir/Core/Src/stm32f4xx_it.c.obj
                0x08001418                USART6_IRQHandler
 .text._getpid  0x08001428        0x4 CMakeFiles/motor_mit_control.elf.dir/Core/Src/syscalls.c.obj
                0x08001428                _getpid
 .text._kill    0x0800142c       0x10 CMakeFiles/motor_mit_control.elf.dir/Core/Src/syscalls.c.obj
                0x0800142c                _kill
 .text._exit    0x0800143c        0xc CMakeFiles/motor_mit_control.elf.dir/Core/Src/syscalls.c.obj
                0x0800143c                _exit
 .text._read    0x08001448       0x20 CMakeFiles/motor_mit_control.elf.dir/Core/Src/syscalls.c.obj
                0x08001448                _read
 .text._write   0x08001468       0x1c CMakeFiles/motor_mit_control.elf.dir/Core/Src/syscalls.c.obj
                0x08001468                _write
 .text._close   0x08001484        0x6 CMakeFiles/motor_mit_control.elf.dir/Core/Src/syscalls.c.obj
                0x08001484                _close
 .text._fstat   0x0800148a        0xa CMakeFiles/motor_mit_control.elf.dir/Core/Src/syscalls.c.obj
                0x0800148a                _fstat
 .text._isatty  0x08001494        0x4 CMakeFiles/motor_mit_control.elf.dir/Core/Src/syscalls.c.obj
                0x08001494                _isatty
 .text._lseek   0x08001498        0x4 CMakeFiles/motor_mit_control.elf.dir/Core/Src/syscalls.c.obj
                0x08001498                _lseek
 .text._sbrk    0x0800149c       0x48 CMakeFiles/motor_mit_control.elf.dir/Core/Src/sysmem.c.obj
                0x0800149c                _sbrk
 .text.SystemInit
                0x080014e4       0x14 CMakeFiles/motor_mit_control.elf.dir/Core/Src/system_stm32f4xx.c.obj
                0x080014e4                SystemInit
 .text.MX_USART1_UART_Init
                0x080014f8       0x34 CMakeFiles/motor_mit_control.elf.dir/Core/Src/usart.c.obj
                0x080014f8                MX_USART1_UART_Init
 .text.MX_USART6_UART_Init
                0x0800152c       0x34 CMakeFiles/motor_mit_control.elf.dir/Core/Src/usart.c.obj
                0x0800152c                MX_USART6_UART_Init
 .text.HAL_UART_MspInit
                0x08001560      0x1e8 CMakeFiles/motor_mit_control.elf.dir/Core/Src/usart.c.obj
                0x08001560                HAL_UART_MspInit
 .text.Reset_Handler
                0x08001748       0x50 CMakeFiles/motor_mit_control.elf.dir/Core/Startup/startup_stm32f407ighx.s.obj
                0x08001748                Reset_Handler
 .text.Default_Handler
                0x08001798        0x2 CMakeFiles/motor_mit_control.elf.dir/Core/Startup/startup_stm32f407ighx.s.obj
                0x08001798                RTC_Alarm_IRQHandler
                0x08001798                HASH_RNG_IRQHandler
                0x08001798                EXTI2_IRQHandler
                0x08001798                TIM8_CC_IRQHandler
                0x08001798                TIM1_CC_IRQHandler
                0x08001798                DMA2_Stream5_IRQHandler
                0x08001798                DMA1_Stream5_IRQHandler
                0x08001798                PVD_IRQHandler
                0x08001798                SDIO_IRQHandler
                0x08001798                TAMP_STAMP_IRQHandler
                0x08001798                CAN2_RX1_IRQHandler
                0x08001798                EXTI3_IRQHandler
                0x08001798                TIM8_TRG_COM_TIM14_IRQHandler
                0x08001798                TIM1_UP_TIM10_IRQHandler
                0x08001798                TIM8_UP_TIM13_IRQHandler
                0x08001798                I2C3_ER_IRQHandler
                0x08001798                EXTI0_IRQHandler
                0x08001798                I2C2_EV_IRQHandler
                0x08001798                DMA1_Stream2_IRQHandler
                0x08001798                FPU_IRQHandler
                0x08001798                OTG_HS_WKUP_IRQHandler
                0x08001798                CAN2_SCE_IRQHandler
                0x08001798                DMA2_Stream2_IRQHandler
                0x08001798                SPI1_IRQHandler
                0x08001798                TIM6_DAC_IRQHandler
                0x08001798                TIM1_BRK_TIM9_IRQHandler
                0x08001798                DCMI_IRQHandler
                0x08001798                DMA2_Stream3_IRQHandler
                0x08001798                USART3_IRQHandler
                0x08001798                CAN1_RX1_IRQHandler
                0x08001798                UART5_IRQHandler
                0x08001798                DMA2_Stream0_IRQHandler
                0x08001798                TIM4_IRQHandler
                0x08001798                I2C1_EV_IRQHandler
                0x08001798                DMA1_Stream6_IRQHandler
                0x08001798                DMA1_Stream1_IRQHandler
                0x08001798                UART4_IRQHandler
                0x08001798                TIM3_IRQHandler
                0x08001798                RCC_IRQHandler
                0x08001798                TIM8_BRK_TIM12_IRQHandler
                0x08001798                Default_Handler
                0x08001798                EXTI15_10_IRQHandler
                0x08001798                ADC_IRQHandler
                0x08001798                DMA1_Stream7_IRQHandler
                0x08001798                CAN2_TX_IRQHandler
                0x08001798                TIM5_IRQHandler
                0x08001798                I2C3_EV_IRQHandler
                0x08001798                EXTI9_5_IRQHandler
                0x08001798                RTC_WKUP_IRQHandler
                0x08001798                ETH_WKUP_IRQHandler
                0x08001798                SPI2_IRQHandler
                0x08001798                OTG_HS_EP1_IN_IRQHandler
                0x08001798                DMA1_Stream0_IRQHandler
                0x08001798                CAN1_TX_IRQHandler
                0x08001798                EXTI4_IRQHandler
                0x08001798                FSMC_IRQHandler
                0x08001798                ETH_IRQHandler
                0x08001798                OTG_HS_EP1_OUT_IRQHandler
                0x08001798                WWDG_IRQHandler
                0x08001798                TIM2_IRQHandler
                0x08001798                OTG_FS_WKUP_IRQHandler
                0x08001798                TIM1_TRG_COM_TIM11_IRQHandler
                0x08001798                OTG_HS_IRQHandler
                0x08001798                EXTI1_IRQHandler
                0x08001798                USART2_IRQHandler
                0x08001798                I2C2_ER_IRQHandler
                0x08001798                CAN1_SCE_IRQHandler
                0x08001798                FLASH_IRQHandler
                0x08001798                DMA2_Stream4_IRQHandler
                0x08001798                OTG_FS_IRQHandler
                0x08001798                SPI3_IRQHandler
                0x08001798                DMA1_Stream4_IRQHandler
                0x08001798                I2C1_ER_IRQHandler
                0x08001798                DMA1_Stream3_IRQHandler
 *fill*         0x0800179a        0x2 
 .text.HAL_Init
                0x0800179c       0x34 CMakeFiles/motor_mit_control.elf.dir/Drivers/STM32F4xx_HAL_Driver/Src/stm32f4xx_hal.c.obj
                0x0800179c                HAL_Init
 .text.HAL_IncTick
                0x080017d0       0x18 CMakeFiles/motor_mit_control.elf.dir/Drivers/STM32F4xx_HAL_Driver/Src/stm32f4xx_hal.c.obj
                0x080017d0                HAL_IncTick
 .text.HAL_GetTick
                0x080017e8        0xc CMakeFiles/motor_mit_control.elf.dir/Drivers/STM32F4xx_HAL_Driver/Src/stm32f4xx_hal.c.obj
                0x080017e8                HAL_GetTick
 .text.HAL_CAN_Init
                0x080017f4      0x14c CMakeFiles/motor_mit_control.elf.dir/Drivers/STM32F4xx_HAL_Driver/Src/stm32f4xx_hal_can.c.obj
                0x080017f4                HAL_CAN_Init
 .text.HAL_CAN_ConfigFilter
                0x08001940      0x138 CMakeFiles/motor_mit_control.elf.dir/Drivers/STM32F4xx_HAL_Driver/Src/stm32f4xx_hal_can.c.obj
                0x08001940                HAL_CAN_ConfigFilter
 .text.HAL_CAN_Start
                0x08001a78       0x5c CMakeFiles/motor_mit_control.elf.dir/Drivers/STM32F4xx_HAL_Driver/Src/stm32f4xx_hal_can.c.obj
                0x08001a78                HAL_CAN_Start
 .text.HAL_CAN_AddTxMessage
                0x08001ad4       0xea CMakeFiles/motor_mit_control.elf.dir/Drivers/STM32F4xx_HAL_Driver/Src/stm32f4xx_hal_can.c.obj
                0x08001ad4                HAL_CAN_AddTxMessage
 .text.HAL_CAN_GetRxMessage
                0x08001bbe      0x16a CMakeFiles/motor_mit_control.elf.dir/Drivers/STM32F4xx_HAL_Driver/Src/stm32f4xx_hal_can.c.obj
                0x08001bbe                HAL_CAN_GetRxMessage
 .text.HAL_CAN_ActivateNotification
                0x08001d28       0x24 CMakeFiles/motor_mit_control.elf.dir/Drivers/STM32F4xx_HAL_Driver/Src/stm32f4xx_hal_can.c.obj
                0x08001d28                HAL_CAN_ActivateNotification
 .text.HAL_CAN_TxMailbox0CompleteCallback
                0x08001d4c        0x2 CMakeFiles/motor_mit_control.elf.dir/Drivers/STM32F4xx_HAL_Driver/Src/stm32f4xx_hal_can.c.obj
                0x08001d4c                HAL_CAN_TxMailbox0CompleteCallback
 .text.HAL_CAN_TxMailbox1CompleteCallback
                0x08001d4e        0x2 CMakeFiles/motor_mit_control.elf.dir/Drivers/STM32F4xx_HAL_Driver/Src/stm32f4xx_hal_can.c.obj
                0x08001d4e                HAL_CAN_TxMailbox1CompleteCallback
 .text.HAL_CAN_TxMailbox2CompleteCallback
                0x08001d50        0x2 CMakeFiles/motor_mit_control.elf.dir/Drivers/STM32F4xx_HAL_Driver/Src/stm32f4xx_hal_can.c.obj
                0x08001d50                HAL_CAN_TxMailbox2CompleteCallback
 .text.HAL_CAN_TxMailbox0AbortCallback
                0x08001d52        0x2 CMakeFiles/motor_mit_control.elf.dir/Drivers/STM32F4xx_HAL_Driver/Src/stm32f4xx_hal_can.c.obj
                0x08001d52                HAL_CAN_TxMailbox0AbortCallback
 .text.HAL_CAN_TxMailbox1AbortCallback
                0x08001d54        0x2 CMakeFiles/motor_mit_control.elf.dir/Drivers/STM32F4xx_HAL_Driver/Src/stm32f4xx_hal_can.c.obj
                0x08001d54                HAL_CAN_TxMailbox1AbortCallback
 .text.HAL_CAN_TxMailbox2AbortCallback
                0x08001d56        0x2 CMakeFiles/motor_mit_control.elf.dir/Drivers/STM32F4xx_HAL_Driver/Src/stm32f4xx_hal_can.c.obj
                0x08001d56                HAL_CAN_TxMailbox2AbortCallback
 .text.HAL_CAN_RxFifo0FullCallback
                0x08001d58        0x2 CMakeFiles/motor_mit_control.elf.dir/Drivers/STM32F4xx_HAL_Driver/Src/stm32f4xx_hal_can.c.obj
                0x08001d58                HAL_CAN_RxFifo0FullCallback
 .text.HAL_CAN_RxFifo1MsgPendingCallback
                0x08001d5a        0x2 CMakeFiles/motor_mit_control.elf.dir/Drivers/STM32F4xx_HAL_Driver/Src/stm32f4xx_hal_can.c.obj
                0x08001d5a                HAL_CAN_RxFifo1MsgPendingCallback
 .text.HAL_CAN_RxFifo1FullCallback
                0x08001d5c        0x2 CMakeFiles/motor_mit_control.elf.dir/Drivers/STM32F4xx_HAL_Driver/Src/stm32f4xx_hal_can.c.obj
                0x08001d5c                HAL_CAN_RxFifo1FullCallback
 .text.HAL_CAN_SleepCallback
                0x08001d5e        0x2 CMakeFiles/motor_mit_control.elf.dir/Drivers/STM32F4xx_HAL_Driver/Src/stm32f4xx_hal_can.c.obj
                0x08001d5e                HAL_CAN_SleepCallback
 .text.HAL_CAN_WakeUpFromRxMsgCallback
                0x08001d60        0x2 CMakeFiles/motor_mit_control.elf.dir/Drivers/STM32F4xx_HAL_Driver/Src/stm32f4xx_hal_can.c.obj
                0x08001d60                HAL_CAN_WakeUpFromRxMsgCallback
 .text.HAL_CAN_ErrorCallback
                0x08001d62        0x2 CMakeFiles/motor_mit_control.elf.dir/Drivers/STM32F4xx_HAL_Driver/Src/stm32f4xx_hal_can.c.obj
                0x08001d62                HAL_CAN_ErrorCallback
 .text.HAL_CAN_IRQHandler
                0x08001d64      0x250 CMakeFiles/motor_mit_control.elf.dir/Drivers/STM32F4xx_HAL_Driver/Src/stm32f4xx_hal_can.c.obj
                0x08001d64                HAL_CAN_IRQHandler
 .text.__NVIC_EnableIRQ
                0x08001fb4       0x1c CMakeFiles/motor_mit_control.elf.dir/Drivers/STM32F4xx_HAL_Driver/Src/stm32f4xx_hal_cortex.c.obj
 .text.__NVIC_SetPriority
                0x08001fd0       0x28 CMakeFiles/motor_mit_control.elf.dir/Drivers/STM32F4xx_HAL_Driver/Src/stm32f4xx_hal_cortex.c.obj
 .text.NVIC_EncodePriority
                0x08001ff8       0x3e CMakeFiles/motor_mit_control.elf.dir/Drivers/STM32F4xx_HAL_Driver/Src/stm32f4xx_hal_cortex.c.obj
 *fill*         0x08002036        0x2 
 .text.HAL_NVIC_SetPriorityGrouping
                0x08002038       0x24 CMakeFiles/motor_mit_control.elf.dir/Drivers/STM32F4xx_HAL_Driver/Src/stm32f4xx_hal_cortex.c.obj
                0x08002038                HAL_NVIC_SetPriorityGrouping
 .text.HAL_NVIC_SetPriority
                0x0800205c       0x20 CMakeFiles/motor_mit_control.elf.dir/Drivers/STM32F4xx_HAL_Driver/Src/stm32f4xx_hal_cortex.c.obj
                0x0800205c                HAL_NVIC_SetPriority
 .text.HAL_NVIC_EnableIRQ
                0x0800207c        0x8 CMakeFiles/motor_mit_control.elf.dir/Drivers/STM32F4xx_HAL_Driver/Src/stm32f4xx_hal_cortex.c.obj
                0x0800207c                HAL_NVIC_EnableIRQ
 .text.DMA_CalcBaseAndBitshift
                0x08002084       0x3c CMakeFiles/motor_mit_control.elf.dir/Drivers/STM32F4xx_HAL_Driver/Src/stm32f4xx_hal_dma.c.obj
 .text.DMA_CheckFifoParam
                0x080020c0       0x8e CMakeFiles/motor_mit_control.elf.dir/Drivers/STM32F4xx_HAL_Driver/Src/stm32f4xx_hal_dma.c.obj
 *fill*         0x0800214e        0x2 
 .text.HAL_DMA_Init
                0x08002150       0xcc CMakeFiles/motor_mit_control.elf.dir/Drivers/STM32F4xx_HAL_Driver/Src/stm32f4xx_hal_dma.c.obj
                0x08002150                HAL_DMA_Init
 .text.HAL_DMA_Abort
                0x0800221c       0x94 CMakeFiles/motor_mit_control.elf.dir/Drivers/STM32F4xx_HAL_Driver/Src/stm32f4xx_hal_dma.c.obj
                0x0800221c                HAL_DMA_Abort
 .text.HAL_DMA_Abort_IT
                0x080022b0       0x26 CMakeFiles/motor_mit_control.elf.dir/Drivers/STM32F4xx_HAL_Driver/Src/stm32f4xx_hal_dma.c.obj
                0x080022b0                HAL_DMA_Abort_IT
 *fill*         0x080022d6        0x2 
 .text.HAL_DMA_IRQHandler
                0x080022d8      0x1dc CMakeFiles/motor_mit_control.elf.dir/Drivers/STM32F4xx_HAL_Driver/Src/stm32f4xx_hal_dma.c.obj
                0x080022d8                HAL_DMA_IRQHandler
 .text.HAL_GPIO_Init
                0x080024b4      0x1ec CMakeFiles/motor_mit_control.elf.dir/Drivers/STM32F4xx_HAL_Driver/Src/stm32f4xx_hal_gpio.c.obj
                0x080024b4                HAL_GPIO_Init
 .text.HAL_GPIO_WritePin
                0x080026a0        0xc CMakeFiles/motor_mit_control.elf.dir/Drivers/STM32F4xx_HAL_Driver/Src/stm32f4xx_hal_gpio.c.obj
                0x080026a0                HAL_GPIO_WritePin
 .text.HAL_GPIO_TogglePin
                0x080026ac       0x12 CMakeFiles/motor_mit_control.elf.dir/Drivers/STM32F4xx_HAL_Driver/Src/stm32f4xx_hal_gpio.c.obj
                0x080026ac                HAL_GPIO_TogglePin
 *fill*         0x080026be        0x2 
 .text.HAL_RCC_OscConfig
                0x080026c0      0x3f8 CMakeFiles/motor_mit_control.elf.dir/Drivers/STM32F4xx_HAL_Driver/Src/stm32f4xx_hal_rcc.c.obj
                0x080026c0                HAL_RCC_OscConfig
 .text.HAL_RCC_GetSysClockFreq
                0x08002ab8       0xa8 CMakeFiles/motor_mit_control.elf.dir/Drivers/STM32F4xx_HAL_Driver/Src/stm32f4xx_hal_rcc.c.obj
                0x08002ab8                HAL_RCC_GetSysClockFreq
 .text.HAL_RCC_ClockConfig
                0x08002b60      0x160 CMakeFiles/motor_mit_control.elf.dir/Drivers/STM32F4xx_HAL_Driver/Src/stm32f4xx_hal_rcc.c.obj
                0x08002b60                HAL_RCC_ClockConfig
 .text.HAL_RCC_GetHCLKFreq
                0x08002cc0        0xc CMakeFiles/motor_mit_control.elf.dir/Drivers/STM32F4xx_HAL_Driver/Src/stm32f4xx_hal_rcc.c.obj
                0x08002cc0                HAL_RCC_GetHCLKFreq
 .text.HAL_RCC_GetPCLK1Freq
                0x08002ccc       0x20 CMakeFiles/motor_mit_control.elf.dir/Drivers/STM32F4xx_HAL_Driver/Src/stm32f4xx_hal_rcc.c.obj
                0x08002ccc                HAL_RCC_GetPCLK1Freq
 .text.HAL_RCC_GetPCLK2Freq
                0x08002cec       0x20 CMakeFiles/motor_mit_control.elf.dir/Drivers/STM32F4xx_HAL_Driver/Src/stm32f4xx_hal_rcc.c.obj
                0x08002cec                HAL_RCC_GetPCLK2Freq
 .text.HAL_RCC_GetClockConfig
                0x08002d0c       0x3c CMakeFiles/motor_mit_control.elf.dir/Drivers/STM32F4xx_HAL_Driver/Src/stm32f4xx_hal_rcc.c.obj
                0x08002d0c                HAL_RCC_GetClockConfig
 .text.HAL_TIM_Base_MspInit
                0x08002d48        0x2 CMakeFiles/motor_mit_control.elf.dir/Drivers/STM32F4xx_HAL_Driver/Src/stm32f4xx_hal_tim.c.obj
                0x08002d48                HAL_TIM_Base_MspInit
 *fill*         0x08002d4a        0x2 
 .text.HAL_TIM_Base_Start_IT
                0x08002d4c       0x88 CMakeFiles/motor_mit_control.elf.dir/Drivers/STM32F4xx_HAL_Driver/Src/stm32f4xx_hal_tim.c.obj
                0x08002d4c                HAL_TIM_Base_Start_IT
 .text.HAL_TIM_OC_DelayElapsedCallback
                0x08002dd4        0x2 CMakeFiles/motor_mit_control.elf.dir/Drivers/STM32F4xx_HAL_Driver/Src/stm32f4xx_hal_tim.c.obj
                0x08002dd4                HAL_TIM_OC_DelayElapsedCallback
 .text.HAL_TIM_IC_CaptureCallback
                0x08002dd6        0x2 CMakeFiles/motor_mit_control.elf.dir/Drivers/STM32F4xx_HAL_Driver/Src/stm32f4xx_hal_tim.c.obj
                0x08002dd6                HAL_TIM_IC_CaptureCallback
 .text.HAL_TIM_PWM_PulseFinishedCallback
                0x08002dd8        0x2 CMakeFiles/motor_mit_control.elf.dir/Drivers/STM32F4xx_HAL_Driver/Src/stm32f4xx_hal_tim.c.obj
                0x08002dd8                HAL_TIM_PWM_PulseFinishedCallback
 .text.HAL_TIM_TriggerCallback
                0x08002dda        0x2 CMakeFiles/motor_mit_control.elf.dir/Drivers/STM32F4xx_HAL_Driver/Src/stm32f4xx_hal_tim.c.obj
                0x08002dda                HAL_TIM_TriggerCallback
 .text.HAL_TIM_IRQHandler
                0x08002ddc      0x15e CMakeFiles/motor_mit_control.elf.dir/Drivers/STM32F4xx_HAL_Driver/Src/stm32f4xx_hal_tim.c.obj
                0x08002ddc                HAL_TIM_IRQHandler
 *fill*         0x08002f3a        0x2 
 .text.TIM_Base_SetConfig
                0x08002f3c       0xd8 CMakeFiles/motor_mit_control.elf.dir/Drivers/STM32F4xx_HAL_Driver/Src/stm32f4xx_hal_tim.c.obj
                0x08002f3c                TIM_Base_SetConfig
 .text.HAL_TIM_Base_Init
                0x08003014       0x58 CMakeFiles/motor_mit_control.elf.dir/Drivers/STM32F4xx_HAL_Driver/Src/stm32f4xx_hal_tim.c.obj
                0x08003014                HAL_TIM_Base_Init
 .text.HAL_TIMEx_CommutCallback
                0x0800306c        0x2 CMakeFiles/motor_mit_control.elf.dir/Drivers/STM32F4xx_HAL_Driver/Src/stm32f4xx_hal_tim_ex.c.obj
                0x0800306c                HAL_TIMEx_CommutCallback
 .text.HAL_TIMEx_BreakCallback
                0x0800306e        0x2 CMakeFiles/motor_mit_control.elf.dir/Drivers/STM32F4xx_HAL_Driver/Src/stm32f4xx_hal_tim_ex.c.obj
                0x0800306e                HAL_TIMEx_BreakCallback
 .text.UART_EndRxTransfer
                0x08003070       0x5c CMakeFiles/motor_mit_control.elf.dir/Drivers/STM32F4xx_HAL_Driver/Src/stm32f4xx_hal_uart.c.obj
 .text.UART_Transmit_IT
                0x080030cc       0x60 CMakeFiles/motor_mit_control.elf.dir/Drivers/STM32F4xx_HAL_Driver/Src/stm32f4xx_hal_uart.c.obj
 .text.UART_SetConfig
                0x0800312c      0x110 CMakeFiles/motor_mit_control.elf.dir/Drivers/STM32F4xx_HAL_Driver/Src/stm32f4xx_hal_uart.c.obj
 .text.UART_WaitOnFlagUntilTimeout
                0x0800323c       0x86 CMakeFiles/motor_mit_control.elf.dir/Drivers/STM32F4xx_HAL_Driver/Src/stm32f4xx_hal_uart.c.obj
 .text.HAL_UART_Init
                0x080032c2       0x60 CMakeFiles/motor_mit_control.elf.dir/Drivers/STM32F4xx_HAL_Driver/Src/stm32f4xx_hal_uart.c.obj
                0x080032c2                HAL_UART_Init
 .text.HAL_UART_Transmit
                0x08003322       0xcc CMakeFiles/motor_mit_control.elf.dir/Drivers/STM32F4xx_HAL_Driver/Src/stm32f4xx_hal_uart.c.obj
                0x08003322                HAL_UART_Transmit
 .text.HAL_UART_TxCpltCallback
                0x080033ee        0x2 CMakeFiles/motor_mit_control.elf.dir/Drivers/STM32F4xx_HAL_Driver/Src/stm32f4xx_hal_uart.c.obj
                0x080033ee                HAL_UART_TxCpltCallback
 .text.UART_EndTransmit_IT
                0x080033f0       0x1a CMakeFiles/motor_mit_control.elf.dir/Drivers/STM32F4xx_HAL_Driver/Src/stm32f4xx_hal_uart.c.obj
 .text.HAL_UART_RxCpltCallback
                0x0800340a        0x2 CMakeFiles/motor_mit_control.elf.dir/Drivers/STM32F4xx_HAL_Driver/Src/stm32f4xx_hal_uart.c.obj
                0x0800340a                HAL_UART_RxCpltCallback
 .text.HAL_UART_ErrorCallback
                0x0800340c        0x2 CMakeFiles/motor_mit_control.elf.dir/Drivers/STM32F4xx_HAL_Driver/Src/stm32f4xx_hal_uart.c.obj
                0x0800340c                HAL_UART_ErrorCallback
 .text.UART_DMAAbortOnError
                0x0800340e       0x10 CMakeFiles/motor_mit_control.elf.dir/Drivers/STM32F4xx_HAL_Driver/Src/stm32f4xx_hal_uart.c.obj
 .text.HAL_UARTEx_RxEventCallback
                0x0800341e        0x2 CMakeFiles/motor_mit_control.elf.dir/Drivers/STM32F4xx_HAL_Driver/Src/stm32f4xx_hal_uart.c.obj
                0x0800341e                HAL_UARTEx_RxEventCallback
 .text.UART_Receive_IT
                0x08003420       0xe6 CMakeFiles/motor_mit_control.elf.dir/Drivers/STM32F4xx_HAL_Driver/Src/stm32f4xx_hal_uart.c.obj
 *fill*         0x08003506        0x2 
 .text.HAL_UART_IRQHandler
                0x08003508      0x284 CMakeFiles/motor_mit_control.elf.dir/Drivers/STM32F4xx_HAL_Driver/Src/stm32f4xx_hal_uart.c.obj
                0x08003508                HAL_UART_IRQHandler
 .text.makeFreeRtosPriority
                0x0800378c        0xc CMakeFiles/motor_mit_control.elf.dir/Middlewares/Third_Party/FreeRTOS/Source/CMSIS_RTOS/cmsis_os.c.obj
 .text.osKernelStart
                0x08003798        0xa CMakeFiles/motor_mit_control.elf.dir/Middlewares/Third_Party/FreeRTOS/Source/CMSIS_RTOS/cmsis_os.c.obj
                0x08003798                osKernelStart
 .text.osThreadCreate
                0x080037a2       0x66 CMakeFiles/motor_mit_control.elf.dir/Middlewares/Third_Party/FreeRTOS/Source/CMSIS_RTOS/cmsis_os.c.obj
                0x080037a2                osThreadCreate
 .text.osDelay  0x08003808        0xe CMakeFiles/motor_mit_control.elf.dir/Middlewares/Third_Party/FreeRTOS/Source/CMSIS_RTOS/cmsis_os.c.obj
                0x08003808                osDelay
 .text.vListInitialise
                0x08003816       0x16 CMakeFiles/motor_mit_control.elf.dir/Middlewares/Third_Party/FreeRTOS/Source/list.c.obj
                0x08003816                vListInitialise
 .text.vListInitialiseItem
                0x0800382c        0x6 CMakeFiles/motor_mit_control.elf.dir/Middlewares/Third_Party/FreeRTOS/Source/list.c.obj
                0x0800382c                vListInitialiseItem
 .text.vListInsertEnd
                0x08003832       0x16 CMakeFiles/motor_mit_control.elf.dir/Middlewares/Third_Party/FreeRTOS/Source/list.c.obj
                0x08003832                vListInsertEnd
 .text.vListInsert
                0x08003848       0x32 CMakeFiles/motor_mit_control.elf.dir/Middlewares/Third_Party/FreeRTOS/Source/list.c.obj
                0x08003848                vListInsert
 .text.uxListRemove
                0x0800387a       0x26 CMakeFiles/motor_mit_control.elf.dir/Middlewares/Third_Party/FreeRTOS/Source/list.c.obj
                0x0800387a                uxListRemove
 .text.prvTaskExitError
                0x080038a0       0x40 CMakeFiles/motor_mit_control.elf.dir/Middlewares/Third_Party/FreeRTOS/Source/portable/GCC/ARM_CM4F/port.c.obj
 .text.prvPortStartFirstTask
                0x080038e0       0x28 CMakeFiles/motor_mit_control.elf.dir/Middlewares/Third_Party/FreeRTOS/Source/portable/GCC/ARM_CM4F/port.c.obj
 .text.vPortEnableVFP
                0x08003908       0x14 CMakeFiles/motor_mit_control.elf.dir/Middlewares/Third_Party/FreeRTOS/Source/portable/GCC/ARM_CM4F/port.c.obj
 .text.pxPortInitialiseStack
                0x0800391c       0x2c CMakeFiles/motor_mit_control.elf.dir/Middlewares/Third_Party/FreeRTOS/Source/portable/GCC/ARM_CM4F/port.c.obj
                0x0800391c                pxPortInitialiseStack
 *fill*         0x08003948        0x8 
 .text.SVC_Handler
                0x08003950       0x24 CMakeFiles/motor_mit_control.elf.dir/Middlewares/Third_Party/FreeRTOS/Source/portable/GCC/ARM_CM4F/port.c.obj
                0x08003950                SVC_Handler
 .text.vPortEnterCritical
                0x08003974       0x44 CMakeFiles/motor_mit_control.elf.dir/Middlewares/Third_Party/FreeRTOS/Source/portable/GCC/ARM_CM4F/port.c.obj
                0x08003974                vPortEnterCritical
 .text.vPortExitCritical
                0x080039b8       0x2c CMakeFiles/motor_mit_control.elf.dir/Middlewares/Third_Party/FreeRTOS/Source/portable/GCC/ARM_CM4F/port.c.obj
                0x080039b8                vPortExitCritical
 *fill*         0x080039e4        0xc 
 .text.PendSV_Handler
                0x080039f0       0x64 CMakeFiles/motor_mit_control.elf.dir/Middlewares/Third_Party/FreeRTOS/Source/portable/GCC/ARM_CM4F/port.c.obj
                0x080039f0                PendSV_Handler
 .text.SysTick_Handler
                0x08003a54       0x2c CMakeFiles/motor_mit_control.elf.dir/Middlewares/Third_Party/FreeRTOS/Source/portable/GCC/ARM_CM4F/port.c.obj
                0x08003a54                SysTick_Handler
 .text.vPortSetupTimerInterrupt
                0x08003a80       0x28 CMakeFiles/motor_mit_control.elf.dir/Middlewares/Third_Party/FreeRTOS/Source/portable/GCC/ARM_CM4F/port.c.obj
                0x08003a80                vPortSetupTimerInterrupt
 .text.xPortStartScheduler
                0x08003aa8      0x118 CMakeFiles/motor_mit_control.elf.dir/Middlewares/Third_Party/FreeRTOS/Source/portable/GCC/ARM_CM4F/port.c.obj
                0x08003aa8                xPortStartScheduler
 .text.prvHeapInit
                0x08003bc0       0x64 CMakeFiles/motor_mit_control.elf.dir/Middlewares/Third_Party/FreeRTOS/Source/portable/MemMang/heap_4.c.obj
 .text.prvInsertBlockIntoFreeList
                0x08003c24       0x64 CMakeFiles/motor_mit_control.elf.dir/Middlewares/Third_Party/FreeRTOS/Source/portable/MemMang/heap_4.c.obj
 .text.pvPortMalloc
                0x08003c88      0x104 CMakeFiles/motor_mit_control.elf.dir/Middlewares/Third_Party/FreeRTOS/Source/portable/MemMang/heap_4.c.obj
                0x08003c88                pvPortMalloc
 .text.vPortFree
                0x08003d8c       0x7c CMakeFiles/motor_mit_control.elf.dir/Middlewares/Third_Party/FreeRTOS/Source/portable/MemMang/heap_4.c.obj
                0x08003d8c                vPortFree
 .text.prvResetNextTaskUnblockTime
                0x08003e08       0x2c CMakeFiles/motor_mit_control.elf.dir/Middlewares/Third_Party/FreeRTOS/Source/tasks.c.obj
 .text.prvInitialiseNewTask
                0x08003e34       0xfc CMakeFiles/motor_mit_control.elf.dir/Middlewares/Third_Party/FreeRTOS/Source/tasks.c.obj
 .text.prvInitialiseTaskLists
                0x08003f30       0x68 CMakeFiles/motor_mit_control.elf.dir/Middlewares/Third_Party/FreeRTOS/Source/tasks.c.obj
 .text.prvAddNewTaskToReadyList
                0x08003f98       0xa8 CMakeFiles/motor_mit_control.elf.dir/Middlewares/Third_Party/FreeRTOS/Source/tasks.c.obj
 .text.prvDeleteTCB
                0x08004040       0x40 CMakeFiles/motor_mit_control.elf.dir/Middlewares/Third_Party/FreeRTOS/Source/tasks.c.obj
 .text.prvCheckTasksWaitingTermination
                0x08004080       0x4c CMakeFiles/motor_mit_control.elf.dir/Middlewares/Third_Party/FreeRTOS/Source/tasks.c.obj
 .text.prvIdleTask
                0x080040cc       0x28 CMakeFiles/motor_mit_control.elf.dir/Middlewares/Third_Party/FreeRTOS/Source/tasks.c.obj
 .text.prvAddCurrentTaskToDelayedList
                0x080040f4       0x98 CMakeFiles/motor_mit_control.elf.dir/Middlewares/Third_Party/FreeRTOS/Source/tasks.c.obj
 .text.xTaskCreateStatic
                0x0800418c       0x7a CMakeFiles/motor_mit_control.elf.dir/Middlewares/Third_Party/FreeRTOS/Source/tasks.c.obj
                0x0800418c                xTaskCreateStatic
 .text.xTaskCreate
                0x08004206       0x66 CMakeFiles/motor_mit_control.elf.dir/Middlewares/Third_Party/FreeRTOS/Source/tasks.c.obj
                0x08004206                xTaskCreate
 .text.vTaskStartScheduler
                0x0800426c       0x84 CMakeFiles/motor_mit_control.elf.dir/Middlewares/Third_Party/FreeRTOS/Source/tasks.c.obj
                0x0800426c                vTaskStartScheduler
 .text.vTaskSuspendAll
                0x080042f0       0x10 CMakeFiles/motor_mit_control.elf.dir/Middlewares/Third_Party/FreeRTOS/Source/tasks.c.obj
                0x080042f0                vTaskSuspendAll
 .text.xTaskIncrementTick
                0x08004300      0x118 CMakeFiles/motor_mit_control.elf.dir/Middlewares/Third_Party/FreeRTOS/Source/tasks.c.obj
                0x08004300                xTaskIncrementTick
 .text.xTaskResumeAll
                0x08004418       0xf8 CMakeFiles/motor_mit_control.elf.dir/Middlewares/Third_Party/FreeRTOS/Source/tasks.c.obj
                0x08004418                xTaskResumeAll
 .text.vTaskDelay
                0x08004510       0x4c CMakeFiles/motor_mit_control.elf.dir/Middlewares/Third_Party/FreeRTOS/Source/tasks.c.obj
                0x08004510                vTaskDelay
 .text.vTaskSwitchContext
                0x0800455c       0xa4 CMakeFiles/motor_mit_control.elf.dir/Middlewares/Third_Party/FreeRTOS/Source/tasks.c.obj
                0x0800455c                vTaskSwitchContext
 .text.DEBUG_PRINT_TASK
                0x08004600       0x44 CMakeFiles/motor_mit_control.elf.dir/codemf/Src/DEBUG_PRINT_TASK.c.obj
                0x08004600                DEBUG_PRINT_TASK
 .text.LED_TASK
                0x08004644       0x40 CMakeFiles/motor_mit_control.elf.dir/codemf/Src/LED_TASK.c.obj
                0x08004644                LED_TASK
 .text.MOTOR_CONTROL_TASK
                0x08004684       0x5c CMakeFiles/motor_mit_control.elf.dir/codemf/Src/MOTOR_CONTROL_TASK.c.obj
                0x08004684                MOTOR_CONTROL_TASK
 .text.float_to_uint
                0x080046e0       0x2a CMakeFiles/motor_mit_control.elf.dir/codemf/Src/can_comm.c.obj
 .text.uint_to_float
                0x0800470a       0x28 CMakeFiles/motor_mit_control.elf.dir/codemf/Src/can_comm.c.obj
 *fill*         0x08004732        0x2 
 .text.CanTransmit
                0x08004734       0x2c CMakeFiles/motor_mit_control.elf.dir/codemf/Src/can_comm.c.obj
 .text.CanComm_Init
                0x08004760       0x3c CMakeFiles/motor_mit_control.elf.dir/codemf/Src/can_comm.c.obj
                0x08004760                CanComm_Init
 .text.CanComm_SendControlPara
                0x0800479c      0x184 CMakeFiles/motor_mit_control.elf.dir/codemf/Src/can_comm.c.obj
                0x0800479c                CanComm_SendControlPara
 .text.CanComm_ControlCmd
                0x08004920       0x48 CMakeFiles/motor_mit_control.elf.dir/codemf/Src/can_comm.c.obj
                0x08004920                CanComm_ControlCmd
 .text.HAL_CAN_RxFifo0MsgPendingCallback
                0x08004968       0x70 CMakeFiles/motor_mit_control.elf.dir/codemf/Src/can_comm.c.obj
                0x08004968                HAL_CAN_RxFifo0MsgPendingCallback
 .text.can_get_speed
                0x080049d8        0xc CMakeFiles/motor_mit_control.elf.dir/codemf/Src/can_comm.c.obj
                0x080049d8                can_get_speed
 .text.can_get_angle
                0x080049e4        0xc CMakeFiles/motor_mit_control.elf.dir/codemf/Src/can_comm.c.obj
                0x080049e4                can_get_angle
 .text.usart6_printf
                0x080049f0       0x40 CMakeFiles/motor_mit_control.elf.dir/codemf/Src/uart_printf.c.obj
                0x080049f0                usart6_printf
 .text.__udivmoddi4
                0x08004a30      0x2bc C:/CLionToolchains/gcc-arm-none-eabi-10.3-2021.10/bin/../lib/gcc/arm-none-eabi/13.3.1/thumb/v7e-m+fp/hard\libgcc.a(_udivmoddi4.o)
                0x08004a30                __udivmoddi4
 .text.stdio_exit_handler
                0x08004cec       0x18 C:/CLionToolchains/gcc-arm-none-eabi-10.3-2021.10/bin/../lib/gcc/arm-none-eabi/13.3.1/thumb/v7e-m+fp/hard\libg.a(libc_a-findfp.o)
 .text.cleanup_stdio
                0x08004d04       0x40 C:/CLionToolchains/gcc-arm-none-eabi-10.3-2021.10/bin/../lib/gcc/arm-none-eabi/13.3.1/thumb/v7e-m+fp/hard\libg.a(libc_a-findfp.o)
 .text.global_stdio_init.part.0
                0x08004d44       0xf0 C:/CLionToolchains/gcc-arm-none-eabi-10.3-2021.10/bin/../lib/gcc/arm-none-eabi/13.3.1/thumb/v7e-m+fp/hard\libg.a(libc_a-findfp.o)
 .text.__sinit  0x08004e34       0x3c C:/CLionToolchains/gcc-arm-none-eabi-10.3-2021.10/bin/../lib/gcc/arm-none-eabi/13.3.1/thumb/v7e-m+fp/hard\libg.a(libc_a-findfp.o)
                0x08004e34                __sinit
 .text.__sfp_lock_acquire
                0x08004e70        0xc C:/CLionToolchains/gcc-arm-none-eabi-10.3-2021.10/bin/../lib/gcc/arm-none-eabi/13.3.1/thumb/v7e-m+fp/hard\libg.a(libc_a-findfp.o)
                0x08004e70                __sfp_lock_acquire
 .text.__sfp_lock_release
                0x08004e7c        0xc C:/CLionToolchains/gcc-arm-none-eabi-10.3-2021.10/bin/../lib/gcc/arm-none-eabi/13.3.1/thumb/v7e-m+fp/hard\libg.a(libc_a-findfp.o)
                0x08004e7c                __sfp_lock_release
 .text._fwalk_sglue
                0x08004e88       0x44 C:/CLionToolchains/gcc-arm-none-eabi-10.3-2021.10/bin/../lib/gcc/arm-none-eabi/13.3.1/thumb/v7e-m+fp/hard\libg.a(libc_a-fwalk.o)
                0x08004e88                _fwalk_sglue
 .text.__sread  0x08004ecc       0x24 C:/CLionToolchains/gcc-arm-none-eabi-10.3-2021.10/bin/../lib/gcc/arm-none-eabi/13.3.1/thumb/v7e-m+fp/hard\libg.a(libc_a-stdio.o)
                0x08004ecc                __sread
 .text.__swrite
                0x08004ef0       0x40 C:/CLionToolchains/gcc-arm-none-eabi-10.3-2021.10/bin/../lib/gcc/arm-none-eabi/13.3.1/thumb/v7e-m+fp/hard\libg.a(libc_a-stdio.o)
                0x08004ef0                __swrite
 .text.__sseek  0x08004f30       0x24 C:/CLionToolchains/gcc-arm-none-eabi-10.3-2021.10/bin/../lib/gcc/arm-none-eabi/13.3.1/thumb/v7e-m+fp/hard\libg.a(libc_a-stdio.o)
                0x08004f30                __sseek
 .text.__sclose
                0x08004f54        0x8 C:/CLionToolchains/gcc-arm-none-eabi-10.3-2021.10/bin/../lib/gcc/arm-none-eabi/13.3.1/thumb/v7e-m+fp/hard\libg.a(libc_a-stdio.o)
                0x08004f54                __sclose
 .text.vsprintf
                0x08004f5c       0x38 C:/CLionToolchains/gcc-arm-none-eabi-10.3-2021.10/bin/../lib/gcc/arm-none-eabi/13.3.1/thumb/v7e-m+fp/hard\libg.a(libc_a-vsprintf.o)
                0x08004f5c                vsprintf
 .text.memset   0x08004f94       0xa4 C:/CLionToolchains/gcc-arm-none-eabi-10.3-2021.10/bin/../lib/gcc/arm-none-eabi/13.3.1/thumb/v7e-m+fp/hard\libg.a(libc_a-memset.o)
                0x08004f94                memset
 .text._close_r
                0x08005038       0x24 C:/CLionToolchains/gcc-arm-none-eabi-10.3-2021.10/bin/../lib/gcc/arm-none-eabi/13.3.1/thumb/v7e-m+fp/hard\libg.a(libc_a-closer.o)
                0x08005038                _close_r
 .text._reclaim_reent
                0x0800505c       0x6c C:/CLionToolchains/gcc-arm-none-eabi-10.3-2021.10/bin/../lib/gcc/arm-none-eabi/13.3.1/thumb/v7e-m+fp/hard\libg.a(libc_a-reent.o)
                0x0800505c                _reclaim_reent
 .text._lseek_r
                0x080050c8       0x2c C:/CLionToolchains/gcc-arm-none-eabi-10.3-2021.10/bin/../lib/gcc/arm-none-eabi/13.3.1/thumb/v7e-m+fp/hard\libg.a(libc_a-lseekr.o)
                0x080050c8                _lseek_r
 .text._read_r  0x080050f4       0x2c C:/CLionToolchains/gcc-arm-none-eabi-10.3-2021.10/bin/../lib/gcc/arm-none-eabi/13.3.1/thumb/v7e-m+fp/hard\libg.a(libc_a-readr.o)
                0x080050f4                _read_r
 .text._write_r
                0x08005120       0x2c C:/CLionToolchains/gcc-arm-none-eabi-10.3-2021.10/bin/../lib/gcc/arm-none-eabi/13.3.1/thumb/v7e-m+fp/hard\libg.a(libc_a-writer.o)
                0x08005120                _write_r
 .text.__errno  0x0800514c        0xc C:/CLionToolchains/gcc-arm-none-eabi-10.3-2021.10/bin/../lib/gcc/arm-none-eabi/13.3.1/thumb/v7e-m+fp/hard\libg.a(libc_a-errno.o)
                0x0800514c                __errno
 .text.__libc_init_array
                0x08005158       0x50 C:/CLionToolchains/gcc-arm-none-eabi-10.3-2021.10/bin/../lib/gcc/arm-none-eabi/13.3.1/thumb/v7e-m+fp/hard\libg.a(libc_a-init.o)
                0x08005158                __libc_init_array
 .text.__retarget_lock_init_recursive
                0x080051a8        0x4 C:/CLionToolchains/gcc-arm-none-eabi-10.3-2021.10/bin/../lib/gcc/arm-none-eabi/13.3.1/thumb/v7e-m+fp/hard\libg.a(libc_a-lock.o)
                0x080051a8                __retarget_lock_init_recursive
 .text.__retarget_lock_close_recursive
                0x080051ac        0x4 C:/CLionToolchains/gcc-arm-none-eabi-10.3-2021.10/bin/../lib/gcc/arm-none-eabi/13.3.1/thumb/v7e-m+fp/hard\libg.a(libc_a-lock.o)
                0x080051ac                __retarget_lock_close_recursive
 .text.__retarget_lock_acquire_recursive
                0x080051b0        0x4 C:/CLionToolchains/gcc-arm-none-eabi-10.3-2021.10/bin/../lib/gcc/arm-none-eabi/13.3.1/thumb/v7e-m+fp/hard\libg.a(libc_a-lock.o)
                0x080051b0                __retarget_lock_acquire_recursive
 .text.__retarget_lock_release_recursive
                0x080051b4        0x4 C:/CLionToolchains/gcc-arm-none-eabi-10.3-2021.10/bin/../lib/gcc/arm-none-eabi/13.3.1/thumb/v7e-m+fp/hard\libg.a(libc_a-lock.o)
                0x080051b4                __retarget_lock_release_recursive
 .text.startup.register_fini
                0x080051b8       0x14 C:/CLionToolchains/gcc-arm-none-eabi-10.3-2021.10/bin/../lib/gcc/arm-none-eabi/13.3.1/thumb/v7e-m+fp/hard\libg.a(libc_a-__call_atexit.o)
 .text.atexit   0x080051cc        0xc C:/CLionToolchains/gcc-arm-none-eabi-10.3-2021.10/bin/../lib/gcc/arm-none-eabi/13.3.1/thumb/v7e-m+fp/hard\libg.a(libc_a-atexit.o)
                0x080051cc                atexit
 .text._malloc_trim_r
                0x080051d8       0xb8 C:/CLionToolchains/gcc-arm-none-eabi-10.3-2021.10/bin/../lib/gcc/arm-none-eabi/13.3.1/thumb/v7e-m+fp/hard\libg.a(libc_a-freer.o)
                0x080051d8                _malloc_trim_r
 .text._free_r  0x08005290      0x1f8 C:/CLionToolchains/gcc-arm-none-eabi-10.3-2021.10/bin/../lib/gcc/arm-none-eabi/13.3.1/thumb/v7e-m+fp/hard\libg.a(libc_a-freer.o)
                0x08005290                _free_r
 .text._malloc_r
                0x08005488      0x564 C:/CLionToolchains/gcc-arm-none-eabi-10.3-2021.10/bin/../lib/gcc/arm-none-eabi/13.3.1/thumb/v7e-m+fp/hard\libg.a(libc_a-mallocr.o)
                0x08005488                _malloc_r
 .text.__malloc_lock
                0x080059ec        0xc C:/CLionToolchains/gcc-arm-none-eabi-10.3-2021.10/bin/../lib/gcc/arm-none-eabi/13.3.1/thumb/v7e-m+fp/hard\libg.a(libc_a-mlock.o)
                0x080059ec                __malloc_lock
 .text.__malloc_unlock
                0x080059f8        0xc C:/CLionToolchains/gcc-arm-none-eabi-10.3-2021.10/bin/../lib/gcc/arm-none-eabi/13.3.1/thumb/v7e-m+fp/hard\libg.a(libc_a-mlock.o)
                0x080059f8                __malloc_unlock
 *fill*         0x08005a04        0x4 
 .text._svfprintf_r
                0x08005a08     0x1b3c C:/CLionToolchains/gcc-arm-none-eabi-10.3-2021.10/bin/../lib/gcc/arm-none-eabi/13.3.1/thumb/v7e-m+fp/hard\libg.a(libc_a-svfprintf.o)
                0x08005a08                _svfprintf_r
 .text.__ssprint_r
                0x08007544       0x58 C:/CLionToolchains/gcc-arm-none-eabi-10.3-2021.10/bin/../lib/gcc/arm-none-eabi/13.3.1/thumb/v7e-m+fp/hard\libg.a(libc_a-ssprint_r.o)
                0x08007544                __ssprint_r
 .text._fclose_r
                0x0800759c       0xc0 C:/CLionToolchains/gcc-arm-none-eabi-10.3-2021.10/bin/../lib/gcc/arm-none-eabi/13.3.1/thumb/v7e-m+fp/hard\libg.a(libc_a-fclose.o)
                0x0800759c                _fclose_r
 .text.__sflush_r
                0x0800765c      0x138 C:/CLionToolchains/gcc-arm-none-eabi-10.3-2021.10/bin/../lib/gcc/arm-none-eabi/13.3.1/thumb/v7e-m+fp/hard\libg.a(libc_a-fflush.o)
                0x0800765c                __sflush_r
 .text._fflush_r
                0x08007794       0x54 C:/CLionToolchains/gcc-arm-none-eabi-10.3-2021.10/bin/../lib/gcc/arm-none-eabi/13.3.1/thumb/v7e-m+fp/hard\libg.a(libc_a-fflush.o)
                0x08007794                _fflush_r
 .text.strncpy  0x080077e8       0x68 C:/CLionToolchains/gcc-arm-none-eabi-10.3-2021.10/bin/../lib/gcc/arm-none-eabi/13.3.1/thumb/v7e-m+fp/hard\libg.a(libc_a-strncpy.o)
                0x080077e8                strncpy
 .text.__locale_mb_cur_max
                0x08007850        0xc C:/CLionToolchains/gcc-arm-none-eabi-10.3-2021.10/bin/../lib/gcc/arm-none-eabi/13.3.1/thumb/v7e-m+fp/hard\libg.a(libc_a-locale.o)
                0x08007850                __locale_mb_cur_max
 .text._localeconv_r
                0x0800785c        0x8 C:/CLionToolchains/gcc-arm-none-eabi-10.3-2021.10/bin/../lib/gcc/arm-none-eabi/13.3.1/thumb/v7e-m+fp/hard\libg.a(libc_a-localeconv.o)
                0x0800785c                _localeconv_r
 .text._sbrk_r  0x08007864       0x24 C:/CLionToolchains/gcc-arm-none-eabi-10.3-2021.10/bin/../lib/gcc/arm-none-eabi/13.3.1/thumb/v7e-m+fp/hard\libg.a(libc_a-sbrkr.o)
                0x08007864                _sbrk_r
 .text.__libc_fini_array
                0x08007888       0x28 C:/CLionToolchains/gcc-arm-none-eabi-10.3-2021.10/bin/../lib/gcc/arm-none-eabi/13.3.1/thumb/v7e-m+fp/hard\libg.a(libc_a-fini.o)
                0x08007888                __libc_fini_array
 .text.sysconf  0x080078b0       0x1c C:/CLionToolchains/gcc-arm-none-eabi-10.3-2021.10/bin/../lib/gcc/arm-none-eabi/13.3.1/thumb/v7e-m+fp/hard\libg.a(libc_a-sysconf.o)
                0x080078b0                sysconf
 .text.frexp    0x080078cc       0x64 C:/CLionToolchains/gcc-arm-none-eabi-10.3-2021.10/bin/../lib/gcc/arm-none-eabi/13.3.1/thumb/v7e-m+fp/hard\libg.a(libm_a-s_frexp.o)
                0x080078cc                frexp
 .text.__register_exitproc
                0x08007930       0x80 C:/CLionToolchains/gcc-arm-none-eabi-10.3-2021.10/bin/../lib/gcc/arm-none-eabi/13.3.1/thumb/v7e-m+fp/hard\libg.a(libc_a-__atexit.o)
                0x08007930                __register_exitproc
 .text.quorem   0x080079b0      0x12c C:/CLionToolchains/gcc-arm-none-eabi-10.3-2021.10/bin/../lib/gcc/arm-none-eabi/13.3.1/thumb/v7e-m+fp/hard\libg.a(libc_a-dtoa.o)
 *fill*         0x08007adc        0x4 
 .text._dtoa_r  0x08007ae0      0xe80 C:/CLionToolchains/gcc-arm-none-eabi-10.3-2021.10/bin/../lib/gcc/arm-none-eabi/13.3.1/thumb/v7e-m+fp/hard\libg.a(libc_a-dtoa.o)
                0x08007ae0                _dtoa_r
 .text.__ascii_mbtowc
                0x08008960       0x2c C:/CLionToolchains/gcc-arm-none-eabi-10.3-2021.10/bin/../lib/gcc/arm-none-eabi/13.3.1/thumb/v7e-m+fp/hard\libg.a(libc_a-mbtowc_r.o)
                0x08008960                __ascii_mbtowc
 .text._Balloc  0x0800898c       0x4c C:/CLionToolchains/gcc-arm-none-eabi-10.3-2021.10/bin/../lib/gcc/arm-none-eabi/13.3.1/thumb/v7e-m+fp/hard\libg.a(libc_a-mprec.o)
                0x0800898c                _Balloc
 .text._Bfree   0x080089d8       0x14 C:/CLionToolchains/gcc-arm-none-eabi-10.3-2021.10/bin/../lib/gcc/arm-none-eabi/13.3.1/thumb/v7e-m+fp/hard\libg.a(libc_a-mprec.o)
                0x080089d8                _Bfree
 .text.__multadd
                0x080089ec       0xa0 C:/CLionToolchains/gcc-arm-none-eabi-10.3-2021.10/bin/../lib/gcc/arm-none-eabi/13.3.1/thumb/v7e-m+fp/hard\libg.a(libc_a-mprec.o)
                0x080089ec                __multadd
 .text.__hi0bits
                0x08008a8c       0x44 C:/CLionToolchains/gcc-arm-none-eabi-10.3-2021.10/bin/../lib/gcc/arm-none-eabi/13.3.1/thumb/v7e-m+fp/hard\libg.a(libc_a-mprec.o)
                0x08008a8c                __hi0bits
 .text.__lo0bits
                0x08008ad0       0x60 C:/CLionToolchains/gcc-arm-none-eabi-10.3-2021.10/bin/../lib/gcc/arm-none-eabi/13.3.1/thumb/v7e-m+fp/hard\libg.a(libc_a-mprec.o)
                0x08008ad0                __lo0bits
 .text.__i2b    0x08008b30       0x5c C:/CLionToolchains/gcc-arm-none-eabi-10.3-2021.10/bin/../lib/gcc/arm-none-eabi/13.3.1/thumb/v7e-m+fp/hard\libg.a(libc_a-mprec.o)
                0x08008b30                __i2b
 .text.__multiply
                0x08008b8c      0x16c C:/CLionToolchains/gcc-arm-none-eabi-10.3-2021.10/bin/../lib/gcc/arm-none-eabi/13.3.1/thumb/v7e-m+fp/hard\libg.a(libc_a-mprec.o)
                0x08008b8c                __multiply
 .text.__pow5mult
                0x08008cf8       0xb4 C:/CLionToolchains/gcc-arm-none-eabi-10.3-2021.10/bin/../lib/gcc/arm-none-eabi/13.3.1/thumb/v7e-m+fp/hard\libg.a(libc_a-mprec.o)
                0x08008cf8                __pow5mult
 .text.__lshift
                0x08008dac       0xf0 C:/CLionToolchains/gcc-arm-none-eabi-10.3-2021.10/bin/../lib/gcc/arm-none-eabi/13.3.1/thumb/v7e-m+fp/hard\libg.a(libc_a-mprec.o)
                0x08008dac                __lshift
 .text.__mcmp   0x08008e9c       0x44 C:/CLionToolchains/gcc-arm-none-eabi-10.3-2021.10/bin/../lib/gcc/arm-none-eabi/13.3.1/thumb/v7e-m+fp/hard\libg.a(libc_a-mprec.o)
                0x08008e9c                __mcmp
 .text.__mdiff  0x08008ee0      0x178 C:/CLionToolchains/gcc-arm-none-eabi-10.3-2021.10/bin/../lib/gcc/arm-none-eabi/13.3.1/thumb/v7e-m+fp/hard\libg.a(libc_a-mprec.o)
                0x08008ee0                __mdiff
 .text.__d2b    0x08009058       0xc0 C:/CLionToolchains/gcc-arm-none-eabi-10.3-2021.10/bin/../lib/gcc/arm-none-eabi/13.3.1/thumb/v7e-m+fp/hard\libg.a(libc_a-mprec.o)
                0x08009058                __d2b
 .text.__ascii_wctomb
                0x08009118       0x1c C:/CLionToolchains/gcc-arm-none-eabi-10.3-2021.10/bin/../lib/gcc/arm-none-eabi/13.3.1/thumb/v7e-m+fp/hard\libg.a(libc_a-wctomb_r.o)
                0x08009118                __ascii_wctomb
 .text._wcrtomb_r
                0x08009134       0x4c C:/CLionToolchains/gcc-arm-none-eabi-10.3-2021.10/bin/../lib/gcc/arm-none-eabi/13.3.1/thumb/v7e-m+fp/hard\libg.a(libc_a-wcrtomb.o)
                0x08009134                _wcrtomb_r
 .text._wcsrtombs_r
                0x08009180       0x18 C:/CLionToolchains/gcc-arm-none-eabi-10.3-2021.10/bin/../lib/gcc/arm-none-eabi/13.3.1/thumb/v7e-m+fp/hard\libg.a(libc_a-wcsrtombs.o)
                0x08009180                _wcsrtombs_r
 .text.__ssputs_r
                0x08009198       0xc0 C:/CLionToolchains/gcc-arm-none-eabi-10.3-2021.10/bin/../lib/gcc/arm-none-eabi/13.3.1/thumb/v7e-m+fp/hard\libg.a(libc_a-ssputs_r.o)
                0x08009198                __ssputs_r
 .text.memmove  0x08009258      0x100 C:/CLionToolchains/gcc-arm-none-eabi-10.3-2021.10/bin/../lib/gcc/arm-none-eabi/13.3.1/thumb/v7e-m+fp/hard\libg.a(libc_a-memmove.o)
                0x08009258                memmove
 .text.__assert_func
                0x08009358       0x40 C:/CLionToolchains/gcc-arm-none-eabi-10.3-2021.10/bin/../lib/gcc/arm-none-eabi/13.3.1/thumb/v7e-m+fp/hard\libg.a(libc_a-assert.o)
                0x08009358                __assert_func
 .text._calloc_r
                0x08009398       0x6c C:/CLionToolchains/gcc-arm-none-eabi-10.3-2021.10/bin/../lib/gcc/arm-none-eabi/13.3.1/thumb/v7e-m+fp/hard\libg.a(libc_a-callocr.o)
                0x08009398                _calloc_r
 .text._realloc_r
                0x08009404      0x344 C:/CLionToolchains/gcc-arm-none-eabi-10.3-2021.10/bin/../lib/gcc/arm-none-eabi/13.3.1/thumb/v7e-m+fp/hard\libg.a(libc_a-reallocr.o)
                0x08009404                _realloc_r
 .text._wcsnrtombs_l
                0x08009748       0xfc C:/CLionToolchains/gcc-arm-none-eabi-10.3-2021.10/bin/../lib/gcc/arm-none-eabi/13.3.1/thumb/v7e-m+fp/hard\libg.a(libc_a-wcsnrtombs.o)
                0x08009748                _wcsnrtombs_l
 .text._wcsnrtombs_r
                0x08009844       0x24 C:/CLionToolchains/gcc-arm-none-eabi-10.3-2021.10/bin/../lib/gcc/arm-none-eabi/13.3.1/thumb/v7e-m+fp/hard\libg.a(libc_a-wcsnrtombs.o)
                0x08009844                _wcsnrtombs_r
 .text.fiprintf
                0x08009868       0x28 C:/CLionToolchains/gcc-arm-none-eabi-10.3-2021.10/bin/../lib/gcc/arm-none-eabi/13.3.1/thumb/v7e-m+fp/hard\libg.a(libc_a-fiprintf.o)
                0x08009868                fiprintf
 .text._vfiprintf_r
                0x08009890      0xe68 C:/CLionToolchains/gcc-arm-none-eabi-10.3-2021.10/bin/../lib/gcc/arm-none-eabi/13.3.1/thumb/v7e-m+fp/hard\libg.a(libc_a-vfiprintf.o)
                0x08009890                _vfiprintf_r
 .text.__sbprintf
                0x0800a6f8       0x80 C:/CLionToolchains/gcc-arm-none-eabi-10.3-2021.10/bin/../lib/gcc/arm-none-eabi/13.3.1/thumb/v7e-m+fp/hard\libg.a(libc_a-vfiprintf.o)
 .text.__sprint_r
                0x0800a778       0x20 C:/CLionToolchains/gcc-arm-none-eabi-10.3-2021.10/bin/../lib/gcc/arm-none-eabi/13.3.1/thumb/v7e-m+fp/hard\libg.a(libc_a-sprint_r.o)
                0x0800a778                __sprint_r
 .text.__sfvwrite_r
                0x0800a798      0x300 C:/CLionToolchains/gcc-arm-none-eabi-10.3-2021.10/bin/../lib/gcc/arm-none-eabi/13.3.1/thumb/v7e-m+fp/hard\libg.a(libc_a-fvwrite.o)
                0x0800a798                __sfvwrite_r
 .text.__swsetup_r
                0x0800aa98       0xc4 C:/CLionToolchains/gcc-arm-none-eabi-10.3-2021.10/bin/../lib/gcc/arm-none-eabi/13.3.1/thumb/v7e-m+fp/hard\libg.a(libc_a-wsetup.o)
                0x0800aa98                __swsetup_r
 .text.abort    0x0800ab5c       0x10 C:/CLionToolchains/gcc-arm-none-eabi-10.3-2021.10/bin/../lib/gcc/arm-none-eabi/13.3.1/thumb/v7e-m+fp/hard\libg.a(libc_a-abort.o)
                0x0800ab5c                abort
 .text.__smakebuf_r
                0x0800ab6c       0xdc C:/CLionToolchains/gcc-arm-none-eabi-10.3-2021.10/bin/../lib/gcc/arm-none-eabi/13.3.1/thumb/v7e-m+fp/hard\libg.a(libc_a-makebuf.o)
                0x0800ab6c                __smakebuf_r
 .text.raise    0x0800ac48       0x58 C:/CLionToolchains/gcc-arm-none-eabi-10.3-2021.10/bin/../lib/gcc/arm-none-eabi/13.3.1/thumb/v7e-m+fp/hard\libg.a(libc_a-signal.o)
                0x0800ac48                raise
 .text._fstat_r
                0x0800aca0       0x2c C:/CLionToolchains/gcc-arm-none-eabi-10.3-2021.10/bin/../lib/gcc/arm-none-eabi/13.3.1/thumb/v7e-m+fp/hard\libg.a(libc_a-fstatr.o)
                0x0800aca0                _fstat_r
 .text._isatty_r
                0x0800accc       0x24 C:/CLionToolchains/gcc-arm-none-eabi-10.3-2021.10/bin/../lib/gcc/arm-none-eabi/13.3.1/thumb/v7e-m+fp/hard\libg.a(libc_a-isattyr.o)
                0x0800accc                _isatty_r
 .text._kill_r  0x0800acf0       0x2c C:/CLionToolchains/gcc-arm-none-eabi-10.3-2021.10/bin/../lib/gcc/arm-none-eabi/13.3.1/thumb/v7e-m+fp/hard\libg.a(libc_a-signalr.o)
                0x0800acf0                _kill_r
 .text._getpid_r
                0x0800ad1c        0x4 C:/CLionToolchains/gcc-arm-none-eabi-10.3-2021.10/bin/../lib/gcc/arm-none-eabi/13.3.1/thumb/v7e-m+fp/hard\libg.a(libc_a-signalr.o)
                0x0800ad1c                _getpid_r
 *(.glue_7)
 .glue_7        0x0800ad20        0x0 linker stubs
 *(.glue_7t)
 .glue_7t       0x0800ad20        0x0 linker stubs
 *(.eh_frame)
 .eh_frame      0x0800ad20        0x0 C:/CLionToolchains/gcc-arm-none-eabi-10.3-2021.10/bin/../lib/gcc/arm-none-eabi/13.3.1/thumb/v7e-m+fp/hard/crtbegin.o
 *(.init)
 .init          0x0800ad20        0x4 C:/CLionToolchains/gcc-arm-none-eabi-10.3-2021.10/bin/../lib/gcc/arm-none-eabi/13.3.1/thumb/v7e-m+fp/hard/crti.o
                0x0800ad20                _init
 .init          0x0800ad24        0x8 C:/CLionToolchains/gcc-arm-none-eabi-10.3-2021.10/bin/../lib/gcc/arm-none-eabi/13.3.1/thumb/v7e-m+fp/hard/crtn.o
 *(.fini)
 .fini          0x0800ad2c        0x4 C:/CLionToolchains/gcc-arm-none-eabi-10.3-2021.10/bin/../lib/gcc/arm-none-eabi/13.3.1/thumb/v7e-m+fp/hard/crti.o
                0x0800ad2c                _fini
 .fini          0x0800ad30        0x8 C:/CLionToolchains/gcc-arm-none-eabi-10.3-2021.10/bin/../lib/gcc/arm-none-eabi/13.3.1/thumb/v7e-m+fp/hard/crtn.o
                0x0800ad38                        . = ALIGN (0x4)
                0x0800ad38                        _etext = .

.vfp11_veneer   0x0800ad38        0x0
 .vfp11_veneer  0x0800ad38        0x0 linker stubs

.v4_bx          0x0800ad38        0x0
 .v4_bx         0x0800ad38        0x0 linker stubs

.iplt           0x0800ad38        0x0
 .iplt          0x0800ad38        0x0 C:/CLionToolchains/gcc-arm-none-eabi-10.3-2021.10/bin/../lib/gcc/arm-none-eabi/13.3.1/thumb/v7e-m+fp/hard/crtbegin.o

.rodata         0x0800ad38      0x4bc
                0x0800ad38                        . = ALIGN (0x4)
 *(.rodata)
 .rodata        0x0800ad38       0x70 CMakeFiles/motor_mit_control.elf.dir/Core/Src/freertos.c.obj
 *(.rodata*)
 .rodata.str1.4
                0x0800ada8      0x1e7 CMakeFiles/motor_mit_control.elf.dir/Core/Src/freertos.c.obj
                                 0x24 (size before relaxing)
 *fill*         0x0800af8f        0x1 
 .rodata.APBPrescTable
                0x0800af90        0x8 CMakeFiles/motor_mit_control.elf.dir/Core/Src/system_stm32f4xx.c.obj
                0x0800af90                APBPrescTable
 .rodata.AHBPrescTable
                0x0800af98       0x10 CMakeFiles/motor_mit_control.elf.dir/Core/Src/system_stm32f4xx.c.obj
                0x0800af98                AHBPrescTable
 .rodata.flagBitshiftOffset.0
                0x0800afa8        0x8 CMakeFiles/motor_mit_control.elf.dir/Drivers/STM32F4xx_HAL_Driver/Src/stm32f4xx_hal_dma.c.obj
 .rodata.vTaskStartScheduler.str1.4
                0x0800afb0        0x5 CMakeFiles/motor_mit_control.elf.dir/Middlewares/Third_Party/FreeRTOS/Source/tasks.c.obj
 .rodata.DEBUG_PRINT_TASK.str1.4
                0x0800afb0        0x9 CMakeFiles/motor_mit_control.elf.dir/codemf/Src/DEBUG_PRINT_TASK.c.obj
 .rodata.CanComm_ControlCmd.str1.4
                0x0800afb0        0x8 CMakeFiles/motor_mit_control.elf.dir/codemf/Src/can_comm.c.obj
 .rodata._svfprintf_r.str1.4
                0x0800afb0       0x42 C:/CLionToolchains/gcc-arm-none-eabi-10.3-2021.10/bin/../lib/gcc/arm-none-eabi/13.3.1/thumb/v7e-m+fp/hard\libg.a(libc_a-svfprintf.o)
 .rodata.zeroes.0
                0x0800afb0       0x10 C:/CLionToolchains/gcc-arm-none-eabi-10.3-2021.10/bin/../lib/gcc/arm-none-eabi/13.3.1/thumb/v7e-m+fp/hard\libg.a(libc_a-svfprintf.o)
 .rodata.blanks.1
                0x0800afc0       0x10 C:/CLionToolchains/gcc-arm-none-eabi-10.3-2021.10/bin/../lib/gcc/arm-none-eabi/13.3.1/thumb/v7e-m+fp/hard\libg.a(libc_a-svfprintf.o)
 .rodata.str1.4
                0x0800afd0       0x4c C:/CLionToolchains/gcc-arm-none-eabi-10.3-2021.10/bin/../lib/gcc/arm-none-eabi/13.3.1/thumb/v7e-m+fp/hard\libg.a(libc_a-locale.o)
 .rodata._dtoa_r.str1.4
                0x0800afd0       0x81 C:/CLionToolchains/gcc-arm-none-eabi-10.3-2021.10/bin/../lib/gcc/arm-none-eabi/13.3.1/thumb/v7e-m+fp/hard\libg.a(libc_a-dtoa.o)
 .rodata.__multadd.str1.4
                0x0800afd0       0x6e C:/CLionToolchains/gcc-arm-none-eabi-10.3-2021.10/bin/../lib/gcc/arm-none-eabi/13.3.1/thumb/v7e-m+fp/hard\libg.a(libc_a-mprec.o)
 .rodata.p05.0  0x0800afd0        0xc C:/CLionToolchains/gcc-arm-none-eabi-10.3-2021.10/bin/../lib/gcc/arm-none-eabi/13.3.1/thumb/v7e-m+fp/hard\libg.a(libc_a-mprec.o)
 *fill*         0x0800afdc        0x4 
 .rodata.__mprec_bigtens
                0x0800afe0       0x28 C:/CLionToolchains/gcc-arm-none-eabi-10.3-2021.10/bin/../lib/gcc/arm-none-eabi/13.3.1/thumb/v7e-m+fp/hard\libg.a(libc_a-mprec.o)
                0x0800afe0                __mprec_bigtens
 .rodata.__mprec_tens
                0x0800b008       0xc8 C:/CLionToolchains/gcc-arm-none-eabi-10.3-2021.10/bin/../lib/gcc/arm-none-eabi/13.3.1/thumb/v7e-m+fp/hard\libg.a(libc_a-mprec.o)
                0x0800b008                __mprec_tens
 .rodata._ctype_
                0x0800b0d0      0x101 C:/CLionToolchains/gcc-arm-none-eabi-10.3-2021.10/bin/../lib/gcc/arm-none-eabi/13.3.1/thumb/v7e-m+fp/hard\libg.a(libc_a-ctype_.o)
                0x0800b0d0                _ctype_
 .rodata.__assert_func.str1.4
                0x0800b1d1       0x43 C:/CLionToolchains/gcc-arm-none-eabi-10.3-2021.10/bin/../lib/gcc/arm-none-eabi/13.3.1/thumb/v7e-m+fp/hard\libg.a(libc_a-assert.o)
 .rodata._vfiprintf_r.str1.4
                0x0800b1d1       0x2f C:/CLionToolchains/gcc-arm-none-eabi-10.3-2021.10/bin/../lib/gcc/arm-none-eabi/13.3.1/thumb/v7e-m+fp/hard\libg.a(libc_a-vfiprintf.o)
 *fill*         0x0800b1d1        0x3 
 .rodata.zeroes.0
                0x0800b1d4       0x10 C:/CLionToolchains/gcc-arm-none-eabi-10.3-2021.10/bin/../lib/gcc/arm-none-eabi/13.3.1/thumb/v7e-m+fp/hard\libg.a(libc_a-vfiprintf.o)
 .rodata.blanks.1
                0x0800b1e4       0x10 C:/CLionToolchains/gcc-arm-none-eabi-10.3-2021.10/bin/../lib/gcc/arm-none-eabi/13.3.1/thumb/v7e-m+fp/hard\libg.a(libc_a-vfiprintf.o)
                0x0800b1f4                        . = ALIGN (0x4)

.ARM.extab      0x0800b1f4        0x0
                0x0800b1f4                        . = ALIGN (0x4)
 *(.ARM.extab* .gnu.linkonce.armextab.*)
                0x0800b1f4                        . = ALIGN (0x4)

.ARM            0x0800b1f4        0x8
                0x0800b1f4                        . = ALIGN (0x4)
                0x0800b1f4                        __exidx_start = .
 *(.ARM.exidx*)
 .ARM.exidx     0x0800b1f4        0x8 C:/CLionToolchains/gcc-arm-none-eabi-10.3-2021.10/bin/../lib/gcc/arm-none-eabi/13.3.1/thumb/v7e-m+fp/hard\libg.a(libc_a-memcpy.o)
 .ARM.exidx     0x0800b1fc        0x0 C:/CLionToolchains/gcc-arm-none-eabi-10.3-2021.10/bin/../lib/gcc/arm-none-eabi/13.3.1/thumb/v7e-m+fp/hard\libg.a(libc_a-memchr.o)
                                  0x8 (size before relaxing)
 .ARM.exidx     0x0800b1fc        0x0 C:/CLionToolchains/gcc-arm-none-eabi-10.3-2021.10/bin/../lib/gcc/arm-none-eabi/13.3.1/thumb/v7e-m+fp/hard\libg.a(libc_a-strlen.o)
                                  0x8 (size before relaxing)
 .ARM.exidx.text.__udivmoddi4
                0x0800b1fc        0x0 C:/CLionToolchains/gcc-arm-none-eabi-10.3-2021.10/bin/../lib/gcc/arm-none-eabi/13.3.1/thumb/v7e-m+fp/hard\libgcc.a(_udivmoddi4.o)
                                  0x8 (size before relaxing)
                0x0800b1fc                        __exidx_end = .
                0x0800b1fc                        . = ALIGN (0x4)

.preinit_array  0x0800b1fc        0x0
                0x0800b1fc                        . = ALIGN (0x4)
                0x0800b1fc                        PROVIDE (__preinit_array_start = .)
 *(.preinit_array*)
                0x0800b1fc                        PROVIDE (__preinit_array_end = .)
                0x0800b1fc                        . = ALIGN (0x4)

.init_array     0x0800b1fc        0x8
                0x0800b1fc                        . = ALIGN (0x4)
                0x0800b1fc                        PROVIDE (__init_array_start = .)
 *(SORT_BY_NAME(.init_array.*))
 .init_array.00000
                0x0800b1fc        0x4 C:/CLionToolchains/gcc-arm-none-eabi-10.3-2021.10/bin/../lib/gcc/arm-none-eabi/13.3.1/thumb/v7e-m+fp/hard\libg.a(libc_a-__call_atexit.o)
 *(.init_array*)
 .init_array    0x0800b200        0x4 C:/CLionToolchains/gcc-arm-none-eabi-10.3-2021.10/bin/../lib/gcc/arm-none-eabi/13.3.1/thumb/v7e-m+fp/hard/crtbegin.o
                0x0800b204                        PROVIDE (__init_array_end = .)
                0x0800b204                        . = ALIGN (0x4)

.fini_array     0x0800b204        0x4
                0x0800b204                        . = ALIGN (0x4)
                0x0800b204                        PROVIDE (__fini_array_start = .)
 *(SORT_BY_NAME(.fini_array.*))
 *(.fini_array*)
 .fini_array    0x0800b204        0x4 C:/CLionToolchains/gcc-arm-none-eabi-10.3-2021.10/bin/../lib/gcc/arm-none-eabi/13.3.1/thumb/v7e-m+fp/hard/crtbegin.o
                0x0800b208                        PROVIDE (__fini_array_end = .)
                0x0800b208                        . = ALIGN (0x4)
                0x0800b208                        _sidata = LOADADDR (.data)

.rel.dyn        0x0800b208        0x0
 .rel.iplt      0x0800b208        0x0 C:/CLionToolchains/gcc-arm-none-eabi-10.3-2021.10/bin/../lib/gcc/arm-none-eabi/13.3.1/thumb/v7e-m+fp/hard/crtbegin.o

.data           0x20000000      0x6e4 load address 0x0800b208
                0x20000000                        . = ALIGN (0x4)
                0x20000000                        _sdata = .
 *(.data)
 *(.data*)
 .data.SystemCoreClock
                0x20000000        0x4 CMakeFiles/motor_mit_control.elf.dir/Core/Src/system_stm32f4xx.c.obj
                0x20000000                SystemCoreClock
 .data.uwTickFreq
                0x20000004        0x1 CMakeFiles/motor_mit_control.elf.dir/Drivers/STM32F4xx_HAL_Driver/Src/stm32f4xx_hal.c.obj
                0x20000004                uwTickFreq
 *fill*         0x20000005        0x3 
 .data.uwTickPrio
                0x20000008        0x4 CMakeFiles/motor_mit_control.elf.dir/Drivers/STM32F4xx_HAL_Driver/Src/stm32f4xx_hal.c.obj
                0x20000008                uwTickPrio
 .data.uxCriticalNesting
                0x2000000c        0x4 CMakeFiles/motor_mit_control.elf.dir/Middlewares/Third_Party/FreeRTOS/Source/portable/GCC/ARM_CM4F/port.c.obj
 .data.__sglue  0x20000010        0xc C:/CLionToolchains/gcc-arm-none-eabi-10.3-2021.10/bin/../lib/gcc/arm-none-eabi/13.3.1/thumb/v7e-m+fp/hard\libg.a(libc_a-findfp.o)
                0x20000010                __sglue
 .data._impure_ptr
                0x2000001c        0x4 C:/CLionToolchains/gcc-arm-none-eabi-10.3-2021.10/bin/../lib/gcc/arm-none-eabi/13.3.1/thumb/v7e-m+fp/hard\libg.a(libc_a-impure.o)
                0x2000001c                _impure_ptr
 .data._impure_data
                0x20000020      0x140 C:/CLionToolchains/gcc-arm-none-eabi-10.3-2021.10/bin/../lib/gcc/arm-none-eabi/13.3.1/thumb/v7e-m+fp/hard\libg.a(libc_a-impure.o)
                0x20000020                _impure_data
 .data.__atexit_recursive_mutex
                0x20000160        0x4 C:/CLionToolchains/gcc-arm-none-eabi-10.3-2021.10/bin/../lib/gcc/arm-none-eabi/13.3.1/thumb/v7e-m+fp/hard\libg.a(libc_a-__call_atexit.o)
                0x20000160                __atexit_recursive_mutex
 .data.__malloc_sbrk_base
                0x20000164        0x4 C:/CLionToolchains/gcc-arm-none-eabi-10.3-2021.10/bin/../lib/gcc/arm-none-eabi/13.3.1/thumb/v7e-m+fp/hard\libg.a(libc_a-mallocr.o)
                0x20000164                __malloc_sbrk_base
 .data.__malloc_trim_threshold
                0x20000168        0x4 C:/CLionToolchains/gcc-arm-none-eabi-10.3-2021.10/bin/../lib/gcc/arm-none-eabi/13.3.1/thumb/v7e-m+fp/hard\libg.a(libc_a-mallocr.o)
                0x20000168                __malloc_trim_threshold
 *fill*         0x2000016c        0x4 
 .data.__malloc_av_
                0x20000170      0x408 C:/CLionToolchains/gcc-arm-none-eabi-10.3-2021.10/bin/../lib/gcc/arm-none-eabi/13.3.1/thumb/v7e-m+fp/hard\libg.a(libc_a-mallocr.o)
                0x20000170                __malloc_av_
 .data.__global_locale
                0x20000578      0x16c C:/CLionToolchains/gcc-arm-none-eabi-10.3-2021.10/bin/../lib/gcc/arm-none-eabi/13.3.1/thumb/v7e-m+fp/hard\libg.a(libc_a-locale.o)
                0x20000578                __global_locale
 *(.RamFunc)
 *(.RamFunc*)
                0x200006e4                        . = ALIGN (0x4)
                0x200006e4                        _edata = .
                0x0800b8ec                        _siccmram = LOADADDR (.ccmram)

.tm_clone_table
                0x200006e4        0x0 load address 0x0800b8ec
 .tm_clone_table
                0x200006e4        0x0 C:/CLionToolchains/gcc-arm-none-eabi-10.3-2021.10/bin/../lib/gcc/arm-none-eabi/13.3.1/thumb/v7e-m+fp/hard/crtbegin.o
 .tm_clone_table
                0x200006e4        0x0 C:/CLionToolchains/gcc-arm-none-eabi-10.3-2021.10/bin/../lib/gcc/arm-none-eabi/13.3.1/thumb/v7e-m+fp/hard/crtend.o

.igot.plt       0x200006e4        0x0 load address 0x0800b8ec
 .igot.plt      0x200006e4        0x0 C:/CLionToolchains/gcc-arm-none-eabi-10.3-2021.10/bin/../lib/gcc/arm-none-eabi/13.3.1/thumb/v7e-m+fp/hard/crtbegin.o

.ccmram         0x10000000        0x0 load address 0x0800b8ec
                0x10000000                        . = ALIGN (0x4)
                0x10000000                        _sccmram = .
 *(.ccmram)
 *(.ccmram*)
                0x10000000                        . = ALIGN (0x4)
                0x10000000                        _eccmram = .
                0x10000000                        . = ALIGN (0x4)

.bss            0x200006e8     0x4790
                0x200006e8                        _sbss = .
                0x200006e8                        __bss_start__ = _sbss
 *(.bss)
 *(.bss*)
 .bss.completed.1
                0x200006e8        0x1 C:/CLionToolchains/gcc-arm-none-eabi-10.3-2021.10/bin/../lib/gcc/arm-none-eabi/13.3.1/thumb/v7e-m+fp/hard/crtbegin.o
 *fill*         0x200006e9        0x3 
 .bss.object.0  0x200006ec       0x18 C:/CLionToolchains/gcc-arm-none-eabi-10.3-2021.10/bin/../lib/gcc/arm-none-eabi/13.3.1/thumb/v7e-m+fp/hard/crtbegin.o
 .bss.HAL_RCC_CAN1_CLK_ENABLED
                0x20000704        0x4 CMakeFiles/motor_mit_control.elf.dir/Core/Src/can.c.obj
 .bss.hcan2     0x20000708       0x28 CMakeFiles/motor_mit_control.elf.dir/Core/Src/can.c.obj
                0x20000708                hcan2
 .bss.hcan1     0x20000730       0x28 CMakeFiles/motor_mit_control.elf.dir/Core/Src/can.c.obj
                0x20000730                hcan1
 .bss.xIdleStack
                0x20000758      0x200 CMakeFiles/motor_mit_control.elf.dir/Core/Src/freertos.c.obj
 .bss.xIdleTaskTCBBuffer
                0x20000958      0x198 CMakeFiles/motor_mit_control.elf.dir/Core/Src/freertos.c.obj
 .bss.motorHandle
                0x20000af0        0x4 CMakeFiles/motor_mit_control.elf.dir/Core/Src/freertos.c.obj
                0x20000af0                motorHandle
 .bss.debug_printHandle
                0x20000af4        0x4 CMakeFiles/motor_mit_control.elf.dir/Core/Src/freertos.c.obj
                0x20000af4                debug_printHandle
 .bss.ledHandle
                0x20000af8        0x4 CMakeFiles/motor_mit_control.elf.dir/Core/Src/freertos.c.obj
                0x20000af8                ledHandle
 .bss.defaultTaskHandle
                0x20000afc        0x4 CMakeFiles/motor_mit_control.elf.dir/Core/Src/freertos.c.obj
                0x20000afc                defaultTaskHandle
 .bss.htim7     0x20000b00       0x48 CMakeFiles/motor_mit_control.elf.dir/Core/Src/stm32f4xx_hal_timebase_tim.c.obj
                0x20000b00                htim7
 .bss.__sbrk_heap_end
                0x20000b48        0x4 CMakeFiles/motor_mit_control.elf.dir/Core/Src/sysmem.c.obj
 .bss.hdma_usart6_tx
                0x20000b4c       0x60 CMakeFiles/motor_mit_control.elf.dir/Core/Src/usart.c.obj
                0x20000b4c                hdma_usart6_tx
 .bss.hdma_usart6_rx
                0x20000bac       0x60 CMakeFiles/motor_mit_control.elf.dir/Core/Src/usart.c.obj
                0x20000bac                hdma_usart6_rx
 .bss.hdma_usart1_tx
                0x20000c0c       0x60 CMakeFiles/motor_mit_control.elf.dir/Core/Src/usart.c.obj
                0x20000c0c                hdma_usart1_tx
 .bss.huart6    0x20000c6c       0x48 CMakeFiles/motor_mit_control.elf.dir/Core/Src/usart.c.obj
                0x20000c6c                huart6
 .bss.huart1    0x20000cb4       0x48 CMakeFiles/motor_mit_control.elf.dir/Core/Src/usart.c.obj
                0x20000cb4                huart1
 .bss.uwTick    0x20000cfc        0x4 CMakeFiles/motor_mit_control.elf.dir/Drivers/STM32F4xx_HAL_Driver/Src/stm32f4xx_hal.c.obj
                0x20000cfc                uwTick
 .bss.ulMaxPRIGROUPValue
                0x20000d00        0x4 CMakeFiles/motor_mit_control.elf.dir/Middlewares/Third_Party/FreeRTOS/Source/portable/GCC/ARM_CM4F/port.c.obj
 .bss.ucMaxSysCallPriority
                0x20000d04        0x1 CMakeFiles/motor_mit_control.elf.dir/Middlewares/Third_Party/FreeRTOS/Source/portable/GCC/ARM_CM4F/port.c.obj
 *fill*         0x20000d05        0x3 
 .bss.xBlockAllocatedBit
                0x20000d08        0x4 CMakeFiles/motor_mit_control.elf.dir/Middlewares/Third_Party/FreeRTOS/Source/portable/MemMang/heap_4.c.obj
 .bss.xNumberOfSuccessfulFrees
                0x20000d0c        0x4 CMakeFiles/motor_mit_control.elf.dir/Middlewares/Third_Party/FreeRTOS/Source/portable/MemMang/heap_4.c.obj
 .bss.xNumberOfSuccessfulAllocations
                0x20000d10        0x4 CMakeFiles/motor_mit_control.elf.dir/Middlewares/Third_Party/FreeRTOS/Source/portable/MemMang/heap_4.c.obj
 .bss.xMinimumEverFreeBytesRemaining
                0x20000d14        0x4 CMakeFiles/motor_mit_control.elf.dir/Middlewares/Third_Party/FreeRTOS/Source/portable/MemMang/heap_4.c.obj
 .bss.xFreeBytesRemaining
                0x20000d18        0x4 CMakeFiles/motor_mit_control.elf.dir/Middlewares/Third_Party/FreeRTOS/Source/portable/MemMang/heap_4.c.obj
 .bss.pxEnd     0x20000d1c        0x4 CMakeFiles/motor_mit_control.elf.dir/Middlewares/Third_Party/FreeRTOS/Source/portable/MemMang/heap_4.c.obj
 .bss.xStart    0x20000d20        0x8 CMakeFiles/motor_mit_control.elf.dir/Middlewares/Third_Party/FreeRTOS/Source/portable/MemMang/heap_4.c.obj
 .bss.ucHeap    0x20000d28     0x3c00 CMakeFiles/motor_mit_control.elf.dir/Middlewares/Third_Party/FreeRTOS/Source/portable/MemMang/heap_4.c.obj
 .bss.uxSchedulerSuspended
                0x20004928        0x4 CMakeFiles/motor_mit_control.elf.dir/Middlewares/Third_Party/FreeRTOS/Source/tasks.c.obj
 .bss.xIdleTaskHandle
                0x2000492c        0x4 CMakeFiles/motor_mit_control.elf.dir/Middlewares/Third_Party/FreeRTOS/Source/tasks.c.obj
 .bss.xNextTaskUnblockTime
                0x20004930        0x4 CMakeFiles/motor_mit_control.elf.dir/Middlewares/Third_Party/FreeRTOS/Source/tasks.c.obj
 .bss.uxTaskNumber
                0x20004934        0x4 CMakeFiles/motor_mit_control.elf.dir/Middlewares/Third_Party/FreeRTOS/Source/tasks.c.obj
 .bss.xNumOfOverflows
                0x20004938        0x4 CMakeFiles/motor_mit_control.elf.dir/Middlewares/Third_Party/FreeRTOS/Source/tasks.c.obj
 .bss.xYieldPending
                0x2000493c        0x4 CMakeFiles/motor_mit_control.elf.dir/Middlewares/Third_Party/FreeRTOS/Source/tasks.c.obj
 .bss.xPendedTicks
                0x20004940        0x4 CMakeFiles/motor_mit_control.elf.dir/Middlewares/Third_Party/FreeRTOS/Source/tasks.c.obj
 .bss.xSchedulerRunning
                0x20004944        0x4 CMakeFiles/motor_mit_control.elf.dir/Middlewares/Third_Party/FreeRTOS/Source/tasks.c.obj
 .bss.uxTopReadyPriority
                0x20004948        0x4 CMakeFiles/motor_mit_control.elf.dir/Middlewares/Third_Party/FreeRTOS/Source/tasks.c.obj
 .bss.xTickCount
                0x2000494c        0x4 CMakeFiles/motor_mit_control.elf.dir/Middlewares/Third_Party/FreeRTOS/Source/tasks.c.obj
 .bss.uxCurrentNumberOfTasks
                0x20004950        0x4 CMakeFiles/motor_mit_control.elf.dir/Middlewares/Third_Party/FreeRTOS/Source/tasks.c.obj
 .bss.xSuspendedTaskList
                0x20004954       0x14 CMakeFiles/motor_mit_control.elf.dir/Middlewares/Third_Party/FreeRTOS/Source/tasks.c.obj
 .bss.uxDeletedTasksWaitingCleanUp
                0x20004968        0x4 CMakeFiles/motor_mit_control.elf.dir/Middlewares/Third_Party/FreeRTOS/Source/tasks.c.obj
 .bss.xTasksWaitingTermination
                0x2000496c       0x14 CMakeFiles/motor_mit_control.elf.dir/Middlewares/Third_Party/FreeRTOS/Source/tasks.c.obj
 .bss.xPendingReadyList
                0x20004980       0x14 CMakeFiles/motor_mit_control.elf.dir/Middlewares/Third_Party/FreeRTOS/Source/tasks.c.obj
 .bss.pxOverflowDelayedTaskList
                0x20004994        0x4 CMakeFiles/motor_mit_control.elf.dir/Middlewares/Third_Party/FreeRTOS/Source/tasks.c.obj
 .bss.pxDelayedTaskList
                0x20004998        0x4 CMakeFiles/motor_mit_control.elf.dir/Middlewares/Third_Party/FreeRTOS/Source/tasks.c.obj
 .bss.xDelayedTaskList2
                0x2000499c       0x14 CMakeFiles/motor_mit_control.elf.dir/Middlewares/Third_Party/FreeRTOS/Source/tasks.c.obj
 .bss.xDelayedTaskList1
                0x200049b0       0x14 CMakeFiles/motor_mit_control.elf.dir/Middlewares/Third_Party/FreeRTOS/Source/tasks.c.obj
 .bss.pxReadyTasksLists
                0x200049c4       0x8c CMakeFiles/motor_mit_control.elf.dir/Middlewares/Third_Party/FreeRTOS/Source/tasks.c.obj
 .bss.pxCurrentTCB
                0x20004a50        0x4 CMakeFiles/motor_mit_control.elf.dir/Middlewares/Third_Party/FreeRTOS/Source/tasks.c.obj
                0x20004a50                pxCurrentTCB
 .bss.speed     0x20004a54        0x4 CMakeFiles/motor_mit_control.elf.dir/codemf/Src/can_comm.c.obj
                0x20004a54                speed
 .bss.angle     0x20004a58        0x4 CMakeFiles/motor_mit_control.elf.dir/codemf/Src/can_comm.c.obj
                0x20004a58                angle
 .bss.len.0     0x20004a5c        0x2 CMakeFiles/motor_mit_control.elf.dir/codemf/Src/uart_printf.c.obj
 *fill*         0x20004a5e        0x2 
 .bss.tx_buf.1  0x20004a60      0x100 CMakeFiles/motor_mit_control.elf.dir/codemf/Src/uart_printf.c.obj
 .bss.ap.2      0x20004b60        0x4 CMakeFiles/motor_mit_control.elf.dir/codemf/Src/uart_printf.c.obj
 .bss.__sf      0x20004b64      0x138 C:/CLionToolchains/gcc-arm-none-eabi-10.3-2021.10/bin/../lib/gcc/arm-none-eabi/13.3.1/thumb/v7e-m+fp/hard\libg.a(libc_a-findfp.o)
                0x20004b64                __sf
 .bss.__stdio_exit_handler
                0x20004c9c        0x4 C:/CLionToolchains/gcc-arm-none-eabi-10.3-2021.10/bin/../lib/gcc/arm-none-eabi/13.3.1/thumb/v7e-m+fp/hard\libg.a(libc_a-findfp.o)
                0x20004c9c                __stdio_exit_handler
 .bss.errno     0x20004ca0        0x4 C:/CLionToolchains/gcc-arm-none-eabi-10.3-2021.10/bin/../lib/gcc/arm-none-eabi/13.3.1/thumb/v7e-m+fp/hard\libg.a(libc_a-reent.o)
                0x20004ca0                errno
 .bss.__lock___malloc_recursive_mutex
                0x20004ca4        0x1 C:/CLionToolchains/gcc-arm-none-eabi-10.3-2021.10/bin/../lib/gcc/arm-none-eabi/13.3.1/thumb/v7e-m+fp/hard\libg.a(libc_a-lock.o)
                0x20004ca4                __lock___malloc_recursive_mutex
 *fill*         0x20004ca5        0x3 
 .bss.__lock___atexit_recursive_mutex
                0x20004ca8        0x1 C:/CLionToolchains/gcc-arm-none-eabi-10.3-2021.10/bin/../lib/gcc/arm-none-eabi/13.3.1/thumb/v7e-m+fp/hard\libg.a(libc_a-lock.o)
                0x20004ca8                __lock___atexit_recursive_mutex
 *fill*         0x20004ca9        0x3 
 .bss.__lock___sfp_recursive_mutex
                0x20004cac        0x1 C:/CLionToolchains/gcc-arm-none-eabi-10.3-2021.10/bin/../lib/gcc/arm-none-eabi/13.3.1/thumb/v7e-m+fp/hard\libg.a(libc_a-lock.o)
                0x20004cac                __lock___sfp_recursive_mutex
 *fill*         0x20004cad        0x3 
 .bss.__atexit  0x20004cb0        0x4 C:/CLionToolchains/gcc-arm-none-eabi-10.3-2021.10/bin/../lib/gcc/arm-none-eabi/13.3.1/thumb/v7e-m+fp/hard\libg.a(libc_a-__call_atexit.o)
                0x20004cb0                __atexit
 .bss.__malloc_current_mallinfo
                0x20004cb4       0x28 C:/CLionToolchains/gcc-arm-none-eabi-10.3-2021.10/bin/../lib/gcc/arm-none-eabi/13.3.1/thumb/v7e-m+fp/hard\libg.a(libc_a-mallocr.o)
                0x20004cb4                __malloc_current_mallinfo
 .bss.__malloc_max_total_mem
                0x20004cdc        0x4 C:/CLionToolchains/gcc-arm-none-eabi-10.3-2021.10/bin/../lib/gcc/arm-none-eabi/13.3.1/thumb/v7e-m+fp/hard\libg.a(libc_a-mallocr.o)
                0x20004cdc                __malloc_max_total_mem
 .bss.__malloc_max_sbrked_mem
                0x20004ce0        0x4 C:/CLionToolchains/gcc-arm-none-eabi-10.3-2021.10/bin/../lib/gcc/arm-none-eabi/13.3.1/thumb/v7e-m+fp/hard\libg.a(libc_a-mallocr.o)
                0x20004ce0                __malloc_max_sbrked_mem
 .bss.__malloc_top_pad
                0x20004ce4        0x4 C:/CLionToolchains/gcc-arm-none-eabi-10.3-2021.10/bin/../lib/gcc/arm-none-eabi/13.3.1/thumb/v7e-m+fp/hard\libg.a(libc_a-mallocr.o)
                0x20004ce4                __malloc_top_pad
 .bss.__atexit0
                0x20004ce8      0x190 C:/CLionToolchains/gcc-arm-none-eabi-10.3-2021.10/bin/../lib/gcc/arm-none-eabi/13.3.1/thumb/v7e-m+fp/hard\libg.a(libc_a-__atexit.o)
                0x20004ce8                __atexit0
 *(COMMON)
                0x20004e78                        . = ALIGN (0x4)
                0x20004e78                        _ebss = .
                0x20004e78                        __bss_end__ = _ebss

._user_heap_stack
                0x20004e78      0x600
                0x20004e78                        . = ALIGN (0x8)
                [!provide]                        PROVIDE (end = .)
                0x20004e78                        PROVIDE (_end = .)
                0x20005078                        . = (. + _Min_Heap_Size)
 *fill*         0x20004e78      0x200 
                0x20005478                        . = (. + _Min_Stack_Size)
 *fill*         0x20005078      0x400 
                0x20005478                        . = ALIGN (0x8)

/DISCARD/
 libc.a(*)
 libm.a(*)
 libgcc.a(*)

.ARM.attributes
                0x00000000       0x30
 *(.ARM.attributes)
 .ARM.attributes
                0x00000000       0x22 C:/CLionToolchains/gcc-arm-none-eabi-10.3-2021.10/bin/../lib/gcc/arm-none-eabi/13.3.1/thumb/v7e-m+fp/hard/crti.o
 .ARM.attributes
                0x00000022       0x34 C:/CLionToolchains/gcc-arm-none-eabi-10.3-2021.10/bin/../lib/gcc/arm-none-eabi/13.3.1/thumb/v7e-m+fp/hard/crtbegin.o
 .ARM.attributes
                0x00000056       0x34 CMakeFiles/motor_mit_control.elf.dir/Core/Src/can.c.obj
 .ARM.attributes
                0x0000008a       0x34 CMakeFiles/motor_mit_control.elf.dir/Core/Src/dma.c.obj
 .ARM.attributes